###############################################################################
#
# IAR ELF Linker V7.80.1.11864/W32 for ARM                12/May/2017  02:25:45
# Copyright 2007-2016 IAR Systems AB.
#
#    Output file  =  
#        C:\Users\Goragod\Desktop\STM32F7\Project\STM32F7-Nucleo\EWARM\Debug\Exe\STM32F7-Nucleo-DVFS.out
#    Map file     =  
#        C:\Users\Goragod\Desktop\STM32F7\Project\STM32F7-Nucleo\EWARM\Debug\List\STM32F7-Nucleo-DVFS.map
#    Command line =  
#        C:\Users\Goragod\Desktop\STM32F7\Project\STM32F7-Nucleo\EWARM\Debug\Obj\croutine.o
#        C:\Users\Goragod\Desktop\STM32F7\Project\STM32F7-Nucleo\EWARM\Debug\Obj\event_groups.o
#        C:\Users\Goragod\Desktop\STM32F7\Project\STM32F7-Nucleo\EWARM\Debug\Obj\heap_4.o
#        C:\Users\Goragod\Desktop\STM32F7\Project\STM32F7-Nucleo\EWARM\Debug\Obj\list.o
#        C:\Users\Goragod\Desktop\STM32F7\Project\STM32F7-Nucleo\EWARM\Debug\Obj\main.o
#        C:\Users\Goragod\Desktop\STM32F7\Project\STM32F7-Nucleo\EWARM\Debug\Obj\perf_config.o
#        C:\Users\Goragod\Desktop\STM32F7\Project\STM32F7-Nucleo\EWARM\Debug\Obj\port.o
#        C:\Users\Goragod\Desktop\STM32F7\Project\STM32F7-Nucleo\EWARM\Debug\Obj\portasm.o
#        C:\Users\Goragod\Desktop\STM32F7\Project\STM32F7-Nucleo\EWARM\Debug\Obj\queue.o
#        C:\Users\Goragod\Desktop\STM32F7\Project\STM32F7-Nucleo\EWARM\Debug\Obj\startup_stm32f767xx.o
#        C:\Users\Goragod\Desktop\STM32F7\Project\STM32F7-Nucleo\EWARM\Debug\Obj\stm32f7xx_it.o
#        C:\Users\Goragod\Desktop\STM32F7\Project\STM32F7-Nucleo\EWARM\Debug\Obj\stm32f7xx_ll_adc.o
#        C:\Users\Goragod\Desktop\STM32F7\Project\STM32F7-Nucleo\EWARM\Debug\Obj\stm32f7xx_ll_crc.o
#        C:\Users\Goragod\Desktop\STM32F7\Project\STM32F7-Nucleo\EWARM\Debug\Obj\stm32f7xx_ll_dac.o
#        C:\Users\Goragod\Desktop\STM32F7\Project\STM32F7-Nucleo\EWARM\Debug\Obj\stm32f7xx_ll_dma.o
#        C:\Users\Goragod\Desktop\STM32F7\Project\STM32F7-Nucleo\EWARM\Debug\Obj\stm32f7xx_ll_dma2d.o
#        C:\Users\Goragod\Desktop\STM32F7\Project\STM32F7-Nucleo\EWARM\Debug\Obj\stm32f7xx_ll_exti.o
#        C:\Users\Goragod\Desktop\STM32F7\Project\STM32F7-Nucleo\EWARM\Debug\Obj\stm32f7xx_ll_fmc.o
#        C:\Users\Goragod\Desktop\STM32F7\Project\STM32F7-Nucleo\EWARM\Debug\Obj\stm32f7xx_ll_gpio.o
#        C:\Users\Goragod\Desktop\STM32F7\Project\STM32F7-Nucleo\EWARM\Debug\Obj\stm32f7xx_ll_i2c.o
#        C:\Users\Goragod\Desktop\STM32F7\Project\STM32F7-Nucleo\EWARM\Debug\Obj\stm32f7xx_ll_lptim.o
#        C:\Users\Goragod\Desktop\STM32F7\Project\STM32F7-Nucleo\EWARM\Debug\Obj\stm32f7xx_ll_pwr.o
#        C:\Users\Goragod\Desktop\STM32F7\Project\STM32F7-Nucleo\EWARM\Debug\Obj\stm32f7xx_ll_rcc.o
#        C:\Users\Goragod\Desktop\STM32F7\Project\STM32F7-Nucleo\EWARM\Debug\Obj\stm32f7xx_ll_rng.o
#        C:\Users\Goragod\Desktop\STM32F7\Project\STM32F7-Nucleo\EWARM\Debug\Obj\stm32f7xx_ll_rtc.o
#        C:\Users\Goragod\Desktop\STM32F7\Project\STM32F7-Nucleo\EWARM\Debug\Obj\stm32f7xx_ll_sdmmc.o
#        C:\Users\Goragod\Desktop\STM32F7\Project\STM32F7-Nucleo\EWARM\Debug\Obj\stm32f7xx_ll_spi.o
#        C:\Users\Goragod\Desktop\STM32F7\Project\STM32F7-Nucleo\EWARM\Debug\Obj\stm32f7xx_ll_tim.o
#        C:\Users\Goragod\Desktop\STM32F7\Project\STM32F7-Nucleo\EWARM\Debug\Obj\stm32f7xx_ll_usart.o
#        C:\Users\Goragod\Desktop\STM32F7\Project\STM32F7-Nucleo\EWARM\Debug\Obj\stm32f7xx_ll_usb.o
#        C:\Users\Goragod\Desktop\STM32F7\Project\STM32F7-Nucleo\EWARM\Debug\Obj\stm32f7xx_ll_utils.o
#        C:\Users\Goragod\Desktop\STM32F7\Project\STM32F7-Nucleo\EWARM\Debug\Obj\system_stm32f7xx.o
#        C:\Users\Goragod\Desktop\STM32F7\Project\STM32F7-Nucleo\EWARM\Debug\Obj\tasks.o
#        C:\Users\Goragod\Desktop\STM32F7\Project\STM32F7-Nucleo\EWARM\Debug\Obj\timers.o
#        -o
#        C:\Users\Goragod\Desktop\STM32F7\Project\STM32F7-Nucleo\EWARM\Debug\Exe\STM32F7-Nucleo-DVFS.out
#        --map
#        C:\Users\Goragod\Desktop\STM32F7\Project\STM32F7-Nucleo\EWARM\Debug\List\STM32F7-Nucleo-DVFS.map
#        --config
#        C:\Users\Goragod\Desktop\STM32F7\Project\STM32F7-Nucleo\EWARM\stm32f767xx_flash.icf
#        --semihosting --entry __iar_program_start --vfe
#
###############################################################################

*******************************************************************************
*** RUNTIME MODEL ATTRIBUTES
***

CppFlavor       = *
__SystemLibrary = DLib


*******************************************************************************
*** PLACEMENT SUMMARY
***

"A0":  place at 0x08000000 { ro section .intvec };
"P1":  place in [from 0x08000000 to 0x081fffff] { ro };
"P2":  place in [from 0x20020000 to 0x2007ffff] { rw, block CSTACK, block HEAP };
initialize by copy { rw };

  Section            Kind        Address    Size  Object
  -------            ----        -------    ----  ------
"A0":                                      0x1f8
  .intvec            ro code  0x08000000   0x1f8  startup_stm32f767xx.o [1]
                            - 0x080001f8   0x1f8

"P1":                                     0x2180
  .text              ro code  0x080001f8   0x7dc  main.o [1]
  .text              ro code  0x080009d4   0x29c  perf_config.o [1]
  .text              ro code  0x08000c70   0x644  tasks.o [1]
  .text              ro code  0x080012b4     0xc  stm32f7xx_ll_utils.o [1]
  .text              ro code  0x080012c0   0x274  heap_4.o [1]
  .text              ro code  0x08001534    0x66  ABImemset.o [5]
  .text              ro code  0x0800159a    0x98  list.o [1]
  .text              ro code  0x08001634   0x108  port.o [1]
  .rodata            const    0x0800173c   0x550  perf_config.o [1]
  .rodata            const    0x08001c8c   0x250  perf_config.o [1]
  CODE               ro code  0x08001edc    0xac  portasm.o [1]
  .text              ro code  0x08001f88    0x6c  system_stm32f7xx.o [1]
  .text              ro code  0x08001ff4    0x40  stm32f7xx_it.o [1]
  .text              ro code  0x08002034    0x40  zero_init3.o [5]
  .text              ro code  0x08002074    0x2c  copy_init3.o [5]
  .text              ro code  0x080020a0    0x28  data_init.o [5]
  .text              ro code  0x080020c8    0x22  fpinit_M.o [4]
  .iar.init_table    const    0x080020ec    0x24  - Linker created -
  .text              ro code  0x08002110    0x1a  cmain.o [5]
  .text              ro code  0x0800212a     0x4  low_level_init.o [3]
  .text              ro code  0x0800212e     0x4  exit.o [3]
  .text              ro code  0x08002134     0xa  cexit.o [5]
  .text              ro code  0x08002140    0x14  exit.o [6]
  .rodata            const    0x08002154    0x10  main.o [1]
  .rodata            const    0x08002164    0x10  main.o [1]
  .rodata            const    0x08002174    0x10  main.o [1]
  .rodata            const    0x08002184    0x10  main.o [1]
  .rodata            const    0x08002194    0x10  perf_config.o [1]
  .text              ro code  0x080021a4    0x10  startup_stm32f767xx.o [1]
  .text              ro code  0x080021b4     0xc  cstartup_M.o [5]
  Initializer bytes  const    0x080021c0     0x8  <for P2-1>
  .rodata            const    0x080021c8     0x4  heap_4.o [1]
  .text              ro code  0x080021cc     0x4  startup_stm32f767xx.o [1]
  .text              ro code  0x080021d0     0x4  startup_stm32f767xx.o [1]
  .text              ro code  0x080021d4     0x4  startup_stm32f767xx.o [1]
  .text              ro code  0x080021d8     0x4  startup_stm32f767xx.o [1]
  .text              ro code  0x080021dc     0x4  startup_stm32f767xx.o [1]
  .text              ro code  0x080021e0     0x4  startup_stm32f767xx.o [1]
  .text              ro code  0x080021e4     0x4  startup_stm32f767xx.o [1]
  .text              ro code  0x080021e8     0x4  startup_stm32f767xx.o [1]
  .text              ro code  0x080021ec     0x4  startup_stm32f767xx.o [1]
  .text              ro code  0x080021f0     0x4  startup_stm32f767xx.o [1]
  .text              ro code  0x080021f4     0x4  startup_stm32f767xx.o [1]
  .text              ro code  0x080021f8     0x4  startup_stm32f767xx.o [1]
  .text              ro code  0x080021fc     0x4  startup_stm32f767xx.o [1]
  .text              ro code  0x08002200     0x4  startup_stm32f767xx.o [1]
  .text              ro code  0x08002204     0x4  startup_stm32f767xx.o [1]
  .text              ro code  0x08002208     0x4  startup_stm32f767xx.o [1]
  .text              ro code  0x0800220c     0x4  startup_stm32f767xx.o [1]
  .text              ro code  0x08002210     0x4  startup_stm32f767xx.o [1]
  .text              ro code  0x08002214     0x4  startup_stm32f767xx.o [1]
  .text              ro code  0x08002218     0x4  startup_stm32f767xx.o [1]
  .text              ro code  0x0800221c     0x4  startup_stm32f767xx.o [1]
  .text              ro code  0x08002220     0x4  startup_stm32f767xx.o [1]
  .text              ro code  0x08002224     0x4  startup_stm32f767xx.o [1]
  .text              ro code  0x08002228     0x4  startup_stm32f767xx.o [1]
  .text              ro code  0x0800222c     0x4  startup_stm32f767xx.o [1]
  .text              ro code  0x08002230     0x4  startup_stm32f767xx.o [1]
  .text              ro code  0x08002234     0x4  startup_stm32f767xx.o [1]
  .text              ro code  0x08002238     0x4  startup_stm32f767xx.o [1]
  .text              ro code  0x0800223c     0x4  startup_stm32f767xx.o [1]
  .text              ro code  0x08002240     0x4  startup_stm32f767xx.o [1]
  .text              ro code  0x08002244     0x4  startup_stm32f767xx.o [1]
  .text              ro code  0x08002248     0x4  startup_stm32f767xx.o [1]
  .text              ro code  0x0800224c     0x4  startup_stm32f767xx.o [1]
  .text              ro code  0x08002250     0x4  startup_stm32f767xx.o [1]
  .text              ro code  0x08002254     0x4  startup_stm32f767xx.o [1]
  .text              ro code  0x08002258     0x4  startup_stm32f767xx.o [1]
  .text              ro code  0x0800225c     0x4  startup_stm32f767xx.o [1]
  .text              ro code  0x08002260     0x4  startup_stm32f767xx.o [1]
  .text              ro code  0x08002264     0x4  startup_stm32f767xx.o [1]
  .text              ro code  0x08002268     0x4  startup_stm32f767xx.o [1]
  .text              ro code  0x0800226c     0x4  startup_stm32f767xx.o [1]
  .text              ro code  0x08002270     0x4  startup_stm32f767xx.o [1]
  .text              ro code  0x08002274     0x4  startup_stm32f767xx.o [1]
  .text              ro code  0x08002278     0x4  startup_stm32f767xx.o [1]
  .text              ro code  0x0800227c     0x4  startup_stm32f767xx.o [1]
  .text              ro code  0x08002280     0x4  startup_stm32f767xx.o [1]
  .text              ro code  0x08002284     0x4  startup_stm32f767xx.o [1]
  .text              ro code  0x08002288     0x4  startup_stm32f767xx.o [1]
  .text              ro code  0x0800228c     0x4  startup_stm32f767xx.o [1]
  .text              ro code  0x08002290     0x4  startup_stm32f767xx.o [1]
  .text              ro code  0x08002294     0x4  startup_stm32f767xx.o [1]
  .text              ro code  0x08002298     0x4  startup_stm32f767xx.o [1]
  .text              ro code  0x0800229c     0x4  startup_stm32f767xx.o [1]
  .text              ro code  0x080022a0     0x4  startup_stm32f767xx.o [1]
  .text              ro code  0x080022a4     0x4  startup_stm32f767xx.o [1]
  .text              ro code  0x080022a8     0x4  startup_stm32f767xx.o [1]
  .text              ro code  0x080022ac     0x4  startup_stm32f767xx.o [1]
  .text              ro code  0x080022b0     0x4  startup_stm32f767xx.o [1]
  .text              ro code  0x080022b4     0x4  startup_stm32f767xx.o [1]
  .text              ro code  0x080022b8     0x4  startup_stm32f767xx.o [1]
  .text              ro code  0x080022bc     0x4  startup_stm32f767xx.o [1]
  .text              ro code  0x080022c0     0x4  startup_stm32f767xx.o [1]
  .text              ro code  0x080022c4     0x4  startup_stm32f767xx.o [1]
  .text              ro code  0x080022c8     0x4  startup_stm32f767xx.o [1]
  .text              ro code  0x080022cc     0x4  startup_stm32f767xx.o [1]
  .text              ro code  0x080022d0     0x4  startup_stm32f767xx.o [1]
  .text              ro code  0x080022d4     0x4  startup_stm32f767xx.o [1]
  .text              ro code  0x080022d8     0x4  startup_stm32f767xx.o [1]
  .text              ro code  0x080022dc     0x4  startup_stm32f767xx.o [1]
  .text              ro code  0x080022e0     0x4  startup_stm32f767xx.o [1]
  .text              ro code  0x080022e4     0x4  startup_stm32f767xx.o [1]
  .text              ro code  0x080022e8     0x4  startup_stm32f767xx.o [1]
  .text              ro code  0x080022ec     0x4  startup_stm32f767xx.o [1]
  .text              ro code  0x080022f0     0x4  startup_stm32f767xx.o [1]
  .text              ro code  0x080022f4     0x4  startup_stm32f767xx.o [1]
  .text              ro code  0x080022f8     0x4  startup_stm32f767xx.o [1]
  .text              ro code  0x080022fc     0x4  startup_stm32f767xx.o [1]
  .text              ro code  0x08002300     0x4  startup_stm32f767xx.o [1]
  .text              ro code  0x08002304     0x4  startup_stm32f767xx.o [1]
  .text              ro code  0x08002308     0x4  startup_stm32f767xx.o [1]
  .text              ro code  0x0800230c     0x4  startup_stm32f767xx.o [1]
  .text              ro code  0x08002310     0x4  startup_stm32f767xx.o [1]
  .text              ro code  0x08002314     0x4  startup_stm32f767xx.o [1]
  .text              ro code  0x08002318     0x4  startup_stm32f767xx.o [1]
  .text              ro code  0x0800231c     0x4  startup_stm32f767xx.o [1]
  .text              ro code  0x08002320     0x4  startup_stm32f767xx.o [1]
  .text              ro code  0x08002324     0x4  startup_stm32f767xx.o [1]
  .text              ro code  0x08002328     0x4  startup_stm32f767xx.o [1]
  .text              ro code  0x0800232c     0x4  startup_stm32f767xx.o [1]
  .text              ro code  0x08002330     0x4  startup_stm32f767xx.o [1]
  .text              ro code  0x08002334     0x4  startup_stm32f767xx.o [1]
  .text              ro code  0x08002338     0x4  startup_stm32f767xx.o [1]
  .text              ro code  0x0800233c     0x4  startup_stm32f767xx.o [1]
  .text              ro code  0x08002340     0x4  startup_stm32f767xx.o [1]
  .text              ro code  0x08002344     0x4  startup_stm32f767xx.o [1]
  .text              ro code  0x08002348     0x4  startup_stm32f767xx.o [1]
  .text              ro code  0x0800234c     0x4  startup_stm32f767xx.o [1]
  .text              ro code  0x08002350     0x4  startup_stm32f767xx.o [1]
  .text              ro code  0x08002354     0x4  startup_stm32f767xx.o [1]
  .text              ro code  0x08002358     0x4  startup_stm32f767xx.o [1]
  .text              ro code  0x0800235c     0x4  startup_stm32f767xx.o [1]
  .text              ro code  0x08002360     0x4  startup_stm32f767xx.o [1]
  .text              ro code  0x08002364     0x4  startup_stm32f767xx.o [1]
  .text              ro code  0x08002368     0x4  startup_stm32f767xx.o [1]
  .text              ro code  0x0800236c     0x4  startup_stm32f767xx.o [1]
  .text              ro code  0x08002370     0x4  startup_stm32f767xx.o [1]
  .text              ro code  0x08002374     0x4  startup_stm32f767xx.o [1]
  .rodata            const    0x08002378     0x0  zero_init3.o [5]
  .rodata            const    0x08002378     0x0  copy_init3.o [5]
                            - 0x08002378  0x2180

"P2", part 1 of 3:                           0x8
  P2-1                        0x20020000     0x8  <Init block>
    .data            inited   0x20020000     0x4  port.o [1]
    .data            inited   0x20020004     0x4  system_stm32f7xx.o [1]
                            - 0x20020008     0x8

"P2", part 2 of 3:                        0x1000
  CSTACK                      0x20020008  0x1000  <Block>
    CSTACK           uninit   0x20020008  0x1000  <Block tail>
                            - 0x20021008  0x1000

"P2", part 3 of 3:                        0x3d58
  .bss               zero     0x20021008  0x3c00  heap_4.o [1]
  .bss               zero     0x20024c08    0x8c  tasks.o [1]
  .bss               zero     0x20024c94    0x14  tasks.o [1]
  .bss               zero     0x20024ca8    0x14  tasks.o [1]
  .bss               zero     0x20024cbc    0x14  tasks.o [1]
  .bss               zero     0x20024cd0    0x14  tasks.o [1]
  .bss               zero     0x20024ce4    0x14  tasks.o [1]
  .bss               zero     0x20024cf8    0x10  perf_config.o [1]
  .bss               zero     0x20024d08     0x8  heap_4.o [1]
  .bss               zero     0x20024d10     0x4  heap_4.o [1]
  .bss               zero     0x20024d14     0x4  heap_4.o [1]
  .bss               zero     0x20024d18     0x4  heap_4.o [1]
  .bss               zero     0x20024d1c     0x4  heap_4.o [1]
  .bss               zero     0x20024d20     0x4  main.o [1]
  .bss               zero     0x20024d24     0x4  main.o [1]
  .bss               zero     0x20024d28     0x4  tasks.o [1]
  .bss               zero     0x20024d2c     0x4  tasks.o [1]
  .bss               zero     0x20024d30     0x4  tasks.o [1]
  .bss               zero     0x20024d34     0x4  tasks.o [1]
  .bss               zero     0x20024d38     0x4  tasks.o [1]
  .bss               zero     0x20024d3c     0x4  tasks.o [1]
  .bss               zero     0x20024d40     0x4  tasks.o [1]
  .bss               zero     0x20024d44     0x4  tasks.o [1]
  .bss               zero     0x20024d48     0x4  tasks.o [1]
  .bss               zero     0x20024d4c     0x4  tasks.o [1]
  .bss               zero     0x20024d50     0x4  tasks.o [1]
  .bss               zero     0x20024d54     0x4  tasks.o [1]
  .bss               zero     0x20024d58     0x4  tasks.o [1]
  .bss               zero     0x20024d5c     0x1  main.o [1]
  .bss               zero     0x20024d5d     0x1  main.o [1]
  .bss               zero     0x20024d5e     0x1  main.o [1]
  .bss               zero     0x20024d5f     0x1  perf_config.o [1]
                            - 0x20024d60  0x3d58


*******************************************************************************
*** INIT TABLE
***

          Address     Size
          -------     ----
Zero (__iar_zero_init3)
    1 destination range, total size 0x3d58:
          0x20021008  0x3d58

Copy (__iar_copy_init3)
    1 source range, total size 0x8:
          0x080021c0     0x8
    1 destination range, total size 0x8:
          0x20020000     0x8



*******************************************************************************
*** MODULE SUMMARY
***

    Module                 ro code  ro data  rw data
    ------                 -------  -------  -------
C:\Users\Goragod\Desktop\STM32F7\Project\STM32F7-Nucleo\EWARM\Debug\Obj: [1]
    heap_4.o                   628        4   15 384
    list.o                     152
    main.o                   2 012       64       11
    perf_config.o              668    1 968       17
    port.o                     264        4        4
    portasm.o                  172
    startup_stm32f767xx.o      948
    stm32f7xx_it.o              64
    stm32f7xx_ll_utils.o        12
    system_stm32f7xx.o         108        4        4
    tasks.o                  1 604               292
    ------------------------------------------------
    Total:                   6 632    2 044   15 712

command line: [2]
    ------------------------------------------------
    Total:

dl7M_tln.a: [3]
    exit.o                       4
    low_level_init.o             4
    ------------------------------------------------
    Total:                       8

m7M_tlv.a: [4]
    fpinit_M.o                  34
    ------------------------------------------------
    Total:                      34

rt7M_tl.a: [5]
    ABImemset.o                102
    cexit.o                     10
    cmain.o                     26
    copy_init3.o                44
    cstartup_M.o                12
    data_init.o                 40
    zero_init3.o                64
    ------------------------------------------------
    Total:                     298

shb_l.a: [6]
    exit.o                      20
    ------------------------------------------------
    Total:                      20

    Gaps                         6        2
    Linker created                       36    4 096
----------------------------------------------------
    Grand Total:             6 998    2 082   19 808


*******************************************************************************
*** ENTRY LIST
***

Entry                      Address    Size  Type      Object
-----                      -------    ----  ----      ------
.iar.init_table$$Base   0x080020ec           --   Gb  - Linker created -
.iar.init_table$$Limit  0x08002110           --   Gb  - Linker created -
?main                   0x08002111          Code  Gb  cmain.o [5]
BusFault_Handler        0x0800200b     0x2  Code  Gb  stm32f7xx_it.o [1]
CSTACK$$Base            0x20020008           --   Gb  - Linker created -
CSTACK$$Limit           0x20021008           --   Gb  - Linker created -
ClkConfig               0x20024cf8    0x10  Data  Lc  perf_config.o [1]
ClockRateScale_High     0x08001c8c   0x250  Data  Gb  perf_config.o [1]
ClockRateScale_Low      0x0800173c   0x550  Data  Gb  perf_config.o [1]
ClockRateScale_Medium   0x08002194    0x10  Data  Gb  perf_config.o [1]
DebugMon_Handler        0x0800200f     0x2  Code  Gb  stm32f7xx_it.o [1]
HardFault_Handler       0x08002007     0x2  Code  Gb  stm32f7xx_it.o [1]
InitialAutoreload       0x20024d24     0x4  Data  Lc  main.o [1]
LL_AHB1_GRP1_EnableClock
                        0x08000269    0x20  Code  Lc  main.o [1]
LL_APB1_GRP1_EnableClock
                        0x08000289    0x20  Code  Lc  main.o [1]
LL_FLASH_SetLatency     0x08000367    0x14  Code  Lc  main.o [1]
LL_GPIO_SetPinMode      0x080003bb    0x30  Code  Lc  main.o [1]
LL_GPIO_TogglePin       0x080003eb     0x8  Code  Lc  main.o [1]
LL_MPU_ConfigRegion     0x08000415    0x24  Code  Lc  main.o [1]
LL_MPU_Disable          0x08000407     0xe  Code  Lc  main.o [1]
LL_MPU_Enable           0x080003f3    0x14  Code  Lc  main.o [1]
LL_PWR_DisableOverDriveMode
                        0x08000a4f     0xe  Code  Lc  perf_config.o [1]
LL_PWR_DisableOverDriveSwitching
                        0x08000a33     0xe  Code  Lc  perf_config.o [1]
LL_PWR_EnableOverDriveMode
                        0x0800038d    0x12  Code  Lc  main.o [1]
LL_PWR_EnableOverDriveMode
                        0x08000a41     0xe  Code  Lc  perf_config.o [1]
LL_PWR_EnableOverDriveSwitching
                        0x0800037b    0x12  Code  Lc  main.o [1]
LL_PWR_EnableOverDriveSwitching
                        0x08000a25     0xe  Code  Lc  perf_config.o [1]
LL_PWR_IsActiveFlag_OD  0x0800039f     0xe  Code  Lc  main.o [1]
LL_PWR_IsActiveFlag_OD  0x08000a6d     0xc  Code  Lc  perf_config.o [1]
LL_PWR_IsActiveFlag_ODSW
                        0x080003ad     0xe  Code  Lc  main.o [1]
LL_PWR_IsActiveFlag_ODSW
                        0x08000a79     0xc  Code  Lc  perf_config.o [1]
LL_PWR_SetRegulVoltageScaling
                        0x08000a5d    0x10  Code  Lc  perf_config.o [1]
LL_RCC_GetSysClkSource  0x080002dd     0xc  Code  Lc  main.o [1]
LL_RCC_GetSysClkSource  0x08000a95     0xa  Code  Lc  perf_config.o [1]
LL_RCC_HSE_Enable       0x080002a9    0x12  Code  Lc  main.o [1]
LL_RCC_HSE_IsReady      0x080002bb     0xe  Code  Lc  main.o [1]
LL_RCC_PLL_ConfigDomain_SYS
                        0x08000345    0x22  Code  Lc  main.o [1]
LL_RCC_PLL_ConfigDomain_SYS
                        0x08000ac7    0x1c  Code  Lc  perf_config.o [1]
LL_RCC_PLL_Disable      0x08000aad     0xe  Code  Lc  perf_config.o [1]
LL_RCC_PLL_Enable       0x08000325    0x12  Code  Lc  main.o [1]
LL_RCC_PLL_Enable       0x08000a9f     0xe  Code  Lc  perf_config.o [1]
LL_RCC_PLL_IsReady      0x08000337     0xe  Code  Lc  main.o [1]
LL_RCC_PLL_IsReady      0x08000abb     0xc  Code  Lc  perf_config.o [1]
LL_RCC_SetAHBPrescaler  0x080002e9    0x14  Code  Lc  main.o [1]
LL_RCC_SetAPB1Prescaler
                        0x080002fd    0x14  Code  Lc  main.o [1]
LL_RCC_SetAPB2Prescaler
                        0x08000311    0x14  Code  Lc  main.o [1]
LL_RCC_SetSysClkSource  0x080002c9    0x14  Code  Lc  main.o [1]
LL_RCC_SetSysClkSource  0x08000a85    0x10  Code  Lc  perf_config.o [1]
LL_SetSystemCoreClock   0x080012b5     0x6  Code  Gb  stm32f7xx_ll_utils.o [1]
LL_TIM_ClearFlag_UPDATE
                        0x08001ff5     0x8  Code  Lc  stm32f7xx_it.o [1]
LL_TIM_EnableCounter    0x08000439     0xa  Code  Lc  main.o [1]
LL_TIM_EnableIT_UPDATE  0x0800045b     0xa  Code  Lc  main.o [1]
LL_TIM_GenerateEvent_UPDATE
                        0x08000465     0xa  Code  Lc  main.o [1]
LL_TIM_GetPrescaler     0x08000453     0x4  Code  Lc  main.o [1]
LL_TIM_IsActiveFlag_UPDATE
                        0x08001ffd     0x8  Code  Lc  stm32f7xx_it.o [1]
LL_TIM_SetAutoReload    0x08000457     0x4  Code  Lc  main.o [1]
LL_TIM_SetCounterMode   0x08000443     0xc  Code  Lc  main.o [1]
LL_TIM_SetPrescaler     0x0800044f     0x4  Code  Lc  main.o [1]
MPU_Config              0x08000915    0x1a  Code  Lc  main.o [1]
MemManage_Handler       0x08002009     0x2  Code  Gb  stm32f7xx_it.o [1]
NMI_Handler             0x08002005     0x2  Code  Gb  stm32f7xx_it.o [1]
NVIC_EnableIRQ          0x080001f9    0x16  Code  Lc  main.o [1]
NVIC_SetPriority        0x0800020f    0x26  Code  Lc  main.o [1]
NVIC_SetPriority        0x080009d5    0x22  Code  Lc  perf_config.o [1]
PendSV_Handler          0x08001edd          Code  Gb  portasm.o [1]
Region$$Table$$Base     0x080020ec           --   Gb  - Linker created -
Region$$Table$$Limit    0x08002110           --   Gb  - Linker created -
SVC_Handler             0x08001f39          Code  Gb  portasm.o [1]
StandbyState            0x20024d5f     0x1  Data  Lc  perf_config.o [1]
SysTask1_Handler        0x20024d20     0x4  Data  Gb  main.o [1]
SysTask_1               0x080005d5    0xb4  Code  Lc  main.o [1]
SysTask_2               0x08000689    0xa8  Code  Lc  main.o [1]
SysTask_3               0x08000739    0xa4  Code  Lc  main.o [1]
SysTask_4               0x080007dd    0xa8  Code  Lc  main.o [1]
SysTick_Config          0x08000235    0x34  Code  Lc  main.o [1]
SysTick_Config          0x080009f7    0x2e  Code  Lc  perf_config.o [1]
SysTick_Handler         0x08002011     0x8  Code  Gb  stm32f7xx_it.o [1]
SystemClock_Config      0x08000893    0x82  Code  Gb  main.o [1]
SystemCoreClock         0x20020004     0x4  Data  Gb  system_stm32f7xx.o [1]
SystemInit              0x08001f89    0x4c  Code  Gb  system_stm32f7xx.o [1]
TEST_FUNC_TaskPerf_ClockRateSwitch
                        0x08000ae3   0x148  Code  Gb  perf_config.o [1]
TIM2_IRQHandler         0x08002019    0x1c  Code  Gb  stm32f7xx_it.o [1]
TaskPerf_TimerConfig    0x08000471    0x94  Code  Gb  main.o [1]
Task_DeadlineSupervisor
                        0x08000885     0xe  Code  Gb  main.o [1]
UsageFault_Handler      0x0800200d     0x2  Code  Gb  stm32f7xx_it.o [1]
__aeabi_memset          0x08001535          Code  Gb  ABImemset.o [5]
__cmain                 0x08002111          Code  Gb  cmain.o [5]
__exit                  0x08002141    0x14  Code  Gb  exit.o [6]
__iar_Memset            0x08001535          Code  Gb  ABImemset.o [5]
__iar_Memset_word       0x0800153d          Code  Gb  ABImemset.o [5]
__iar_copy_init3        0x08002075    0x2c  Code  Gb  copy_init3.o [5]
__iar_data_init3        0x080020a1    0x28  Code  Gb  data_init.o [5]
__iar_init_vfp          0x080020c9          Code  Gb  fpinit_M.o [4]
__iar_program_start     0x080021b5          Code  Gb  cstartup_M.o [5]
__iar_zero_init3        0x08002035    0x40  Code  Gb  zero_init3.o [5]
__low_level_init        0x0800212b     0x4  Code  Gb  low_level_init.o [3]
__vector_table          0x08000000          Data  Gb  startup_stm32f767xx.o [1]
_call_main              0x0800211d          Code  Gb  cmain.o [5]
_exit                   0x08002135          Code  Gb  cexit.o [5]
_main                   0x08002127          Code  Gb  cmain.o [5]
currTask                0x20024d5e     0x1  Data  Gb  main.o [1]
exit                    0x0800212f     0x4  Code  Gb  exit.o [3]
isDoneProc              0x20024d5d     0x1  Data  Gb  main.o [1]
isLowest_ClockRate      0x20024d5c     0x1  Data  Gb  main.o [1]
main                    0x08000505    0xce  Code  Gb  main.o [1]
prvAddCurrentTaskToDelayedList
                        0x08001209    0x80  Code  Lc  tasks.o [1]
prvAddNewTaskToReadyList
                        0x08000d9d    0xc0  Code  Lc  tasks.o [1]
prvHeapInit             0x08001457    0x64  Code  Lc  heap_4.o [1]
prvInitialiseNewTask    0x08000ce7    0xb6  Code  Lc  tasks.o [1]
prvInitialiseTaskLists  0x08001161    0x56  Code  Lc  tasks.o [1]
prvInsertBlockIntoFreeList
                        0x080014bb    0x5c  Code  Lc  heap_4.o [1]
prvResetNextTaskUnblockTime
                        0x080011c9    0x28  Code  Lc  tasks.o [1]
prvTaskExitError        0x0800165d    0x32  Code  Lc  port.o [1]
pvPortMalloc            0x080012c1   0x118  Code  Gb  heap_4.o [1]
pxCurrentTCB            0x20024d28     0x4  Data  Gb  tasks.o [1]
pxDelayedTaskList       0x20024d2c     0x4  Data  Lc  tasks.o [1]
pxEnd                   0x20024d10     0x4  Data  Lc  heap_4.o [1]
pxOverflowDelayedTaskList
                        0x20024d30     0x4  Data  Lc  tasks.o [1]
pxPortInitialiseStack   0x08001635    0x28  Code  Gb  port.o [1]
pxReadyTasksLists       0x20024c08    0x8c  Data  Lc  tasks.o [1]
ucHeap                  0x20021008  0x3c00  Data  Lc  heap_4.o [1]
uxCriticalNesting       0x20020000     0x4  Data  Lc  port.o [1]
uxCurrentNumberOfTasks  0x20024d34     0x4  Data  Lc  tasks.o [1]
uxListRemove            0x0800160d    0x26  Code  Gb  list.o [1]
uxPendedTicks           0x20024d44     0x4  Data  Lc  tasks.o [1]
uxSchedulerSuspended    0x20024d58     0x4  Data  Lc  tasks.o [1]
uxTaskNumber            0x20024d50     0x4  Data  Lc  tasks.o [1]
uxTopReadyPriority      0x20024d3c     0x4  Data  Lc  tasks.o [1]
vListInitialise         0x0800159b    0x1e  Code  Gb  list.o [1]
vListInitialiseItem     0x080015b9     0x6  Code  Gb  list.o [1]
vListInsert             0x080015d7    0x36  Code  Gb  list.o [1]
vListInsertEnd          0x080015bf    0x18  Code  Gb  list.o [1]
vPortEnableVFP          0x08001f6d          Code  Gb  portasm.o [1]
vPortEnterCritical      0x0800168f    0x42  Code  Gb  port.o [1]
vPortExitCritical       0x080016d1    0x36  Code  Gb  port.o [1]
vPortFree               0x080013d9    0x7e  Code  Gb  heap_4.o [1]
vPortStartFirstTask     0x08001f55          Code  Gb  portasm.o [1]
vTaskDelay              0x08000e5d    0x50  Code  Gb  tasks.o [1]
vTaskSuspendAll         0x08000ead    0x10  Code  Gb  tasks.o [1]
vTaskSwitchContext      0x080010d5    0x70  Code  Gb  tasks.o [1]
xBlockAllocatedBit      0x20024d1c     0x4  Data  Lc  heap_4.o [1]
xDelayedTaskList1       0x20024c94    0x14  Data  Lc  tasks.o [1]
xDelayedTaskList2       0x20024ca8    0x14  Data  Lc  tasks.o [1]
xFreeBytesRemaining     0x20024d14     0x4  Data  Lc  heap_4.o [1]
xHeapStructSize         0x080021c8     0x4  Data  Lc  heap_4.o [1]
xMinimumEverFreeBytesRemaining
                        0x20024d18     0x4  Data  Lc  heap_4.o [1]
xNextTaskUnblockTime    0x20024d54     0x4  Data  Lc  tasks.o [1]
xNumOfOverflows         0x20024d4c     0x4  Data  Lc  tasks.o [1]
xPendingReadyList       0x20024cbc    0x14  Data  Lc  tasks.o [1]
xPortSysTickHandler     0x08001707    0x2c  Code  Gb  port.o [1]
xSchedulerRunning       0x20024d40     0x4  Data  Lc  tasks.o [1]
xStart                  0x20024d08     0x8  Data  Lc  heap_4.o [1]
xSuspendedTaskList      0x20024ce4    0x14  Data  Lc  tasks.o [1]
xTaskCreate             0x08000c71    0x76  Code  Gb  tasks.o [1]
xTaskIncrementTick      0x08000fbb   0x11a  Code  Gb  tasks.o [1]
xTaskResumeAll          0x08000ebd    0xfe  Code  Gb  tasks.o [1]
xTasksWaitingTermination
                        0x20024cd0    0x14  Data  Lc  tasks.o [1]
xTickCount              0x20024d38     0x4  Data  Lc  tasks.o [1]
xYieldPending           0x20024d48     0x4  Data  Lc  tasks.o [1]


[1] = C:\Users\Goragod\Desktop\STM32F7\Project\STM32F7-Nucleo\EWARM\Debug\Obj
[2] = command line
[3] = dl7M_tln.a
[4] = m7M_tlv.a
[5] = rt7M_tl.a
[6] = shb_l.a

   6 998 bytes of readonly  code memory
   2 082 bytes of readonly  data memory
  19 808 bytes of readwrite data memory

Errors: none
Warnings: none
