###############################################################################
#
# IAR ELF Linker V7.80.1.11864/W32 for ARM                16/May/2017  19:47:03
# Copyright 2007-2016 IAR Systems AB.
#
#    Output file  =  
#        C:\Users\Goragod\Desktop\STM32F7\Project\STM32F7-Nucleo\EWARM\Debug\Exe\STM32F7-Nucleo-DVFS.out
#    Map file     =  
#        C:\Users\Goragod\Desktop\STM32F7\Project\STM32F7-Nucleo\EWARM\Debug\List\STM32F7-Nucleo-DVFS.map
#    Command line =  
#        C:\Users\Goragod\Desktop\STM32F7\Project\STM32F7-Nucleo\EWARM\Debug\Obj\croutine.o
#        C:\Users\Goragod\Desktop\STM32F7\Project\STM32F7-Nucleo\EWARM\Debug\Obj\event_groups.o
#        C:\Users\Goragod\Desktop\STM32F7\Project\STM32F7-Nucleo\EWARM\Debug\Obj\heap_4.o
#        C:\Users\Goragod\Desktop\STM32F7\Project\STM32F7-Nucleo\EWARM\Debug\Obj\list.o
#        C:\Users\Goragod\Desktop\STM32F7\Project\STM32F7-Nucleo\EWARM\Debug\Obj\main.o
#        C:\Users\Goragod\Desktop\STM32F7\Project\STM32F7-Nucleo\EWARM\Debug\Obj\perf_config.o
#        C:\Users\Goragod\Desktop\STM32F7\Project\STM32F7-Nucleo\EWARM\Debug\Obj\port.o
#        C:\Users\Goragod\Desktop\STM32F7\Project\STM32F7-Nucleo\EWARM\Debug\Obj\portasm.o
#        C:\Users\Goragod\Desktop\STM32F7\Project\STM32F7-Nucleo\EWARM\Debug\Obj\queue.o
#        C:\Users\Goragod\Desktop\STM32F7\Project\STM32F7-Nucleo\EWARM\Debug\Obj\startup_stm32f767xx.o
#        C:\Users\Goragod\Desktop\STM32F7\Project\STM32F7-Nucleo\EWARM\Debug\Obj\stm32f7xx_it.o
#        C:\Users\Goragod\Desktop\STM32F7\Project\STM32F7-Nucleo\EWARM\Debug\Obj\stm32f7xx_ll_adc.o
#        C:\Users\Goragod\Desktop\STM32F7\Project\STM32F7-Nucleo\EWARM\Debug\Obj\stm32f7xx_ll_crc.o
#        C:\Users\Goragod\Desktop\STM32F7\Project\STM32F7-Nucleo\EWARM\Debug\Obj\stm32f7xx_ll_dac.o
#        C:\Users\Goragod\Desktop\STM32F7\Project\STM32F7-Nucleo\EWARM\Debug\Obj\stm32f7xx_ll_dma.o
#        C:\Users\Goragod\Desktop\STM32F7\Project\STM32F7-Nucleo\EWARM\Debug\Obj\stm32f7xx_ll_dma2d.o
#        C:\Users\Goragod\Desktop\STM32F7\Project\STM32F7-Nucleo\EWARM\Debug\Obj\stm32f7xx_ll_exti.o
#        C:\Users\Goragod\Desktop\STM32F7\Project\STM32F7-Nucleo\EWARM\Debug\Obj\stm32f7xx_ll_fmc.o
#        C:\Users\Goragod\Desktop\STM32F7\Project\STM32F7-Nucleo\EWARM\Debug\Obj\stm32f7xx_ll_gpio.o
#        C:\Users\Goragod\Desktop\STM32F7\Project\STM32F7-Nucleo\EWARM\Debug\Obj\stm32f7xx_ll_i2c.o
#        C:\Users\Goragod\Desktop\STM32F7\Project\STM32F7-Nucleo\EWARM\Debug\Obj\stm32f7xx_ll_lptim.o
#        C:\Users\Goragod\Desktop\STM32F7\Project\STM32F7-Nucleo\EWARM\Debug\Obj\stm32f7xx_ll_pwr.o
#        C:\Users\Goragod\Desktop\STM32F7\Project\STM32F7-Nucleo\EWARM\Debug\Obj\stm32f7xx_ll_rcc.o
#        C:\Users\Goragod\Desktop\STM32F7\Project\STM32F7-Nucleo\EWARM\Debug\Obj\stm32f7xx_ll_rng.o
#        C:\Users\Goragod\Desktop\STM32F7\Project\STM32F7-Nucleo\EWARM\Debug\Obj\stm32f7xx_ll_rtc.o
#        C:\Users\Goragod\Desktop\STM32F7\Project\STM32F7-Nucleo\EWARM\Debug\Obj\stm32f7xx_ll_sdmmc.o
#        C:\Users\Goragod\Desktop\STM32F7\Project\STM32F7-Nucleo\EWARM\Debug\Obj\stm32f7xx_ll_spi.o
#        C:\Users\Goragod\Desktop\STM32F7\Project\STM32F7-Nucleo\EWARM\Debug\Obj\stm32f7xx_ll_tim.o
#        C:\Users\Goragod\Desktop\STM32F7\Project\STM32F7-Nucleo\EWARM\Debug\Obj\stm32f7xx_ll_usart.o
#        C:\Users\Goragod\Desktop\STM32F7\Project\STM32F7-Nucleo\EWARM\Debug\Obj\stm32f7xx_ll_usb.o
#        C:\Users\Goragod\Desktop\STM32F7\Project\STM32F7-Nucleo\EWARM\Debug\Obj\stm32f7xx_ll_utils.o
#        C:\Users\Goragod\Desktop\STM32F7\Project\STM32F7-Nucleo\EWARM\Debug\Obj\system_stm32f7xx.o
#        C:\Users\Goragod\Desktop\STM32F7\Project\STM32F7-Nucleo\EWARM\Debug\Obj\task_supervisor.o
#        C:\Users\Goragod\Desktop\STM32F7\Project\STM32F7-Nucleo\EWARM\Debug\Obj\tasks.o
#        C:\Users\Goragod\Desktop\STM32F7\Project\STM32F7-Nucleo\EWARM\Debug\Obj\timers.o
#        -o
#        C:\Users\Goragod\Desktop\STM32F7\Project\STM32F7-Nucleo\EWARM\Debug\Exe\STM32F7-Nucleo-DVFS.out
#        --map
#        C:\Users\Goragod\Desktop\STM32F7\Project\STM32F7-Nucleo\EWARM\Debug\List\STM32F7-Nucleo-DVFS.map
#        --config
#        C:\Users\Goragod\Desktop\STM32F7\Project\STM32F7-Nucleo\EWARM\stm32f767xx_flash.icf
#        --semihosting --entry __iar_program_start --vfe
#
###############################################################################

*******************************************************************************
*** RUNTIME MODEL ATTRIBUTES
***

CppFlavor       = *
__SystemLibrary = DLib


*******************************************************************************
*** PLACEMENT SUMMARY
***

"A0":  place at 0x08000000 { ro section .intvec };
"P1":  place in [from 0x08000000 to 0x081fffff] { ro };
"P2":  place in [from 0x20020000 to 0x2007ffff] { rw, block CSTACK, block HEAP };
initialize by copy { rw };

  Section            Kind        Address    Size  Object
  -------            ----        -------    ----  ------
"A0":                                      0x1f8
  .intvec            ro code  0x08000000   0x1f8  startup_stm32f767xx.o [1]
                            - 0x080001f8   0x1f8

"P1":                                     0x1f54
  .text              ro code  0x080001f8   0x768  tasks.o [1]
  .text              ro code  0x08000960   0x274  heap_4.o [1]
  .text              ro code  0x08000bd4    0x66  ABImemset.o [5]
  .text              ro code  0x08000c3a    0x98  list.o [1]
  .text              ro code  0x08000cd4   0x1dc  port.o [1]
  .text              ro code  0x08000eb0   0x328  main.o [1]
  CODE               ro code  0x080011d8    0xac  portasm.o [1]
  .text              ro code  0x08001284   0x290  perf_config.o [1]
  .text              ro code  0x08001514    0x68  task_supervisor.o [1]
  .text              ro code  0x0800157c     0xc  stm32f7xx_ll_utils.o [1]
  .text              ro code  0x08001588    0x46  I64ToFlt.o [4]
  .rodata            const    0x080015d0   0x550  perf_config.o [1]
  .rodata            const    0x08001b20   0x250  perf_config.o [1]
  .text              ro code  0x08001d70    0x6c  system_stm32f7xx.o [1]
  .text              ro code  0x08001ddc    0x50  stm32f7xx_it.o [1]
  .text              ro code  0x08001e2c    0x40  zero_init3.o [5]
  .text              ro code  0x08001e6c    0x2c  copy_init3.o [5]
  .text              ro code  0x08001e98    0x28  data_init.o [5]
  .text              ro code  0x08001ec0    0x22  fpinit_M.o [4]
  .iar.init_table    const    0x08001ee4    0x24  - Linker created -
  .text              ro code  0x08001f08    0x1a  cmain.o [5]
  .text              ro code  0x08001f22     0x4  low_level_init.o [3]
  .text              ro code  0x08001f26     0x4  exit.o [3]
  .text              ro code  0x08001f2c     0xa  cexit.o [5]
  .text              ro code  0x08001f38    0x14  exit.o [6]
  .rodata            const    0x08001f4c    0x10  main.o [1]
  .rodata            const    0x08001f5c    0x10  perf_config.o [1]
  .text              ro code  0x08001f6c    0x10  startup_stm32f767xx.o [1]
  .text              ro code  0x08001f7c     0xc  cstartup_M.o [5]
  .rodata            const    0x08001f88     0x8  tasks.o [1]
  Initializer bytes  const    0x08001f90     0x8  <for P2-1>
  .rodata            const    0x08001f98     0x4  heap_4.o [1]
  .text              ro code  0x08001f9c     0x4  startup_stm32f767xx.o [1]
  .text              ro code  0x08001fa0     0x4  startup_stm32f767xx.o [1]
  .text              ro code  0x08001fa4     0x4  startup_stm32f767xx.o [1]
  .text              ro code  0x08001fa8     0x4  startup_stm32f767xx.o [1]
  .text              ro code  0x08001fac     0x4  startup_stm32f767xx.o [1]
  .text              ro code  0x08001fb0     0x4  startup_stm32f767xx.o [1]
  .text              ro code  0x08001fb4     0x4  startup_stm32f767xx.o [1]
  .text              ro code  0x08001fb8     0x4  startup_stm32f767xx.o [1]
  .text              ro code  0x08001fbc     0x4  startup_stm32f767xx.o [1]
  .text              ro code  0x08001fc0     0x4  startup_stm32f767xx.o [1]
  .text              ro code  0x08001fc4     0x4  startup_stm32f767xx.o [1]
  .text              ro code  0x08001fc8     0x4  startup_stm32f767xx.o [1]
  .text              ro code  0x08001fcc     0x4  startup_stm32f767xx.o [1]
  .text              ro code  0x08001fd0     0x4  startup_stm32f767xx.o [1]
  .text              ro code  0x08001fd4     0x4  startup_stm32f767xx.o [1]
  .text              ro code  0x08001fd8     0x4  startup_stm32f767xx.o [1]
  .text              ro code  0x08001fdc     0x4  startup_stm32f767xx.o [1]
  .text              ro code  0x08001fe0     0x4  startup_stm32f767xx.o [1]
  .text              ro code  0x08001fe4     0x4  startup_stm32f767xx.o [1]
  .text              ro code  0x08001fe8     0x4  startup_stm32f767xx.o [1]
  .text              ro code  0x08001fec     0x4  startup_stm32f767xx.o [1]
  .text              ro code  0x08001ff0     0x4  startup_stm32f767xx.o [1]
  .text              ro code  0x08001ff4     0x4  startup_stm32f767xx.o [1]
  .text              ro code  0x08001ff8     0x4  startup_stm32f767xx.o [1]
  .text              ro code  0x08001ffc     0x4  startup_stm32f767xx.o [1]
  .text              ro code  0x08002000     0x4  startup_stm32f767xx.o [1]
  .text              ro code  0x08002004     0x4  startup_stm32f767xx.o [1]
  .text              ro code  0x08002008     0x4  startup_stm32f767xx.o [1]
  .text              ro code  0x0800200c     0x4  startup_stm32f767xx.o [1]
  .text              ro code  0x08002010     0x4  startup_stm32f767xx.o [1]
  .text              ro code  0x08002014     0x4  startup_stm32f767xx.o [1]
  .text              ro code  0x08002018     0x4  startup_stm32f767xx.o [1]
  .text              ro code  0x0800201c     0x4  startup_stm32f767xx.o [1]
  .text              ro code  0x08002020     0x4  startup_stm32f767xx.o [1]
  .text              ro code  0x08002024     0x4  startup_stm32f767xx.o [1]
  .text              ro code  0x08002028     0x4  startup_stm32f767xx.o [1]
  .text              ro code  0x0800202c     0x4  startup_stm32f767xx.o [1]
  .text              ro code  0x08002030     0x4  startup_stm32f767xx.o [1]
  .text              ro code  0x08002034     0x4  startup_stm32f767xx.o [1]
  .text              ro code  0x08002038     0x4  startup_stm32f767xx.o [1]
  .text              ro code  0x0800203c     0x4  startup_stm32f767xx.o [1]
  .text              ro code  0x08002040     0x4  startup_stm32f767xx.o [1]
  .text              ro code  0x08002044     0x4  startup_stm32f767xx.o [1]
  .text              ro code  0x08002048     0x4  startup_stm32f767xx.o [1]
  .text              ro code  0x0800204c     0x4  startup_stm32f767xx.o [1]
  .text              ro code  0x08002050     0x4  startup_stm32f767xx.o [1]
  .text              ro code  0x08002054     0x4  startup_stm32f767xx.o [1]
  .text              ro code  0x08002058     0x4  startup_stm32f767xx.o [1]
  .text              ro code  0x0800205c     0x4  startup_stm32f767xx.o [1]
  .text              ro code  0x08002060     0x4  startup_stm32f767xx.o [1]
  .text              ro code  0x08002064     0x4  startup_stm32f767xx.o [1]
  .text              ro code  0x08002068     0x4  startup_stm32f767xx.o [1]
  .text              ro code  0x0800206c     0x4  startup_stm32f767xx.o [1]
  .text              ro code  0x08002070     0x4  startup_stm32f767xx.o [1]
  .text              ro code  0x08002074     0x4  startup_stm32f767xx.o [1]
  .text              ro code  0x08002078     0x4  startup_stm32f767xx.o [1]
  .text              ro code  0x0800207c     0x4  startup_stm32f767xx.o [1]
  .text              ro code  0x08002080     0x4  startup_stm32f767xx.o [1]
  .text              ro code  0x08002084     0x4  startup_stm32f767xx.o [1]
  .text              ro code  0x08002088     0x4  startup_stm32f767xx.o [1]
  .text              ro code  0x0800208c     0x4  startup_stm32f767xx.o [1]
  .text              ro code  0x08002090     0x4  startup_stm32f767xx.o [1]
  .text              ro code  0x08002094     0x4  startup_stm32f767xx.o [1]
  .text              ro code  0x08002098     0x4  startup_stm32f767xx.o [1]
  .text              ro code  0x0800209c     0x4  startup_stm32f767xx.o [1]
  .text              ro code  0x080020a0     0x4  startup_stm32f767xx.o [1]
  .text              ro code  0x080020a4     0x4  startup_stm32f767xx.o [1]
  .text              ro code  0x080020a8     0x4  startup_stm32f767xx.o [1]
  .text              ro code  0x080020ac     0x4  startup_stm32f767xx.o [1]
  .text              ro code  0x080020b0     0x4  startup_stm32f767xx.o [1]
  .text              ro code  0x080020b4     0x4  startup_stm32f767xx.o [1]
  .text              ro code  0x080020b8     0x4  startup_stm32f767xx.o [1]
  .text              ro code  0x080020bc     0x4  startup_stm32f767xx.o [1]
  .text              ro code  0x080020c0     0x4  startup_stm32f767xx.o [1]
  .text              ro code  0x080020c4     0x4  startup_stm32f767xx.o [1]
  .text              ro code  0x080020c8     0x4  startup_stm32f767xx.o [1]
  .text              ro code  0x080020cc     0x4  startup_stm32f767xx.o [1]
  .text              ro code  0x080020d0     0x4  startup_stm32f767xx.o [1]
  .text              ro code  0x080020d4     0x4  startup_stm32f767xx.o [1]
  .text              ro code  0x080020d8     0x4  startup_stm32f767xx.o [1]
  .text              ro code  0x080020dc     0x4  startup_stm32f767xx.o [1]
  .text              ro code  0x080020e0     0x4  startup_stm32f767xx.o [1]
  .text              ro code  0x080020e4     0x4  startup_stm32f767xx.o [1]
  .text              ro code  0x080020e8     0x4  startup_stm32f767xx.o [1]
  .text              ro code  0x080020ec     0x4  startup_stm32f767xx.o [1]
  .text              ro code  0x080020f0     0x4  startup_stm32f767xx.o [1]
  .text              ro code  0x080020f4     0x4  startup_stm32f767xx.o [1]
  .text              ro code  0x080020f8     0x4  startup_stm32f767xx.o [1]
  .text              ro code  0x080020fc     0x4  startup_stm32f767xx.o [1]
  .text              ro code  0x08002100     0x4  startup_stm32f767xx.o [1]
  .text              ro code  0x08002104     0x4  startup_stm32f767xx.o [1]
  .text              ro code  0x08002108     0x4  startup_stm32f767xx.o [1]
  .text              ro code  0x0800210c     0x4  startup_stm32f767xx.o [1]
  .text              ro code  0x08002110     0x4  startup_stm32f767xx.o [1]
  .text              ro code  0x08002114     0x4  startup_stm32f767xx.o [1]
  .text              ro code  0x08002118     0x4  startup_stm32f767xx.o [1]
  .text              ro code  0x0800211c     0x4  startup_stm32f767xx.o [1]
  .text              ro code  0x08002120     0x4  startup_stm32f767xx.o [1]
  .text              ro code  0x08002124     0x4  startup_stm32f767xx.o [1]
  .text              ro code  0x08002128     0x4  startup_stm32f767xx.o [1]
  .text              ro code  0x0800212c     0x4  startup_stm32f767xx.o [1]
  .text              ro code  0x08002130     0x4  startup_stm32f767xx.o [1]
  .text              ro code  0x08002134     0x4  startup_stm32f767xx.o [1]
  .text              ro code  0x08002138     0x4  startup_stm32f767xx.o [1]
  .text              ro code  0x0800213c     0x4  startup_stm32f767xx.o [1]
  .text              ro code  0x08002140     0x4  startup_stm32f767xx.o [1]
  .text              ro code  0x08002144     0x4  startup_stm32f767xx.o [1]
  .text              ro code  0x08002148     0x4  startup_stm32f767xx.o [1]
  .rodata            const    0x0800214c     0x0  zero_init3.o [5]
  .rodata            const    0x0800214c     0x0  copy_init3.o [5]
                            - 0x0800214c  0x1f54

"P2", part 1 of 3:                           0x8
  P2-1                        0x20020000     0x8  <Init block>
    .data            inited   0x20020000     0x4  port.o [1]
    .data            inited   0x20020004     0x4  system_stm32f7xx.o [1]
                            - 0x20020008     0x8

"P2", part 2 of 3:                        0x1000
  CSTACK                      0x20020008  0x1000  <Block>
    CSTACK           uninit   0x20020008  0x1000  <Block tail>
                            - 0x20021008  0x1000

"P2", part 3 of 3:                        0x3d64
  .bss               zero     0x20021008  0x3c00  heap_4.o [1]
  .bss               zero     0x20024c08    0x8c  tasks.o [1]
  .bss               zero     0x20024c94    0x14  tasks.o [1]
  .bss               zero     0x20024ca8    0x14  tasks.o [1]
  .bss               zero     0x20024cbc    0x14  tasks.o [1]
  .bss               zero     0x20024cd0    0x14  tasks.o [1]
  .bss               zero     0x20024ce4    0x14  tasks.o [1]
  .bss               zero     0x20024cf8    0x10  perf_config.o [1]
  .bss               zero     0x20024d08     0x8  heap_4.o [1]
  .bss               zero     0x20024d10     0x4  heap_4.o [1]
  .bss               zero     0x20024d14     0x4  heap_4.o [1]
  .bss               zero     0x20024d18     0x4  heap_4.o [1]
  .bss               zero     0x20024d1c     0x4  heap_4.o [1]
  .bss               zero     0x20024d20     0x4  main.o [1]
  .bss               zero     0x20024d24     0x4  main.o [1]
  .bss               zero     0x20024d28     0x4  port.o [1]
  .bss               zero     0x20024d2c     0x4  tasks.o [1]
  .bss               zero     0x20024d30     0x4  tasks.o [1]
  .bss               zero     0x20024d34     0x4  tasks.o [1]
  .bss               zero     0x20024d38     0x4  tasks.o [1]
  .bss               zero     0x20024d3c     0x4  tasks.o [1]
  .bss               zero     0x20024d40     0x4  tasks.o [1]
  .bss               zero     0x20024d44     0x4  tasks.o [1]
  .bss               zero     0x20024d48     0x4  tasks.o [1]
  .bss               zero     0x20024d4c     0x4  tasks.o [1]
  .bss               zero     0x20024d50     0x4  tasks.o [1]
  .bss               zero     0x20024d54     0x4  tasks.o [1]
  .bss               zero     0x20024d58     0x4  tasks.o [1]
  .bss               zero     0x20024d5c     0x4  tasks.o [1]
  .bss               zero     0x20024d60     0x4  tasks.o [1]
  .bss               zero     0x20024d64     0x4  tasks.o [1]
  .bss               zero     0x20024d68     0x2  task_supervisor.o [1]
  .bss               zero     0x20024d6a     0x1  perf_config.o [1]
  .bss               zero     0x20024d6b     0x1  port.o [1]
                            - 0x20024d6c  0x3d64


*******************************************************************************
*** INIT TABLE
***

          Address     Size
          -------     ----
Zero (__iar_zero_init3)
    1 destination range, total size 0x3d64:
          0x20021008  0x3d64

Copy (__iar_copy_init3)
    1 source range, total size 0x8:
          0x08001f90     0x8
    1 destination range, total size 0x8:
          0x20020000     0x8



*******************************************************************************
*** MODULE SUMMARY
***

    Module                 ro code  ro data  rw data
    ------                 -------  -------  -------
C:\Users\Goragod\Desktop\STM32F7\Project\STM32F7-Nucleo\EWARM\Debug\Obj: [1]
    heap_4.o                   628        4   15 384
    list.o                     152
    main.o                     808       16        8
    perf_config.o              656    1 968       17
    port.o                     476        4        9
    portasm.o                  172
    startup_stm32f767xx.o      952
    stm32f7xx_it.o              80
    stm32f7xx_ll_utils.o        12
    system_stm32f7xx.o         108        4        4
    task_supervisor.o          104                 2
    tasks.o                  1 896        8      300
    ------------------------------------------------
    Total:                   6 044    2 004   15 724

command line: [2]
    ------------------------------------------------
    Total:

dl7M_tln.a: [3]
    exit.o                       4
    low_level_init.o             4
    ------------------------------------------------
    Total:                       8

m7M_tlv.a: [4]
    I64ToFlt.o                  70
    fpinit_M.o                  34
    ------------------------------------------------
    Total:                     104

rt7M_tl.a: [5]
    ABImemset.o                102
    cexit.o                     10
    cmain.o                     26
    copy_init3.o                44
    cstartup_M.o                12
    data_init.o                 40
    zero_init3.o                64
    ------------------------------------------------
    Total:                     298

shb_l.a: [6]
    exit.o                      20
    ------------------------------------------------
    Total:                      20

    Gaps                         6        4
    Linker created                       36    4 096
----------------------------------------------------
    Grand Total:             6 480    2 044   19 820


*******************************************************************************
*** ENTRY LIST
***

Entry                      Address    Size  Type      Object
-----                      -------    ----  ----      ------
.iar.init_table$$Base   0x08001ee4           --   Gb  - Linker created -
.iar.init_table$$Limit  0x08001f08           --   Gb  - Linker created -
?main                   0x08001f09          Code  Gb  cmain.o [5]
BusFault_Handler        0x08001def     0x2  Code  Gb  stm32f7xx_it.o [1]
CSTACK$$Base            0x20020008           --   Gb  - Linker created -
CSTACK$$Limit           0x20021008           --   Gb  - Linker created -
ClkConfig               0x20024cf8    0x10  Data  Lc  perf_config.o [1]
ClockRateScale_High     0x08001b20   0x250  Data  Gb  perf_config.o [1]
ClockRateScale_Low      0x080015d0   0x550  Data  Gb  perf_config.o [1]
ClockRateScale_Medium   0x08001f5c    0x10  Data  Gb  perf_config.o [1]
DebugMon_Handler        0x08001df3     0x2  Code  Gb  stm32f7xx_it.o [1]
HardFault_Handler       0x08001deb     0x2  Code  Gb  stm32f7xx_it.o [1]
LL_APB1_GRP1_EnableClock
                        0x08000f01    0x1a  Code  Lc  main.o [1]
LL_FLASH_SetLatency     0x08000fb5    0x10  Code  Lc  main.o [1]
LL_MPU_ConfigRegion     0x08001017    0x1e  Code  Lc  main.o [1]
LL_MPU_Disable          0x0800100b     0xc  Code  Lc  main.o [1]
LL_MPU_Enable           0x08000ff9    0x12  Code  Lc  main.o [1]
LL_PWR_DisableOverDriveMode
                        0x080012ff     0xe  Code  Lc  perf_config.o [1]
LL_PWR_DisableOverDriveSwitching
                        0x080012e3     0xe  Code  Lc  perf_config.o [1]
LL_PWR_EnableOverDriveMode
                        0x08000fd3     0xe  Code  Lc  main.o [1]
LL_PWR_EnableOverDriveMode
                        0x080012f1     0xe  Code  Lc  perf_config.o [1]
LL_PWR_EnableOverDriveSwitching
                        0x08000fc5     0xe  Code  Lc  main.o [1]
LL_PWR_EnableOverDriveSwitching
                        0x080012d5     0xe  Code  Lc  perf_config.o [1]
LL_PWR_IsActiveFlag_OD  0x08000fe1     0xc  Code  Lc  main.o [1]
LL_PWR_IsActiveFlag_OD  0x0800131d     0xc  Code  Lc  perf_config.o [1]
LL_PWR_IsActiveFlag_ODSW
                        0x08000fed     0xc  Code  Lc  main.o [1]
LL_PWR_IsActiveFlag_ODSW
                        0x08001329     0xc  Code  Lc  perf_config.o [1]
LL_PWR_SetRegulVoltageScaling
                        0x0800130d    0x10  Code  Lc  perf_config.o [1]
LL_RCC_GetSysClkSource  0x08000f45     0xa  Code  Lc  main.o [1]
LL_RCC_GetSysClkSource  0x08001345     0xa  Code  Lc  perf_config.o [1]
LL_RCC_HSE_Enable       0x08000f1b     0xe  Code  Lc  main.o [1]
LL_RCC_HSE_IsReady      0x08000f29     0xc  Code  Lc  main.o [1]
LL_RCC_PLL_ConfigDomain_SYS
                        0x08000f99    0x1c  Code  Lc  main.o [1]
LL_RCC_PLL_ConfigDomain_SYS
                        0x08001377    0x1c  Code  Lc  perf_config.o [1]
LL_RCC_PLL_Disable      0x0800135d     0xe  Code  Lc  perf_config.o [1]
LL_RCC_PLL_Enable       0x08000f7f     0xe  Code  Lc  main.o [1]
LL_RCC_PLL_Enable       0x0800134f     0xe  Code  Lc  perf_config.o [1]
LL_RCC_PLL_IsReady      0x08000f8d     0xc  Code  Lc  main.o [1]
LL_RCC_PLL_IsReady      0x0800136b     0xc  Code  Lc  perf_config.o [1]
LL_RCC_SetAHBPrescaler  0x08000f4f    0x10  Code  Lc  main.o [1]
LL_RCC_SetAPB1Prescaler
                        0x08000f5f    0x10  Code  Lc  main.o [1]
LL_RCC_SetAPB2Prescaler
                        0x08000f6f    0x10  Code  Lc  main.o [1]
LL_RCC_SetSysClkSource  0x08000f35    0x10  Code  Lc  main.o [1]
LL_RCC_SetSysClkSource  0x08001335    0x10  Code  Lc  perf_config.o [1]
LL_SetSystemCoreClock   0x0800157d     0x6  Code  Gb  stm32f7xx_ll_utils.o [1]
MPU_Config              0x08001147    0x1a  Code  Lc  main.o [1]
MemManage_Handler       0x08001ded     0x2  Code  Gb  stm32f7xx_it.o [1]
NMI_Handler             0x08001de9     0x2  Code  Gb  stm32f7xx_it.o [1]
NVIC_SetPriority        0x08000eb1    0x22  Code  Lc  main.o [1]
NVIC_SetPriority        0x08001285    0x22  Code  Lc  perf_config.o [1]
PendSV_Handler          0x080011d9          Code  Gb  portasm.o [1]
Region$$Table$$Base     0x08001ee4           --   Gb  - Linker created -
Region$$Table$$Limit    0x08001f08           --   Gb  - Linker created -
SVC_Handler             0x08001235          Code  Gb  portasm.o [1]
SYS_TASK_DEADLINE       0x20024d68     0x2  Data  Gb  task_supervisor.o [1]
StandbyState            0x20024d6a     0x1  Data  Lc  perf_config.o [1]
SysTask1_Handler        0x20024d20     0x4  Data  Gb  main.o [1]
SysTask_1               0x08001091    0x32  Code  Lc  main.o [1]
SysTick_Config          0x08000ed3    0x2e  Code  Lc  main.o [1]
SysTick_Config          0x080012a7    0x2e  Code  Lc  perf_config.o [1]
SysTick_Handler         0x08001df5    0x38  Code  Gb  stm32f7xx_it.o [1]
SystemClock_Config      0x080010c5    0x82  Code  Gb  main.o [1]
SystemCoreClock         0x20020004     0x4  Data  Gb  system_stm32f7xx.o [1]
SystemInit              0x08001d71    0x4c  Code  Gb  system_stm32f7xx.o [1]
System_GetCounter       0x08001515     0x8  Code  Lc  task_supervisor.o [1]
System_GetTaskDeadline  0x0800152f     0x6  Code  Gb  task_supervisor.o [1]
System_GetTaskEXETime   0x08001535    0x38  Code  Gb  task_supervisor.o [1]
System_ResetCounter     0x0800104f    0x14  Code  Lc  main.o [1]
System_SetTaskDeadline  0x0800151d    0x12  Code  Gb  task_supervisor.o [1]
System_SuperviosrInit   0x08001035    0x1a  Code  Lc  main.o [1]
System_isCounterENA     0x08001ddd     0x8  Code  Lc  stm32f7xx_it.o [1]
TaskPerf_ClockRateSwitch
                        0x08001393   0x13c  Code  Gb  perf_config.o [1]
UsageFault_Handler      0x08001df1     0x2  Code  Gb  stm32f7xx_it.o [1]
__aeabi_memset          0x08000bd5          Code  Gb  ABImemset.o [5]
__aeabi_ul2f            0x08001589          Code  Gb  I64ToFlt.o [4]
__cmain                 0x08001f09          Code  Gb  cmain.o [5]
__exit                  0x08001f39    0x14  Code  Gb  exit.o [6]
__iar_Memset            0x08000bd5          Code  Gb  ABImemset.o [5]
__iar_Memset_word       0x08000bdd          Code  Gb  ABImemset.o [5]
__iar_copy_init3        0x08001e6d    0x2c  Code  Gb  copy_init3.o [5]
__iar_data_init3        0x08001e99    0x28  Code  Gb  data_init.o [5]
__iar_init_vfp          0x08001ec1          Code  Gb  fpinit_M.o [4]
__iar_program_start     0x08001f7d          Code  Gb  cstartup_M.o [5]
__iar_ul2f              0x08001595          Code  Gb  I64ToFlt.o [4]
__iar_zero_init3        0x08001e2d    0x40  Code  Gb  zero_init3.o [5]
__low_level_init        0x08001f23     0x4  Code  Gb  low_level_init.o [3]
__vector_table          0x08000000          Data  Gb  startup_stm32f767xx.o [1]
_call_main              0x08001f15          Code  Gb  cmain.o [5]
_exit                   0x08001f2d          Code  Gb  cexit.o [5]
_main                   0x08001f1f          Code  Gb  cmain.o [5]
exe                     0x20024d24     0x4  Data  Gb  main.o [1]
exit                    0x08001f27     0x4  Code  Gb  exit.o [3]
main                    0x08001063    0x2e  Code  Gb  main.o [1]
prvAddCurrentTaskToDelayedList
                        0x080008a9    0x80  Code  Lc  tasks.o [1]
prvAddNewTaskToReadyList
                        0x08000325    0xc0  Code  Lc  tasks.o [1]
prvCheckTasksWaitingTermination
                        0x080007dd    0x64  Code  Lc  tasks.o [1]
prvDeleteTCB            0x0800084d    0x12  Code  Lc  tasks.o [1]
prvHeapInit             0x08000af7    0x64  Code  Lc  heap_4.o [1]
prvIdleTask             0x08000755    0x28  Code  Lc  tasks.o [1]
prvInitialiseNewTask    0x0800026f    0xb6  Code  Lc  tasks.o [1]
prvInitialiseTaskLists  0x08000781    0x56  Code  Lc  tasks.o [1]
prvInsertBlockIntoFreeList
                        0x08000b5b    0x5c  Code  Lc  heap_4.o [1]
prvResetNextTaskUnblockTime
                        0x0800085f    0x28  Code  Lc  tasks.o [1]
prvTaskExitError        0x08000cfd    0x32  Code  Lc  port.o [1]
pvPortMalloc            0x08000961   0x118  Code  Gb  heap_4.o [1]
pxCurrentTCB            0x20024d2c     0x4  Data  Gb  tasks.o [1]
pxDelayedTaskList       0x20024d30     0x4  Data  Lc  tasks.o [1]
pxEnd                   0x20024d10     0x4  Data  Lc  heap_4.o [1]
pxOverflowDelayedTaskList
                        0x20024d34     0x4  Data  Lc  tasks.o [1]
pxPortInitialiseStack   0x08000cd5    0x28  Code  Gb  port.o [1]
pxReadyTasksLists       0x20024c08    0x8c  Data  Lc  tasks.o [1]
ucHeap                  0x20021008  0x3c00  Data  Lc  heap_4.o [1]
ucMaxSysCallPriority    0x20024d6b     0x1  Data  Lc  port.o [1]
ulMaxPRIGROUPValue      0x20024d28     0x4  Data  Lc  port.o [1]
uxCriticalNesting       0x20020000     0x4  Data  Lc  port.o [1]
uxCurrentNumberOfTasks  0x20024d3c     0x4  Data  Lc  tasks.o [1]
uxDeletedTasksWaitingCleanUp
                        0x20024d38     0x4  Data  Lc  tasks.o [1]
uxListRemove            0x08000cad    0x26  Code  Gb  list.o [1]
uxPendedTicks           0x20024d4c     0x4  Data  Lc  tasks.o [1]
uxSchedulerSuspended    0x20024d64     0x4  Data  Lc  tasks.o [1]
uxTaskNumber            0x20024d58     0x4  Data  Lc  tasks.o [1]
uxTopReadyPriority      0x20024d44     0x4  Data  Lc  tasks.o [1]
vApplicationIdleHook    0x080010c3     0x2  Code  Gb  main.o [1]
vListInitialise         0x08000c3b    0x1e  Code  Gb  list.o [1]
vListInitialiseItem     0x08000c59     0x6  Code  Gb  list.o [1]
vListInsert             0x08000c77    0x36  Code  Gb  list.o [1]
vListInsertEnd          0x08000c5f    0x18  Code  Gb  list.o [1]
vPortEnableVFP          0x08001269          Code  Gb  portasm.o [1]
vPortEnterCritical      0x08000dc7    0x42  Code  Gb  port.o [1]
vPortExitCritical       0x08000e09    0x36  Code  Gb  port.o [1]
vPortFree               0x08000a79    0x7e  Code  Gb  heap_4.o [1]
vPortSetupTimerInterrupt
                        0x08000e89    0x28  Code  Wk  port.o [1]
vPortStartFirstTask     0x08001251          Code  Gb  portasm.o [1]
vTaskDelay              0x080003e5    0x50  Code  Gb  tasks.o [1]
vTaskStartScheduler     0x08000435    0x6e  Code  Gb  tasks.o [1]
vTaskSuspendAll         0x080004a3    0x10  Code  Gb  tasks.o [1]
vTaskSwitchContext      0x080006cb    0x70  Code  Gb  tasks.o [1]
xBlockAllocatedBit      0x20024d1c     0x4  Data  Lc  heap_4.o [1]
xDelayedTaskList1       0x20024c94    0x14  Data  Lc  tasks.o [1]
xDelayedTaskList2       0x20024ca8    0x14  Data  Lc  tasks.o [1]
xFreeBytesRemaining     0x20024d14     0x4  Data  Lc  heap_4.o [1]
xHeapStructSize         0x08001f98     0x4  Data  Lc  heap_4.o [1]
xIdleTaskHandle         0x20024d60     0x4  Data  Lc  tasks.o [1]
xMinimumEverFreeBytesRemaining
                        0x20024d18     0x4  Data  Lc  heap_4.o [1]
xNextTaskUnblockTime    0x20024d5c     0x4  Data  Lc  tasks.o [1]
xNumOfOverflows         0x20024d54     0x4  Data  Lc  tasks.o [1]
xPendingReadyList       0x20024cbc    0x14  Data  Lc  tasks.o [1]
xPortStartScheduler     0x08000d2f    0x98  Code  Gb  port.o [1]
xPortSysTickHandler     0x08000e3f    0x2c  Code  Gb  port.o [1]
xSchedulerRunning       0x20024d48     0x4  Data  Lc  tasks.o [1]
xStart                  0x20024d08     0x8  Data  Lc  heap_4.o [1]
xSuspendedTaskList      0x20024ce4    0x14  Data  Lc  tasks.o [1]
xTaskCreate             0x080001f9    0x76  Code  Gb  tasks.o [1]
xTaskIncrementTick      0x080005b1   0x11a  Code  Gb  tasks.o [1]
xTaskResumeAll          0x080004b3    0xfe  Code  Gb  tasks.o [1]
xTasksWaitingTermination
                        0x20024cd0    0x14  Data  Lc  tasks.o [1]
xTickCount              0x20024d40     0x4  Data  Lc  tasks.o [1]
xYieldPending           0x20024d50     0x4  Data  Lc  tasks.o [1]


[1] = C:\Users\Goragod\Desktop\STM32F7\Project\STM32F7-Nucleo\EWARM\Debug\Obj
[2] = command line
[3] = dl7M_tln.a
[4] = m7M_tlv.a
[5] = rt7M_tl.a
[6] = shb_l.a

   6 480 bytes of readonly  code memory
   2 044 bytes of readonly  data memory
  19 820 bytes of readwrite data memory

Errors: none
Warnings: none
