###############################################################################
#
# IAR ELF Linker V7.80.1.11864/W32 for ARM                30/Apr/2017  17:22:13
# Copyright 2007-2016 IAR Systems AB.
#
#    Output file  =  
#        C:\Users\Goragod\Desktop\STM32F7\Project\STM32F7-Nucleo\EWARM\Debug\Exe\STM32F7-Nucleo-DVFS.out
#    Map file     =  
#        C:\Users\Goragod\Desktop\STM32F7\Project\STM32F7-Nucleo\EWARM\Debug\List\STM32F7-Nucleo-DVFS.map
#    Command line =  
#        C:\Users\Goragod\Desktop\STM32F7\Project\STM32F7-Nucleo\EWARM\Debug\Obj\croutine.o
#        C:\Users\Goragod\Desktop\STM32F7\Project\STM32F7-Nucleo\EWARM\Debug\Obj\event_groups.o
#        C:\Users\Goragod\Desktop\STM32F7\Project\STM32F7-Nucleo\EWARM\Debug\Obj\heap_4.o
#        C:\Users\Goragod\Desktop\STM32F7\Project\STM32F7-Nucleo\EWARM\Debug\Obj\list.o
#        C:\Users\Goragod\Desktop\STM32F7\Project\STM32F7-Nucleo\EWARM\Debug\Obj\main.o
#        C:\Users\Goragod\Desktop\STM32F7\Project\STM32F7-Nucleo\EWARM\Debug\Obj\perf_config.o
#        C:\Users\Goragod\Desktop\STM32F7\Project\STM32F7-Nucleo\EWARM\Debug\Obj\port.o
#        C:\Users\Goragod\Desktop\STM32F7\Project\STM32F7-Nucleo\EWARM\Debug\Obj\portasm.o
#        C:\Users\Goragod\Desktop\STM32F7\Project\STM32F7-Nucleo\EWARM\Debug\Obj\queue.o
#        C:\Users\Goragod\Desktop\STM32F7\Project\STM32F7-Nucleo\EWARM\Debug\Obj\startup_stm32f767xx.o
#        C:\Users\Goragod\Desktop\STM32F7\Project\STM32F7-Nucleo\EWARM\Debug\Obj\stm32f7xx_it.o
#        C:\Users\Goragod\Desktop\STM32F7\Project\STM32F7-Nucleo\EWARM\Debug\Obj\stm32f7xx_ll_adc.o
#        C:\Users\Goragod\Desktop\STM32F7\Project\STM32F7-Nucleo\EWARM\Debug\Obj\stm32f7xx_ll_crc.o
#        C:\Users\Goragod\Desktop\STM32F7\Project\STM32F7-Nucleo\EWARM\Debug\Obj\stm32f7xx_ll_dac.o
#        C:\Users\Goragod\Desktop\STM32F7\Project\STM32F7-Nucleo\EWARM\Debug\Obj\stm32f7xx_ll_dma.o
#        C:\Users\Goragod\Desktop\STM32F7\Project\STM32F7-Nucleo\EWARM\Debug\Obj\stm32f7xx_ll_dma2d.o
#        C:\Users\Goragod\Desktop\STM32F7\Project\STM32F7-Nucleo\EWARM\Debug\Obj\stm32f7xx_ll_exti.o
#        C:\Users\Goragod\Desktop\STM32F7\Project\STM32F7-Nucleo\EWARM\Debug\Obj\stm32f7xx_ll_fmc.o
#        C:\Users\Goragod\Desktop\STM32F7\Project\STM32F7-Nucleo\EWARM\Debug\Obj\stm32f7xx_ll_gpio.o
#        C:\Users\Goragod\Desktop\STM32F7\Project\STM32F7-Nucleo\EWARM\Debug\Obj\stm32f7xx_ll_i2c.o
#        C:\Users\Goragod\Desktop\STM32F7\Project\STM32F7-Nucleo\EWARM\Debug\Obj\stm32f7xx_ll_lptim.o
#        C:\Users\Goragod\Desktop\STM32F7\Project\STM32F7-Nucleo\EWARM\Debug\Obj\stm32f7xx_ll_pwr.o
#        C:\Users\Goragod\Desktop\STM32F7\Project\STM32F7-Nucleo\EWARM\Debug\Obj\stm32f7xx_ll_rcc.o
#        C:\Users\Goragod\Desktop\STM32F7\Project\STM32F7-Nucleo\EWARM\Debug\Obj\stm32f7xx_ll_rng.o
#        C:\Users\Goragod\Desktop\STM32F7\Project\STM32F7-Nucleo\EWARM\Debug\Obj\stm32f7xx_ll_rtc.o
#        C:\Users\Goragod\Desktop\STM32F7\Project\STM32F7-Nucleo\EWARM\Debug\Obj\stm32f7xx_ll_sdmmc.o
#        C:\Users\Goragod\Desktop\STM32F7\Project\STM32F7-Nucleo\EWARM\Debug\Obj\stm32f7xx_ll_spi.o
#        C:\Users\Goragod\Desktop\STM32F7\Project\STM32F7-Nucleo\EWARM\Debug\Obj\stm32f7xx_ll_tim.o
#        C:\Users\Goragod\Desktop\STM32F7\Project\STM32F7-Nucleo\EWARM\Debug\Obj\stm32f7xx_ll_usart.o
#        C:\Users\Goragod\Desktop\STM32F7\Project\STM32F7-Nucleo\EWARM\Debug\Obj\stm32f7xx_ll_usb.o
#        C:\Users\Goragod\Desktop\STM32F7\Project\STM32F7-Nucleo\EWARM\Debug\Obj\stm32f7xx_ll_utils.o
#        C:\Users\Goragod\Desktop\STM32F7\Project\STM32F7-Nucleo\EWARM\Debug\Obj\system_stm32f7xx.o
#        C:\Users\Goragod\Desktop\STM32F7\Project\STM32F7-Nucleo\EWARM\Debug\Obj\tasks.o
#        C:\Users\Goragod\Desktop\STM32F7\Project\STM32F7-Nucleo\EWARM\Debug\Obj\timers.o
#        -o
#        C:\Users\Goragod\Desktop\STM32F7\Project\STM32F7-Nucleo\EWARM\Debug\Exe\STM32F7-Nucleo-DVFS.out
#        --map
#        C:\Users\Goragod\Desktop\STM32F7\Project\STM32F7-Nucleo\EWARM\Debug\List\STM32F7-Nucleo-DVFS.map
#        --config
#        C:\Users\Goragod\Desktop\STM32F7\Project\STM32F7-Nucleo\EWARM\stm32f767xx_flash.icf
#        --semihosting --entry __iar_program_start --vfe
#
###############################################################################

*******************************************************************************
*** RUNTIME MODEL ATTRIBUTES
***

CppFlavor       = *
__SystemLibrary = DLib


*******************************************************************************
*** PLACEMENT SUMMARY
***

"A0":  place at 0x08000000 { ro section .intvec };
"P1":  place in [from 0x08000000 to 0x081fffff] { ro };
"P2":  place in [from 0x20020000 to 0x2007ffff] { rw, block CSTACK, block HEAP };
initialize by copy { rw };

  Section            Kind        Address    Size  Object
  -------            ----        -------    ----  ------
"A0":                                      0x1f8
  .intvec            ro code  0x08000000   0x1f8  startup_stm32f767xx.o [1]
                            - 0x080001f8   0x1f8

"P1":                                     0x1e98
  .text              ro code  0x080001f8   0x768  tasks.o [1]
  .text              ro code  0x08000960   0x274  heap_4.o [1]
  .text              ro code  0x08000bd4    0x66  ABImemset.o [5]
  .text              ro code  0x08000c3a    0x98  list.o [1]
  .text              ro code  0x08000cd4   0x1dc  port.o [1]
  .text              ro code  0x08000eb0   0x354  main.o [1]
  CODE               ro code  0x08001204    0xac  portasm.o [1]
  .text              ro code  0x080012b0   0x2a0  perf_config.o [1]
  .rodata            const    0x08001550   0x550  perf_config.o [1]
  .rodata            const    0x08001aa0   0x250  perf_config.o [1]
  .text              ro code  0x08001cf0    0x6c  system_stm32f7xx.o [1]
  .text              ro code  0x08001d5c    0x40  zero_init3.o [5]
  .text              ro code  0x08001d9c    0x2c  copy_init3.o [5]
  .text              ro code  0x08001dc8    0x28  data_init.o [5]
  .text              ro code  0x08001df0    0x22  fpinit_M.o [4]
  .iar.init_table    const    0x08001e14    0x24  - Linker created -
  .text              ro code  0x08001e38    0x1a  cmain.o [5]
  .text              ro code  0x08001e52     0x4  low_level_init.o [3]
  .text              ro code  0x08001e56     0x4  exit.o [3]
  .text              ro code  0x08001e5c     0xa  cexit.o [5]
  .text              ro code  0x08001e68    0x14  exit.o [6]
  .text              ro code  0x08001e7c    0x14  stm32f7xx_it.o [1]
  .rodata            const    0x08001e90    0x10  main.o [1]
  .rodata            const    0x08001ea0    0x10  perf_config.o [1]
  .text              ro code  0x08001eb0    0x10  startup_stm32f767xx.o [1]
  .text              ro code  0x08001ec0     0xc  cstartup_M.o [5]
  .rodata            const    0x08001ecc     0x8  tasks.o [1]
  Initializer bytes  const    0x08001ed4     0x8  <for P2-1>
  .rodata            const    0x08001edc     0x4  heap_4.o [1]
  .text              ro code  0x08001ee0     0x4  startup_stm32f767xx.o [1]
  .text              ro code  0x08001ee4     0x4  startup_stm32f767xx.o [1]
  .text              ro code  0x08001ee8     0x4  startup_stm32f767xx.o [1]
  .text              ro code  0x08001eec     0x4  startup_stm32f767xx.o [1]
  .text              ro code  0x08001ef0     0x4  startup_stm32f767xx.o [1]
  .text              ro code  0x08001ef4     0x4  startup_stm32f767xx.o [1]
  .text              ro code  0x08001ef8     0x4  startup_stm32f767xx.o [1]
  .text              ro code  0x08001efc     0x4  startup_stm32f767xx.o [1]
  .text              ro code  0x08001f00     0x4  startup_stm32f767xx.o [1]
  .text              ro code  0x08001f04     0x4  startup_stm32f767xx.o [1]
  .text              ro code  0x08001f08     0x4  startup_stm32f767xx.o [1]
  .text              ro code  0x08001f0c     0x4  startup_stm32f767xx.o [1]
  .text              ro code  0x08001f10     0x4  startup_stm32f767xx.o [1]
  .text              ro code  0x08001f14     0x4  startup_stm32f767xx.o [1]
  .text              ro code  0x08001f18     0x4  startup_stm32f767xx.o [1]
  .text              ro code  0x08001f1c     0x4  startup_stm32f767xx.o [1]
  .text              ro code  0x08001f20     0x4  startup_stm32f767xx.o [1]
  .text              ro code  0x08001f24     0x4  startup_stm32f767xx.o [1]
  .text              ro code  0x08001f28     0x4  startup_stm32f767xx.o [1]
  .text              ro code  0x08001f2c     0x4  startup_stm32f767xx.o [1]
  .text              ro code  0x08001f30     0x4  startup_stm32f767xx.o [1]
  .text              ro code  0x08001f34     0x4  startup_stm32f767xx.o [1]
  .text              ro code  0x08001f38     0x4  startup_stm32f767xx.o [1]
  .text              ro code  0x08001f3c     0x4  startup_stm32f767xx.o [1]
  .text              ro code  0x08001f40     0x4  startup_stm32f767xx.o [1]
  .text              ro code  0x08001f44     0x4  startup_stm32f767xx.o [1]
  .text              ro code  0x08001f48     0x4  startup_stm32f767xx.o [1]
  .text              ro code  0x08001f4c     0x4  startup_stm32f767xx.o [1]
  .text              ro code  0x08001f50     0x4  startup_stm32f767xx.o [1]
  .text              ro code  0x08001f54     0x4  startup_stm32f767xx.o [1]
  .text              ro code  0x08001f58     0x4  startup_stm32f767xx.o [1]
  .text              ro code  0x08001f5c     0x4  startup_stm32f767xx.o [1]
  .text              ro code  0x08001f60     0x4  startup_stm32f767xx.o [1]
  .text              ro code  0x08001f64     0x4  startup_stm32f767xx.o [1]
  .text              ro code  0x08001f68     0x4  startup_stm32f767xx.o [1]
  .text              ro code  0x08001f6c     0x4  startup_stm32f767xx.o [1]
  .text              ro code  0x08001f70     0x4  startup_stm32f767xx.o [1]
  .text              ro code  0x08001f74     0x4  startup_stm32f767xx.o [1]
  .text              ro code  0x08001f78     0x4  startup_stm32f767xx.o [1]
  .text              ro code  0x08001f7c     0x4  startup_stm32f767xx.o [1]
  .text              ro code  0x08001f80     0x4  startup_stm32f767xx.o [1]
  .text              ro code  0x08001f84     0x4  startup_stm32f767xx.o [1]
  .text              ro code  0x08001f88     0x4  startup_stm32f767xx.o [1]
  .text              ro code  0x08001f8c     0x4  startup_stm32f767xx.o [1]
  .text              ro code  0x08001f90     0x4  startup_stm32f767xx.o [1]
  .text              ro code  0x08001f94     0x4  startup_stm32f767xx.o [1]
  .text              ro code  0x08001f98     0x4  startup_stm32f767xx.o [1]
  .text              ro code  0x08001f9c     0x4  startup_stm32f767xx.o [1]
  .text              ro code  0x08001fa0     0x4  startup_stm32f767xx.o [1]
  .text              ro code  0x08001fa4     0x4  startup_stm32f767xx.o [1]
  .text              ro code  0x08001fa8     0x4  startup_stm32f767xx.o [1]
  .text              ro code  0x08001fac     0x4  startup_stm32f767xx.o [1]
  .text              ro code  0x08001fb0     0x4  startup_stm32f767xx.o [1]
  .text              ro code  0x08001fb4     0x4  startup_stm32f767xx.o [1]
  .text              ro code  0x08001fb8     0x4  startup_stm32f767xx.o [1]
  .text              ro code  0x08001fbc     0x4  startup_stm32f767xx.o [1]
  .text              ro code  0x08001fc0     0x4  startup_stm32f767xx.o [1]
  .text              ro code  0x08001fc4     0x4  startup_stm32f767xx.o [1]
  .text              ro code  0x08001fc8     0x4  startup_stm32f767xx.o [1]
  .text              ro code  0x08001fcc     0x4  startup_stm32f767xx.o [1]
  .text              ro code  0x08001fd0     0x4  startup_stm32f767xx.o [1]
  .text              ro code  0x08001fd4     0x4  startup_stm32f767xx.o [1]
  .text              ro code  0x08001fd8     0x4  startup_stm32f767xx.o [1]
  .text              ro code  0x08001fdc     0x4  startup_stm32f767xx.o [1]
  .text              ro code  0x08001fe0     0x4  startup_stm32f767xx.o [1]
  .text              ro code  0x08001fe4     0x4  startup_stm32f767xx.o [1]
  .text              ro code  0x08001fe8     0x4  startup_stm32f767xx.o [1]
  .text              ro code  0x08001fec     0x4  startup_stm32f767xx.o [1]
  .text              ro code  0x08001ff0     0x4  startup_stm32f767xx.o [1]
  .text              ro code  0x08001ff4     0x4  startup_stm32f767xx.o [1]
  .text              ro code  0x08001ff8     0x4  startup_stm32f767xx.o [1]
  .text              ro code  0x08001ffc     0x4  startup_stm32f767xx.o [1]
  .text              ro code  0x08002000     0x4  startup_stm32f767xx.o [1]
  .text              ro code  0x08002004     0x4  startup_stm32f767xx.o [1]
  .text              ro code  0x08002008     0x4  startup_stm32f767xx.o [1]
  .text              ro code  0x0800200c     0x4  startup_stm32f767xx.o [1]
  .text              ro code  0x08002010     0x4  startup_stm32f767xx.o [1]
  .text              ro code  0x08002014     0x4  startup_stm32f767xx.o [1]
  .text              ro code  0x08002018     0x4  startup_stm32f767xx.o [1]
  .text              ro code  0x0800201c     0x4  startup_stm32f767xx.o [1]
  .text              ro code  0x08002020     0x4  startup_stm32f767xx.o [1]
  .text              ro code  0x08002024     0x4  startup_stm32f767xx.o [1]
  .text              ro code  0x08002028     0x4  startup_stm32f767xx.o [1]
  .text              ro code  0x0800202c     0x4  startup_stm32f767xx.o [1]
  .text              ro code  0x08002030     0x4  startup_stm32f767xx.o [1]
  .text              ro code  0x08002034     0x4  startup_stm32f767xx.o [1]
  .text              ro code  0x08002038     0x4  startup_stm32f767xx.o [1]
  .text              ro code  0x0800203c     0x4  startup_stm32f767xx.o [1]
  .text              ro code  0x08002040     0x4  startup_stm32f767xx.o [1]
  .text              ro code  0x08002044     0x4  startup_stm32f767xx.o [1]
  .text              ro code  0x08002048     0x4  startup_stm32f767xx.o [1]
  .text              ro code  0x0800204c     0x4  startup_stm32f767xx.o [1]
  .text              ro code  0x08002050     0x4  startup_stm32f767xx.o [1]
  .text              ro code  0x08002054     0x4  startup_stm32f767xx.o [1]
  .text              ro code  0x08002058     0x4  startup_stm32f767xx.o [1]
  .text              ro code  0x0800205c     0x4  startup_stm32f767xx.o [1]
  .text              ro code  0x08002060     0x4  startup_stm32f767xx.o [1]
  .text              ro code  0x08002064     0x4  startup_stm32f767xx.o [1]
  .text              ro code  0x08002068     0x4  startup_stm32f767xx.o [1]
  .text              ro code  0x0800206c     0x4  startup_stm32f767xx.o [1]
  .text              ro code  0x08002070     0x4  startup_stm32f767xx.o [1]
  .text              ro code  0x08002074     0x4  startup_stm32f767xx.o [1]
  .text              ro code  0x08002078     0x4  startup_stm32f767xx.o [1]
  .text              ro code  0x0800207c     0x4  startup_stm32f767xx.o [1]
  .text              ro code  0x08002080     0x4  startup_stm32f767xx.o [1]
  .text              ro code  0x08002084     0x4  startup_stm32f767xx.o [1]
  .text              ro code  0x08002088     0x4  startup_stm32f767xx.o [1]
  .text              ro code  0x0800208c     0x4  startup_stm32f767xx.o [1]
  .rodata            const    0x08002090     0x0  zero_init3.o [5]
  .rodata            const    0x08002090     0x0  copy_init3.o [5]
                            - 0x08002090  0x1e98

"P2", part 1 of 3:                           0x8
  P2-1                        0x20020000     0x8  <Init block>
    .data            inited   0x20020000     0x4  port.o [1]
    .data            inited   0x20020004     0x4  system_stm32f7xx.o [1]
                            - 0x20020008     0x8

"P2", part 2 of 3:                        0x1000
  CSTACK                      0x20020008  0x1000  <Block>
    CSTACK           uninit   0x20020008  0x1000  <Block tail>
                            - 0x20021008  0x1000

"P2", part 3 of 3:                        0x3d64
  .bss               zero     0x20021008  0x3c00  heap_4.o [1]
  .bss               zero     0x20024c08    0x8c  tasks.o [1]
  .bss               zero     0x20024c94    0x14  tasks.o [1]
  .bss               zero     0x20024ca8    0x14  tasks.o [1]
  .bss               zero     0x20024cbc    0x14  tasks.o [1]
  .bss               zero     0x20024cd0    0x14  tasks.o [1]
  .bss               zero     0x20024ce4    0x14  tasks.o [1]
  .bss               zero     0x20024cf8    0x10  perf_config.o [1]
  .bss               zero     0x20024d08     0x8  heap_4.o [1]
  .bss               zero     0x20024d10     0x4  heap_4.o [1]
  .bss               zero     0x20024d14     0x4  heap_4.o [1]
  .bss               zero     0x20024d18     0x4  heap_4.o [1]
  .bss               zero     0x20024d1c     0x4  heap_4.o [1]
  .bss               zero     0x20024d20     0x4  main.o [1]
  .bss               zero     0x20024d24     0x4  main.o [1]
  .bss               zero     0x20024d28     0x4  port.o [1]
  .bss               zero     0x20024d2c     0x4  tasks.o [1]
  .bss               zero     0x20024d30     0x4  tasks.o [1]
  .bss               zero     0x20024d34     0x4  tasks.o [1]
  .bss               zero     0x20024d38     0x4  tasks.o [1]
  .bss               zero     0x20024d3c     0x4  tasks.o [1]
  .bss               zero     0x20024d40     0x4  tasks.o [1]
  .bss               zero     0x20024d44     0x4  tasks.o [1]
  .bss               zero     0x20024d48     0x4  tasks.o [1]
  .bss               zero     0x20024d4c     0x4  tasks.o [1]
  .bss               zero     0x20024d50     0x4  tasks.o [1]
  .bss               zero     0x20024d54     0x4  tasks.o [1]
  .bss               zero     0x20024d58     0x4  tasks.o [1]
  .bss               zero     0x20024d5c     0x4  tasks.o [1]
  .bss               zero     0x20024d60     0x4  tasks.o [1]
  .bss               zero     0x20024d64     0x4  tasks.o [1]
  .bss               zero     0x20024d68     0x1  main.o [1]
  .bss               zero     0x20024d69     0x1  port.o [1]
                            - 0x20024d6a  0x3d62


*******************************************************************************
*** INIT TABLE
***

          Address     Size
          -------     ----
Zero (__iar_zero_init3)
    1 destination range, total size 0x3d62:
          0x20021008  0x3d62

Copy (__iar_copy_init3)
    1 source range, total size 0x8:
          0x08001ed4     0x8
    1 destination range, total size 0x8:
          0x20020000     0x8



*******************************************************************************
*** MODULE SUMMARY
***

    Module                 ro code  ro data  rw data
    ------                 -------  -------  -------
C:\Users\Goragod\Desktop\STM32F7\Project\STM32F7-Nucleo\EWARM\Debug\Obj: [1]
    heap_4.o                   628        4   15 384
    list.o                     152
    main.o                     852       16        9
    perf_config.o              672    1 968       16
    port.o                     476        4        9
    portasm.o                  172
    startup_stm32f767xx.o      952
    stm32f7xx_it.o              20
    system_stm32f7xx.o         108        4        4
    tasks.o                  1 896        8      300
    ------------------------------------------------
    Total:                   5 928    2 004   15 722

command line: [2]
    ------------------------------------------------
    Total:

dl7M_tln.a: [3]
    exit.o                       4
    low_level_init.o             4
    ------------------------------------------------
    Total:                       8

m7M_tlv.a: [4]
    fpinit_M.o                  34
    ------------------------------------------------
    Total:                      34

rt7M_tl.a: [5]
    ABImemset.o                102
    cexit.o                     10
    cmain.o                     26
    copy_init3.o                44
    cstartup_M.o                12
    data_init.o                 40
    zero_init3.o                64
    ------------------------------------------------
    Total:                     298

shb_l.a: [6]
    exit.o                      20
    ------------------------------------------------
    Total:                      20

    Gaps                         6        2
    Linker created                       36    4 096
----------------------------------------------------
    Grand Total:             6 294    2 042   19 818


*******************************************************************************
*** ENTRY LIST
***

Entry                      Address    Size  Type      Object
-----                      -------    ----  ----      ------
.iar.init_table$$Base   0x08001e14           --   Gb  - Linker created -
.iar.init_table$$Limit  0x08001e38           --   Gb  - Linker created -
?main                   0x08001e39          Code  Gb  cmain.o [5]
BusFault_Handler        0x08001e83     0x2  Code  Gb  stm32f7xx_it.o [1]
CSTACK$$Base            0x20020008           --   Gb  - Linker created -
CSTACK$$Limit           0x20021008           --   Gb  - Linker created -
ClockRateScale_High     0x08001aa0   0x250  Data  Gb  perf_config.o [1]
ClockRateScale_Low      0x08001550   0x550  Data  Gb  perf_config.o [1]
ClockRateScale_Medium   0x08001ea0    0x10  Data  Gb  perf_config.o [1]
DebugMon_Handler        0x08001e87     0x2  Code  Gb  stm32f7xx_it.o [1]
HardFault_Handler       0x08001e7f     0x2  Code  Gb  stm32f7xx_it.o [1]
LL_APB1_GRP1_EnableClock
                        0x08000f01    0x1a  Code  Lc  main.o [1]
LL_FLASH_SetLatency     0x08000fb5    0x10  Code  Lc  main.o [1]
LL_MPU_ConfigRegion     0x08001017    0x1e  Code  Lc  main.o [1]
LL_MPU_Disable          0x0800100b     0xc  Code  Lc  main.o [1]
LL_MPU_Enable           0x08000ff9    0x12  Code  Lc  main.o [1]
LL_PWR_DisableOverDriveMode
                        0x0800132b     0xe  Code  Lc  perf_config.o [1]
LL_PWR_DisableOverDriveSwitching
                        0x0800130f     0xe  Code  Lc  perf_config.o [1]
LL_PWR_EnableOverDriveMode
                        0x08000fd3     0xe  Code  Lc  main.o [1]
LL_PWR_EnableOverDriveMode
                        0x0800131d     0xe  Code  Lc  perf_config.o [1]
LL_PWR_EnableOverDriveSwitching
                        0x08000fc5     0xe  Code  Lc  main.o [1]
LL_PWR_EnableOverDriveSwitching
                        0x08001301     0xe  Code  Lc  perf_config.o [1]
LL_PWR_IsActiveFlag_OD  0x08000fe1     0xc  Code  Lc  main.o [1]
LL_PWR_IsActiveFlag_OD  0x08001349     0xc  Code  Lc  perf_config.o [1]
LL_PWR_IsActiveFlag_ODSW
                        0x08000fed     0xc  Code  Lc  main.o [1]
LL_PWR_IsActiveFlag_ODSW
                        0x08001355     0xc  Code  Lc  perf_config.o [1]
LL_PWR_SetRegulVoltageScaling
                        0x08001339    0x10  Code  Lc  perf_config.o [1]
LL_RCC_GetSysClkSource  0x08000f45     0xa  Code  Lc  main.o [1]
LL_RCC_GetSysClkSource  0x08001371     0xa  Code  Lc  perf_config.o [1]
LL_RCC_HSE_Enable       0x08000f1b     0xe  Code  Lc  main.o [1]
LL_RCC_HSE_IsReady      0x08000f29     0xc  Code  Lc  main.o [1]
LL_RCC_PLL_ConfigDomain_SYS
                        0x08000f99    0x1c  Code  Lc  main.o [1]
LL_RCC_PLL_ConfigDomain_SYS
                        0x080013a3    0x1c  Code  Lc  perf_config.o [1]
LL_RCC_PLL_Disable      0x08001389     0xe  Code  Lc  perf_config.o [1]
LL_RCC_PLL_Enable       0x08000f7f     0xe  Code  Lc  main.o [1]
LL_RCC_PLL_Enable       0x0800137b     0xe  Code  Lc  perf_config.o [1]
LL_RCC_PLL_IsReady      0x08000f8d     0xc  Code  Lc  main.o [1]
LL_RCC_PLL_IsReady      0x08001397     0xc  Code  Lc  perf_config.o [1]
LL_RCC_SetAHBPrescaler  0x08000f4f    0x10  Code  Lc  main.o [1]
LL_RCC_SetAPB1Prescaler
                        0x08000f5f    0x10  Code  Lc  main.o [1]
LL_RCC_SetAPB2Prescaler
                        0x08000f6f    0x10  Code  Lc  main.o [1]
LL_RCC_SetSysClkSource  0x08000f35    0x10  Code  Lc  main.o [1]
LL_RCC_SetSysClkSource  0x08001361    0x10  Code  Lc  perf_config.o [1]
MPU_Config              0x08001169    0x1a  Code  Lc  main.o [1]
MemManage_Handler       0x08001e81     0x2  Code  Gb  stm32f7xx_it.o [1]
NMI_Handler             0x08001e7d     0x2  Code  Gb  stm32f7xx_it.o [1]
NVIC_SetPriority        0x08000eb1    0x22  Code  Lc  main.o [1]
NVIC_SetPriority        0x080012b1    0x22  Code  Lc  perf_config.o [1]
PendSV_Handler          0x08001205          Code  Gb  portasm.o [1]
Region$$Table$$Base     0x08001e14           --   Gb  - Linker created -
Region$$Table$$Limit    0x08001e38           --   Gb  - Linker created -
SVC_Handler             0x08001261          Code  Gb  portasm.o [1]
SysTask1_Handler        0x20024d20     0x4  Data  Gb  main.o [1]
SysTask_1               0x08001085    0x32  Code  Lc  main.o [1]
SysTick_Config          0x08000ed3    0x2e  Code  Lc  main.o [1]
SysTick_Config          0x080012d3    0x2e  Code  Lc  perf_config.o [1]
SysTick_Handler         0x08001e89     0x8  Code  Gb  stm32f7xx_it.o [1]
SystemClock_Config      0x080010e7    0x82  Code  Gb  main.o [1]
SystemCoreClock         0x20020004     0x4  Data  Gb  system_stm32f7xx.o [1]
SystemInit              0x08001cf1    0x4c  Code  Gb  system_stm32f7xx.o [1]
TEST_FUNC_TaskPerf_ClockRateSwitch
                        0x080013bf   0x14c  Code  Gb  perf_config.o [1]
UsageFault_Handler      0x08001e85     0x2  Code  Gb  stm32f7xx_it.o [1]
__aeabi_memset          0x08000bd5          Code  Gb  ABImemset.o [5]
__cmain                 0x08001e39          Code  Gb  cmain.o [5]
__exit                  0x08001e69    0x14  Code  Gb  exit.o [6]
__iar_Memset            0x08000bd5          Code  Gb  ABImemset.o [5]
__iar_Memset_word       0x08000bdd          Code  Gb  ABImemset.o [5]
__iar_copy_init3        0x08001d9d    0x2c  Code  Gb  copy_init3.o [5]
__iar_data_init3        0x08001dc9    0x28  Code  Gb  data_init.o [5]
__iar_init_vfp          0x08001df1          Code  Gb  fpinit_M.o [4]
__iar_program_start     0x08001ec1          Code  Gb  cstartup_M.o [5]
__iar_zero_init3        0x08001d5d    0x40  Code  Gb  zero_init3.o [5]
__low_level_init        0x08001e53     0x4  Code  Gb  low_level_init.o [3]
__vector_table          0x08000000          Data  Gb  startup_stm32f767xx.o [1]
_call_main              0x08001e45          Code  Gb  cmain.o [5]
_exit                   0x08001e5d          Code  Gb  cexit.o [5]
_main                   0x08001e4f          Code  Gb  cmain.o [5]
exit                    0x08001e57     0x4  Code  Gb  exit.o [3]
isLowest_ClockRate      0x20024d68     0x1  Data  Gb  main.o [1]
main                    0x08001035    0x50  Code  Gb  main.o [1]
prvAddCurrentTaskToDelayedList
                        0x080008a9    0x80  Code  Lc  tasks.o [1]
prvAddNewTaskToReadyList
                        0x08000325    0xc0  Code  Lc  tasks.o [1]
prvCheckTasksWaitingTermination
                        0x080007dd    0x64  Code  Lc  tasks.o [1]
prvDeleteTCB            0x0800084d    0x12  Code  Lc  tasks.o [1]
prvHeapInit             0x08000af7    0x64  Code  Lc  heap_4.o [1]
prvIdleTask             0x08000755    0x28  Code  Lc  tasks.o [1]
prvInitialiseNewTask    0x0800026f    0xb6  Code  Lc  tasks.o [1]
prvInitialiseTaskLists  0x08000781    0x56  Code  Lc  tasks.o [1]
prvInsertBlockIntoFreeList
                        0x08000b5b    0x5c  Code  Lc  heap_4.o [1]
prvResetNextTaskUnblockTime
                        0x0800085f    0x28  Code  Lc  tasks.o [1]
prvTaskExitError        0x08000cfd    0x32  Code  Lc  port.o [1]
pvPortMalloc            0x08000961   0x118  Code  Gb  heap_4.o [1]
pxCurrentTCB            0x20024d2c     0x4  Data  Gb  tasks.o [1]
pxDelayedTaskList       0x20024d30     0x4  Data  Lc  tasks.o [1]
pxEnd                   0x20024d10     0x4  Data  Lc  heap_4.o [1]
pxOverflowDelayedTaskList
                        0x20024d34     0x4  Data  Lc  tasks.o [1]
pxPortInitialiseStack   0x08000cd5    0x28  Code  Gb  port.o [1]
pxReadyTasksLists       0x20024c08    0x8c  Data  Lc  tasks.o [1]
temp                    0x20024cf8    0x10  Data  Gb  perf_config.o [1]
timer                   0x20024d24     0x4  Data  Gb  main.o [1]
ucHeap                  0x20021008  0x3c00  Data  Lc  heap_4.o [1]
ucMaxSysCallPriority    0x20024d69     0x1  Data  Lc  port.o [1]
ulMaxPRIGROUPValue      0x20024d28     0x4  Data  Lc  port.o [1]
uxCriticalNesting       0x20020000     0x4  Data  Lc  port.o [1]
uxCurrentNumberOfTasks  0x20024d3c     0x4  Data  Lc  tasks.o [1]
uxDeletedTasksWaitingCleanUp
                        0x20024d38     0x4  Data  Lc  tasks.o [1]
uxListRemove            0x08000cad    0x26  Code  Gb  list.o [1]
uxPendedTicks           0x20024d4c     0x4  Data  Lc  tasks.o [1]
uxSchedulerSuspended    0x20024d64     0x4  Data  Lc  tasks.o [1]
uxTaskNumber            0x20024d58     0x4  Data  Lc  tasks.o [1]
uxTopReadyPriority      0x20024d44     0x4  Data  Lc  tasks.o [1]
vApplicationIdleHook    0x080010b7    0x30  Code  Gb  main.o [1]
vListInitialise         0x08000c3b    0x1e  Code  Gb  list.o [1]
vListInitialiseItem     0x08000c59     0x6  Code  Gb  list.o [1]
vListInsert             0x08000c77    0x36  Code  Gb  list.o [1]
vListInsertEnd          0x08000c5f    0x18  Code  Gb  list.o [1]
vPortEnableVFP          0x08001295          Code  Gb  portasm.o [1]
vPortEnterCritical      0x08000dc7    0x42  Code  Gb  port.o [1]
vPortExitCritical       0x08000e09    0x36  Code  Gb  port.o [1]
vPortFree               0x08000a79    0x7e  Code  Gb  heap_4.o [1]
vPortSetupTimerInterrupt
                        0x08000e89    0x28  Code  Wk  port.o [1]
vPortStartFirstTask     0x0800127d          Code  Gb  portasm.o [1]
vTaskDelay              0x080003e5    0x50  Code  Gb  tasks.o [1]
vTaskStartScheduler     0x08000435    0x6e  Code  Gb  tasks.o [1]
vTaskSuspendAll         0x080004a3    0x10  Code  Gb  tasks.o [1]
vTaskSwitchContext      0x080006cb    0x70  Code  Gb  tasks.o [1]
xBlockAllocatedBit      0x20024d1c     0x4  Data  Lc  heap_4.o [1]
xDelayedTaskList1       0x20024c94    0x14  Data  Lc  tasks.o [1]
xDelayedTaskList2       0x20024ca8    0x14  Data  Lc  tasks.o [1]
xFreeBytesRemaining     0x20024d14     0x4  Data  Lc  heap_4.o [1]
xHeapStructSize         0x08001edc     0x4  Data  Lc  heap_4.o [1]
xIdleTaskHandle         0x20024d60     0x4  Data  Lc  tasks.o [1]
xMinimumEverFreeBytesRemaining
                        0x20024d18     0x4  Data  Lc  heap_4.o [1]
xNextTaskUnblockTime    0x20024d5c     0x4  Data  Lc  tasks.o [1]
xNumOfOverflows         0x20024d54     0x4  Data  Lc  tasks.o [1]
xPendingReadyList       0x20024cbc    0x14  Data  Lc  tasks.o [1]
xPortStartScheduler     0x08000d2f    0x98  Code  Gb  port.o [1]
xPortSysTickHandler     0x08000e3f    0x2c  Code  Gb  port.o [1]
xSchedulerRunning       0x20024d48     0x4  Data  Lc  tasks.o [1]
xStart                  0x20024d08     0x8  Data  Lc  heap_4.o [1]
xSuspendedTaskList      0x20024ce4    0x14  Data  Lc  tasks.o [1]
xTaskCreate             0x080001f9    0x76  Code  Gb  tasks.o [1]
xTaskIncrementTick      0x080005b1   0x11a  Code  Gb  tasks.o [1]
xTaskResumeAll          0x080004b3    0xfe  Code  Gb  tasks.o [1]
xTasksWaitingTermination
                        0x20024cd0    0x14  Data  Lc  tasks.o [1]
xTickCount              0x20024d40     0x4  Data  Lc  tasks.o [1]
xYieldPending           0x20024d50     0x4  Data  Lc  tasks.o [1]


[1] = C:\Users\Goragod\Desktop\STM32F7\Project\STM32F7-Nucleo\EWARM\Debug\Obj
[2] = command line
[3] = dl7M_tln.a
[4] = m7M_tlv.a
[5] = rt7M_tl.a
[6] = shb_l.a

   6 294 bytes of readonly  code memory
   2 042 bytes of readonly  data memory
  19 818 bytes of readwrite data memory

Errors: none
Warnings: none
