###############################################################################
#
# IAR ELF Linker V7.80.1.11864/W32 for ARM                18/May/2017  17:21:48
# Copyright 2007-2016 IAR Systems AB.
#
#    Output file  =  
#        C:\Users\Goragod\Desktop\STM32F7\Project\STM32F7-Nucleo\EWARM\Debug\Exe\STM32F7-Nucleo-DVFS.out
#    Map file     =  
#        C:\Users\Goragod\Desktop\STM32F7\Project\STM32F7-Nucleo\EWARM\Debug\List\STM32F7-Nucleo-DVFS.map
#    Command line =  
#        C:\Users\Goragod\Desktop\STM32F7\Project\STM32F7-Nucleo\EWARM\Debug\Obj\croutine.o
#        C:\Users\Goragod\Desktop\STM32F7\Project\STM32F7-Nucleo\EWARM\Debug\Obj\event_groups.o
#        C:\Users\Goragod\Desktop\STM32F7\Project\STM32F7-Nucleo\EWARM\Debug\Obj\heap_4.o
#        C:\Users\Goragod\Desktop\STM32F7\Project\STM32F7-Nucleo\EWARM\Debug\Obj\list.o
#        C:\Users\Goragod\Desktop\STM32F7\Project\STM32F7-Nucleo\EWARM\Debug\Obj\main.o
#        C:\Users\Goragod\Desktop\STM32F7\Project\STM32F7-Nucleo\EWARM\Debug\Obj\perf_config.o
#        C:\Users\Goragod\Desktop\STM32F7\Project\STM32F7-Nucleo\EWARM\Debug\Obj\port.o
#        C:\Users\Goragod\Desktop\STM32F7\Project\STM32F7-Nucleo\EWARM\Debug\Obj\portasm.o
#        C:\Users\Goragod\Desktop\STM32F7\Project\STM32F7-Nucleo\EWARM\Debug\Obj\queue.o
#        C:\Users\Goragod\Desktop\STM32F7\Project\STM32F7-Nucleo\EWARM\Debug\Obj\startup_stm32f767xx.o
#        C:\Users\Goragod\Desktop\STM32F7\Project\STM32F7-Nucleo\EWARM\Debug\Obj\stm32f7xx_it.o
#        C:\Users\Goragod\Desktop\STM32F7\Project\STM32F7-Nucleo\EWARM\Debug\Obj\stm32f7xx_ll_adc.o
#        C:\Users\Goragod\Desktop\STM32F7\Project\STM32F7-Nucleo\EWARM\Debug\Obj\stm32f7xx_ll_crc.o
#        C:\Users\Goragod\Desktop\STM32F7\Project\STM32F7-Nucleo\EWARM\Debug\Obj\stm32f7xx_ll_dac.o
#        C:\Users\Goragod\Desktop\STM32F7\Project\STM32F7-Nucleo\EWARM\Debug\Obj\stm32f7xx_ll_dma.o
#        C:\Users\Goragod\Desktop\STM32F7\Project\STM32F7-Nucleo\EWARM\Debug\Obj\stm32f7xx_ll_dma2d.o
#        C:\Users\Goragod\Desktop\STM32F7\Project\STM32F7-Nucleo\EWARM\Debug\Obj\stm32f7xx_ll_exti.o
#        C:\Users\Goragod\Desktop\STM32F7\Project\STM32F7-Nucleo\EWARM\Debug\Obj\stm32f7xx_ll_fmc.o
#        C:\Users\Goragod\Desktop\STM32F7\Project\STM32F7-Nucleo\EWARM\Debug\Obj\stm32f7xx_ll_gpio.o
#        C:\Users\Goragod\Desktop\STM32F7\Project\STM32F7-Nucleo\EWARM\Debug\Obj\stm32f7xx_ll_i2c.o
#        C:\Users\Goragod\Desktop\STM32F7\Project\STM32F7-Nucleo\EWARM\Debug\Obj\stm32f7xx_ll_lptim.o
#        C:\Users\Goragod\Desktop\STM32F7\Project\STM32F7-Nucleo\EWARM\Debug\Obj\stm32f7xx_ll_pwr.o
#        C:\Users\Goragod\Desktop\STM32F7\Project\STM32F7-Nucleo\EWARM\Debug\Obj\stm32f7xx_ll_rcc.o
#        C:\Users\Goragod\Desktop\STM32F7\Project\STM32F7-Nucleo\EWARM\Debug\Obj\stm32f7xx_ll_rng.o
#        C:\Users\Goragod\Desktop\STM32F7\Project\STM32F7-Nucleo\EWARM\Debug\Obj\stm32f7xx_ll_rtc.o
#        C:\Users\Goragod\Desktop\STM32F7\Project\STM32F7-Nucleo\EWARM\Debug\Obj\stm32f7xx_ll_sdmmc.o
#        C:\Users\Goragod\Desktop\STM32F7\Project\STM32F7-Nucleo\EWARM\Debug\Obj\stm32f7xx_ll_spi.o
#        C:\Users\Goragod\Desktop\STM32F7\Project\STM32F7-Nucleo\EWARM\Debug\Obj\stm32f7xx_ll_tim.o
#        C:\Users\Goragod\Desktop\STM32F7\Project\STM32F7-Nucleo\EWARM\Debug\Obj\stm32f7xx_ll_usart.o
#        C:\Users\Goragod\Desktop\STM32F7\Project\STM32F7-Nucleo\EWARM\Debug\Obj\stm32f7xx_ll_usb.o
#        C:\Users\Goragod\Desktop\STM32F7\Project\STM32F7-Nucleo\EWARM\Debug\Obj\stm32f7xx_ll_utils.o
#        C:\Users\Goragod\Desktop\STM32F7\Project\STM32F7-Nucleo\EWARM\Debug\Obj\system_stm32f7xx.o
#        C:\Users\Goragod\Desktop\STM32F7\Project\STM32F7-Nucleo\EWARM\Debug\Obj\task_supervisor.o
#        C:\Users\Goragod\Desktop\STM32F7\Project\STM32F7-Nucleo\EWARM\Debug\Obj\tasks.o
#        C:\Users\Goragod\Desktop\STM32F7\Project\STM32F7-Nucleo\EWARM\Debug\Obj\timers.o
#        -o
#        C:\Users\Goragod\Desktop\STM32F7\Project\STM32F7-Nucleo\EWARM\Debug\Exe\STM32F7-Nucleo-DVFS.out
#        --map
#        C:\Users\Goragod\Desktop\STM32F7\Project\STM32F7-Nucleo\EWARM\Debug\List\STM32F7-Nucleo-DVFS.map
#        --config
#        C:\Users\Goragod\Desktop\STM32F7\Project\STM32F7-Nucleo\EWARM\stm32f767xx_flash.icf
#        --semihosting --entry __iar_program_start --vfe
#
###############################################################################

*******************************************************************************
*** RUNTIME MODEL ATTRIBUTES
***

CppFlavor       = *
__SystemLibrary = DLib


*******************************************************************************
*** PLACEMENT SUMMARY
***

"A0":  place at 0x08000000 { ro section .intvec };
"P1":  place in [from 0x08000000 to 0x081fffff] { ro };
"P2":  place in [from 0x20020000 to 0x2007ffff] { rw, block CSTACK, block HEAP };
initialize by copy { rw };

  Section            Kind        Address    Size  Object
  -------            ----        -------    ----  ------
"A0":                                      0x1f8
  .intvec            ro code  0x08000000   0x1f8  startup_stm32f767xx.o [1]
                            - 0x080001f8   0x1f8

"P1":                                     0x1f80
  .text              ro code  0x080001f8   0x7c4  tasks.o [1]
  .text              ro code  0x080009bc   0x274  heap_4.o [1]
  .text              ro code  0x08000c30    0x66  ABImemset.o [5]
  .text              ro code  0x08000c96    0x98  list.o [1]
  .text              ro code  0x08000d30   0x1dc  port.o [1]
  .text              ro code  0x08000f0c    0x68  stm32f7xx_it.o [1]
  .text              ro code  0x08000f74   0x334  main.o [1]
  CODE               ro code  0x080012a8    0xac  portasm.o [1]
  .text              ro code  0x08001354   0x290  perf_config.o [1]
  .text              ro code  0x080015e4    0x5a  task_supervisor.o [1]
  .text              ro code  0x08001640     0xc  stm32f7xx_ll_utils.o [1]
  .rodata            const    0x0800164c   0x550  perf_config.o [1]
  .rodata            const    0x08001b9c   0x250  perf_config.o [1]
  .text              ro code  0x08001dec    0x6c  system_stm32f7xx.o [1]
  .text              ro code  0x08001e58    0x40  zero_init3.o [5]
  .text              ro code  0x08001e98    0x2c  copy_init3.o [5]
  .text              ro code  0x08001ec4    0x28  data_init.o [5]
  .text              ro code  0x08001eec    0x22  fpinit_M.o [4]
  .iar.init_table    const    0x08001f10    0x24  - Linker created -
  .text              ro code  0x08001f34    0x1a  cmain.o [5]
  .text              ro code  0x08001f4e     0x4  low_level_init.o [3]
  .text              ro code  0x08001f52     0x4  exit.o [3]
  .text              ro code  0x08001f58     0xa  cexit.o [5]
  .text              ro code  0x08001f64    0x14  exit.o [6]
  .rodata            const    0x08001f78    0x10  main.o [1]
  .rodata            const    0x08001f88    0x10  perf_config.o [1]
  .text              ro code  0x08001f98    0x10  startup_stm32f767xx.o [1]
  .text              ro code  0x08001fa8     0xc  cstartup_M.o [5]
  .rodata            const    0x08001fb4     0x8  tasks.o [1]
  Initializer bytes  const    0x08001fbc     0x8  <for P2-1>
  .rodata            const    0x08001fc4     0x4  heap_4.o [1]
  .text              ro code  0x08001fc8     0x4  startup_stm32f767xx.o [1]
  .text              ro code  0x08001fcc     0x4  startup_stm32f767xx.o [1]
  .text              ro code  0x08001fd0     0x4  startup_stm32f767xx.o [1]
  .text              ro code  0x08001fd4     0x4  startup_stm32f767xx.o [1]
  .text              ro code  0x08001fd8     0x4  startup_stm32f767xx.o [1]
  .text              ro code  0x08001fdc     0x4  startup_stm32f767xx.o [1]
  .text              ro code  0x08001fe0     0x4  startup_stm32f767xx.o [1]
  .text              ro code  0x08001fe4     0x4  startup_stm32f767xx.o [1]
  .text              ro code  0x08001fe8     0x4  startup_stm32f767xx.o [1]
  .text              ro code  0x08001fec     0x4  startup_stm32f767xx.o [1]
  .text              ro code  0x08001ff0     0x4  startup_stm32f767xx.o [1]
  .text              ro code  0x08001ff4     0x4  startup_stm32f767xx.o [1]
  .text              ro code  0x08001ff8     0x4  startup_stm32f767xx.o [1]
  .text              ro code  0x08001ffc     0x4  startup_stm32f767xx.o [1]
  .text              ro code  0x08002000     0x4  startup_stm32f767xx.o [1]
  .text              ro code  0x08002004     0x4  startup_stm32f767xx.o [1]
  .text              ro code  0x08002008     0x4  startup_stm32f767xx.o [1]
  .text              ro code  0x0800200c     0x4  startup_stm32f767xx.o [1]
  .text              ro code  0x08002010     0x4  startup_stm32f767xx.o [1]
  .text              ro code  0x08002014     0x4  startup_stm32f767xx.o [1]
  .text              ro code  0x08002018     0x4  startup_stm32f767xx.o [1]
  .text              ro code  0x0800201c     0x4  startup_stm32f767xx.o [1]
  .text              ro code  0x08002020     0x4  startup_stm32f767xx.o [1]
  .text              ro code  0x08002024     0x4  startup_stm32f767xx.o [1]
  .text              ro code  0x08002028     0x4  startup_stm32f767xx.o [1]
  .text              ro code  0x0800202c     0x4  startup_stm32f767xx.o [1]
  .text              ro code  0x08002030     0x4  startup_stm32f767xx.o [1]
  .text              ro code  0x08002034     0x4  startup_stm32f767xx.o [1]
  .text              ro code  0x08002038     0x4  startup_stm32f767xx.o [1]
  .text              ro code  0x0800203c     0x4  startup_stm32f767xx.o [1]
  .text              ro code  0x08002040     0x4  startup_stm32f767xx.o [1]
  .text              ro code  0x08002044     0x4  startup_stm32f767xx.o [1]
  .text              ro code  0x08002048     0x4  startup_stm32f767xx.o [1]
  .text              ro code  0x0800204c     0x4  startup_stm32f767xx.o [1]
  .text              ro code  0x08002050     0x4  startup_stm32f767xx.o [1]
  .text              ro code  0x08002054     0x4  startup_stm32f767xx.o [1]
  .text              ro code  0x08002058     0x4  startup_stm32f767xx.o [1]
  .text              ro code  0x0800205c     0x4  startup_stm32f767xx.o [1]
  .text              ro code  0x08002060     0x4  startup_stm32f767xx.o [1]
  .text              ro code  0x08002064     0x4  startup_stm32f767xx.o [1]
  .text              ro code  0x08002068     0x4  startup_stm32f767xx.o [1]
  .text              ro code  0x0800206c     0x4  startup_stm32f767xx.o [1]
  .text              ro code  0x08002070     0x4  startup_stm32f767xx.o [1]
  .text              ro code  0x08002074     0x4  startup_stm32f767xx.o [1]
  .text              ro code  0x08002078     0x4  startup_stm32f767xx.o [1]
  .text              ro code  0x0800207c     0x4  startup_stm32f767xx.o [1]
  .text              ro code  0x08002080     0x4  startup_stm32f767xx.o [1]
  .text              ro code  0x08002084     0x4  startup_stm32f767xx.o [1]
  .text              ro code  0x08002088     0x4  startup_stm32f767xx.o [1]
  .text              ro code  0x0800208c     0x4  startup_stm32f767xx.o [1]
  .text              ro code  0x08002090     0x4  startup_stm32f767xx.o [1]
  .text              ro code  0x08002094     0x4  startup_stm32f767xx.o [1]
  .text              ro code  0x08002098     0x4  startup_stm32f767xx.o [1]
  .text              ro code  0x0800209c     0x4  startup_stm32f767xx.o [1]
  .text              ro code  0x080020a0     0x4  startup_stm32f767xx.o [1]
  .text              ro code  0x080020a4     0x4  startup_stm32f767xx.o [1]
  .text              ro code  0x080020a8     0x4  startup_stm32f767xx.o [1]
  .text              ro code  0x080020ac     0x4  startup_stm32f767xx.o [1]
  .text              ro code  0x080020b0     0x4  startup_stm32f767xx.o [1]
  .text              ro code  0x080020b4     0x4  startup_stm32f767xx.o [1]
  .text              ro code  0x080020b8     0x4  startup_stm32f767xx.o [1]
  .text              ro code  0x080020bc     0x4  startup_stm32f767xx.o [1]
  .text              ro code  0x080020c0     0x4  startup_stm32f767xx.o [1]
  .text              ro code  0x080020c4     0x4  startup_stm32f767xx.o [1]
  .text              ro code  0x080020c8     0x4  startup_stm32f767xx.o [1]
  .text              ro code  0x080020cc     0x4  startup_stm32f767xx.o [1]
  .text              ro code  0x080020d0     0x4  startup_stm32f767xx.o [1]
  .text              ro code  0x080020d4     0x4  startup_stm32f767xx.o [1]
  .text              ro code  0x080020d8     0x4  startup_stm32f767xx.o [1]
  .text              ro code  0x080020dc     0x4  startup_stm32f767xx.o [1]
  .text              ro code  0x080020e0     0x4  startup_stm32f767xx.o [1]
  .text              ro code  0x080020e4     0x4  startup_stm32f767xx.o [1]
  .text              ro code  0x080020e8     0x4  startup_stm32f767xx.o [1]
  .text              ro code  0x080020ec     0x4  startup_stm32f767xx.o [1]
  .text              ro code  0x080020f0     0x4  startup_stm32f767xx.o [1]
  .text              ro code  0x080020f4     0x4  startup_stm32f767xx.o [1]
  .text              ro code  0x080020f8     0x4  startup_stm32f767xx.o [1]
  .text              ro code  0x080020fc     0x4  startup_stm32f767xx.o [1]
  .text              ro code  0x08002100     0x4  startup_stm32f767xx.o [1]
  .text              ro code  0x08002104     0x4  startup_stm32f767xx.o [1]
  .text              ro code  0x08002108     0x4  startup_stm32f767xx.o [1]
  .text              ro code  0x0800210c     0x4  startup_stm32f767xx.o [1]
  .text              ro code  0x08002110     0x4  startup_stm32f767xx.o [1]
  .text              ro code  0x08002114     0x4  startup_stm32f767xx.o [1]
  .text              ro code  0x08002118     0x4  startup_stm32f767xx.o [1]
  .text              ro code  0x0800211c     0x4  startup_stm32f767xx.o [1]
  .text              ro code  0x08002120     0x4  startup_stm32f767xx.o [1]
  .text              ro code  0x08002124     0x4  startup_stm32f767xx.o [1]
  .text              ro code  0x08002128     0x4  startup_stm32f767xx.o [1]
  .text              ro code  0x0800212c     0x4  startup_stm32f767xx.o [1]
  .text              ro code  0x08002130     0x4  startup_stm32f767xx.o [1]
  .text              ro code  0x08002134     0x4  startup_stm32f767xx.o [1]
  .text              ro code  0x08002138     0x4  startup_stm32f767xx.o [1]
  .text              ro code  0x0800213c     0x4  startup_stm32f767xx.o [1]
  .text              ro code  0x08002140     0x4  startup_stm32f767xx.o [1]
  .text              ro code  0x08002144     0x4  startup_stm32f767xx.o [1]
  .text              ro code  0x08002148     0x4  startup_stm32f767xx.o [1]
  .text              ro code  0x0800214c     0x4  startup_stm32f767xx.o [1]
  .text              ro code  0x08002150     0x4  startup_stm32f767xx.o [1]
  .text              ro code  0x08002154     0x4  startup_stm32f767xx.o [1]
  .text              ro code  0x08002158     0x4  startup_stm32f767xx.o [1]
  .text              ro code  0x0800215c     0x4  startup_stm32f767xx.o [1]
  .text              ro code  0x08002160     0x4  startup_stm32f767xx.o [1]
  .text              ro code  0x08002164     0x4  startup_stm32f767xx.o [1]
  .text              ro code  0x08002168     0x4  startup_stm32f767xx.o [1]
  .text              ro code  0x0800216c     0x4  startup_stm32f767xx.o [1]
  .text              ro code  0x08002170     0x4  startup_stm32f767xx.o [1]
  .text              ro code  0x08002174     0x4  startup_stm32f767xx.o [1]
  .rodata            const    0x08002178     0x0  zero_init3.o [5]
  .rodata            const    0x08002178     0x0  copy_init3.o [5]
                            - 0x08002178  0x1f80

"P2", part 1 of 3:                           0x8
  P2-1                        0x20020000     0x8  <Init block>
    .data            inited   0x20020000     0x4  port.o [1]
    .data            inited   0x20020004     0x4  system_stm32f7xx.o [1]
                            - 0x20020008     0x8

"P2", part 2 of 3:                        0x1000
  CSTACK                      0x20020008  0x1000  <Block>
    CSTACK           uninit   0x20020008  0x1000  <Block tail>
                            - 0x20021008  0x1000

"P2", part 3 of 3:                        0x3d74
  .bss               zero     0x20021008  0x3c00  heap_4.o [1]
  .bss               zero     0x20024c08    0x8c  tasks.o [1]
  .bss               zero     0x20024c94    0x14  tasks.o [1]
  .bss               zero     0x20024ca8    0x14  tasks.o [1]
  .bss               zero     0x20024cbc    0x14  tasks.o [1]
  .bss               zero     0x20024cd0    0x14  tasks.o [1]
  .bss               zero     0x20024ce4    0x14  tasks.o [1]
  .bss               zero     0x20024cf8    0x10  perf_config.o [1]
  .bss               zero     0x20024d08     0xc  main.o [1]
  .bss               zero     0x20024d14     0x8  heap_4.o [1]
  .bss               zero     0x20024d1c     0x4  heap_4.o [1]
  .bss               zero     0x20024d20     0x4  heap_4.o [1]
  .bss               zero     0x20024d24     0x4  heap_4.o [1]
  .bss               zero     0x20024d28     0x4  heap_4.o [1]
  .bss               zero     0x20024d2c     0x4  main.o [1]
  .bss               zero     0x20024d30     0x4  port.o [1]
  .bss               zero     0x20024d34     0x4  stm32f7xx_it.o [1]
  .bss               zero     0x20024d38     0x4  stm32f7xx_it.o [1]
  .bss               zero     0x20024d3c     0x4  tasks.o [1]
  .bss               zero     0x20024d40     0x4  tasks.o [1]
  .bss               zero     0x20024d44     0x4  tasks.o [1]
  .bss               zero     0x20024d48     0x4  tasks.o [1]
  .bss               zero     0x20024d4c     0x4  tasks.o [1]
  .bss               zero     0x20024d50     0x4  tasks.o [1]
  .bss               zero     0x20024d54     0x4  tasks.o [1]
  .bss               zero     0x20024d58     0x4  tasks.o [1]
  .bss               zero     0x20024d5c     0x4  tasks.o [1]
  .bss               zero     0x20024d60     0x4  tasks.o [1]
  .bss               zero     0x20024d64     0x4  tasks.o [1]
  .bss               zero     0x20024d68     0x4  tasks.o [1]
  .bss               zero     0x20024d6c     0x4  tasks.o [1]
  .bss               zero     0x20024d70     0x4  tasks.o [1]
  .bss               zero     0x20024d74     0x4  tasks.o [1]
  .bss               zero     0x20024d78     0x1  perf_config.o [1]
  .bss               zero     0x20024d79     0x1  port.o [1]
                            - 0x20024d7a  0x3d72


*******************************************************************************
*** INIT TABLE
***

          Address     Size
          -------     ----
Zero (__iar_zero_init3)
    1 destination range, total size 0x3d72:
          0x20021008  0x3d72

Copy (__iar_copy_init3)
    1 source range, total size 0x8:
          0x08001fbc     0x8
    1 destination range, total size 0x8:
          0x20020000     0x8



*******************************************************************************
*** MODULE SUMMARY
***

    Module                 ro code  ro data  rw data
    ------                 -------  -------  -------
C:\Users\Goragod\Desktop\STM32F7\Project\STM32F7-Nucleo\EWARM\Debug\Obj: [1]
    heap_4.o                   628        4   15 384
    list.o                     152
    main.o                     820       16       16
    perf_config.o              656    1 968       17
    port.o                     476        4        9
    portasm.o                  172
    startup_stm32f767xx.o      952
    stm32f7xx_it.o             104                 8
    stm32f7xx_ll_utils.o        12
    system_stm32f7xx.o         108        4        4
    task_supervisor.o           90
    tasks.o                  1 988        8      300
    ------------------------------------------------
    Total:                   6 158    2 004   15 738

command line: [2]
    ------------------------------------------------
    Total:

dl7M_tln.a: [3]
    exit.o                       4
    low_level_init.o             4
    ------------------------------------------------
    Total:                       8

m7M_tlv.a: [4]
    fpinit_M.o                  34
    ------------------------------------------------
    Total:                      34

rt7M_tl.a: [5]
    ABImemset.o                102
    cexit.o                     10
    cmain.o                     26
    copy_init3.o                44
    cstartup_M.o                12
    data_init.o                 40
    zero_init3.o                64
    ------------------------------------------------
    Total:                     298

shb_l.a: [6]
    exit.o                      20
    ------------------------------------------------
    Total:                      20

    Gaps                         8        2
    Linker created                       36    4 096
----------------------------------------------------
    Grand Total:             6 526    2 042   19 834


*******************************************************************************
*** ENTRY LIST
***

Entry                      Address    Size  Type      Object
-----                      -------    ----  ----      ------
.iar.init_table$$Base   0x08001f10           --   Gb  - Linker created -
.iar.init_table$$Limit  0x08001f34           --   Gb  - Linker created -
?main                   0x08001f35          Code  Gb  cmain.o [5]
BusFault_Handler        0x08000f19     0x2  Code  Gb  stm32f7xx_it.o [1]
CSTACK$$Base            0x20020008           --   Gb  - Linker created -
CSTACK$$Limit           0x20021008           --   Gb  - Linker created -
ClkConfig               0x20024cf8    0x10  Data  Lc  perf_config.o [1]
ClockRateScale_High     0x08001b9c   0x250  Data  Gb  perf_config.o [1]
ClockRateScale_Low      0x0800164c   0x550  Data  Gb  perf_config.o [1]
ClockRateScale_Medium   0x08001f88    0x10  Data  Gb  perf_config.o [1]
DebugMon_Handler        0x08000f1d     0x2  Code  Gb  stm32f7xx_it.o [1]
HardFault_Handler       0x08000f15     0x2  Code  Gb  stm32f7xx_it.o [1]
LL_APB1_GRP1_EnableClock
                        0x08000fc5    0x1a  Code  Lc  main.o [1]
LL_FLASH_SetLatency     0x08001079    0x10  Code  Lc  main.o [1]
LL_MPU_ConfigRegion     0x080010db    0x1e  Code  Lc  main.o [1]
LL_MPU_Disable          0x080010cf     0xc  Code  Lc  main.o [1]
LL_MPU_Enable           0x080010bd    0x12  Code  Lc  main.o [1]
LL_PWR_DisableOverDriveMode
                        0x080013cf     0xe  Code  Lc  perf_config.o [1]
LL_PWR_DisableOverDriveSwitching
                        0x080013b3     0xe  Code  Lc  perf_config.o [1]
LL_PWR_EnableOverDriveMode
                        0x08001097     0xe  Code  Lc  main.o [1]
LL_PWR_EnableOverDriveMode
                        0x080013c1     0xe  Code  Lc  perf_config.o [1]
LL_PWR_EnableOverDriveSwitching
                        0x08001089     0xe  Code  Lc  main.o [1]
LL_PWR_EnableOverDriveSwitching
                        0x080013a5     0xe  Code  Lc  perf_config.o [1]
LL_PWR_IsActiveFlag_OD  0x080010a5     0xc  Code  Lc  main.o [1]
LL_PWR_IsActiveFlag_OD  0x080013ed     0xc  Code  Lc  perf_config.o [1]
LL_PWR_IsActiveFlag_ODSW
                        0x080010b1     0xc  Code  Lc  main.o [1]
LL_PWR_IsActiveFlag_ODSW
                        0x080013f9     0xc  Code  Lc  perf_config.o [1]
LL_PWR_SetRegulVoltageScaling
                        0x080013dd    0x10  Code  Lc  perf_config.o [1]
LL_RCC_GetSysClkSource  0x08001009     0xa  Code  Lc  main.o [1]
LL_RCC_GetSysClkSource  0x08001415     0xa  Code  Lc  perf_config.o [1]
LL_RCC_HSE_Enable       0x08000fdf     0xe  Code  Lc  main.o [1]
LL_RCC_HSE_IsReady      0x08000fed     0xc  Code  Lc  main.o [1]
LL_RCC_PLL_ConfigDomain_SYS
                        0x0800105d    0x1c  Code  Lc  main.o [1]
LL_RCC_PLL_ConfigDomain_SYS
                        0x08001447    0x1c  Code  Lc  perf_config.o [1]
LL_RCC_PLL_Disable      0x0800142d     0xe  Code  Lc  perf_config.o [1]
LL_RCC_PLL_Enable       0x08001043     0xe  Code  Lc  main.o [1]
LL_RCC_PLL_Enable       0x0800141f     0xe  Code  Lc  perf_config.o [1]
LL_RCC_PLL_IsReady      0x08001051     0xc  Code  Lc  main.o [1]
LL_RCC_PLL_IsReady      0x0800143b     0xc  Code  Lc  perf_config.o [1]
LL_RCC_SetAHBPrescaler  0x08001013    0x10  Code  Lc  main.o [1]
LL_RCC_SetAPB1Prescaler
                        0x08001023    0x10  Code  Lc  main.o [1]
LL_RCC_SetAPB2Prescaler
                        0x08001033    0x10  Code  Lc  main.o [1]
LL_RCC_SetSysClkSource  0x08000ff9    0x10  Code  Lc  main.o [1]
LL_RCC_SetSysClkSource  0x08001405    0x10  Code  Lc  perf_config.o [1]
LL_SetSystemCoreClock   0x08001641     0x6  Code  Gb  stm32f7xx_ll_utils.o [1]
MPU_Config              0x0800121d    0x1a  Code  Lc  main.o [1]
MemManage_Handler       0x08000f17     0x2  Code  Gb  stm32f7xx_it.o [1]
NMI_Handler             0x08000f13     0x2  Code  Gb  stm32f7xx_it.o [1]
NVIC_SetPriority        0x08000f75    0x22  Code  Lc  main.o [1]
NVIC_SetPriority        0x08001355    0x22  Code  Lc  perf_config.o [1]
PendSV_Handler          0x080012a9          Code  Gb  portasm.o [1]
Region$$Table$$Base     0x08001f10           --   Gb  - Linker created -
Region$$Table$$Limit    0x08001f34           --   Gb  - Linker created -
SVC_Handler             0x08001305          Code  Gb  portasm.o [1]
StandbyState            0x20024d78     0x1  Data  Lc  perf_config.o [1]
SysTask_1               0x0800116d    0x2c  Code  Lc  main.o [1]
SysTick_Config          0x08000f97    0x2e  Code  Lc  main.o [1]
SysTick_Config          0x08001377    0x2e  Code  Lc  perf_config.o [1]
SysTick_Handler         0x08000f1f    0x12  Code  Gb  stm32f7xx_it.o [1]
SystemClock_Config      0x0800119b    0x82  Code  Gb  main.o [1]
SystemCoreClock         0x20020004     0x4  Data  Gb  system_stm32f7xx.o [1]
SystemInit              0x08001ded    0x4c  Code  Gb  system_stm32f7xx.o [1]
SystemTask_Instance     0x20024d08     0xc  Data  Gb  main.o [1]
System_GetCounter       0x08000f0d     0x6  Code  Lc  stm32f7xx_it.o [1]
System_GetCounter       0x080015e5     0x6  Code  Lc  task_supervisor.o [1]
System_GetElapseTime    0x08001631     0xe  Code  Gb  task_supervisor.o [1]
System_GetTaskEXETime   0x080015eb    0x30  Code  Gb  task_supervisor.o [1]
System_StartCounter     0x0800161b     0xc  Code  Gb  task_supervisor.o [1]
System_SuperviosrInit   0x080010f9    0x1a  Code  Lc  main.o [1]
System_TaskCreate       0x08001113    0x28  Code  Lc  main.o [1]
TRACE_DeadlineSupervisor
                        0x08000f31    0x36  Code  Gb  stm32f7xx_it.o [1]
TaskPerf_ClockRateSwitch
                        0x08001463   0x13c  Code  Gb  perf_config.o [1]
UsageFault_Handler      0x08000f1b     0x2  Code  Gb  stm32f7xx_it.o [1]
__aeabi_memset          0x08000c31          Code  Gb  ABImemset.o [5]
__cmain                 0x08001f35          Code  Gb  cmain.o [5]
__exit                  0x08001f65    0x14  Code  Gb  exit.o [6]
__iar_Memset            0x08000c31          Code  Gb  ABImemset.o [5]
__iar_Memset_word       0x08000c39          Code  Gb  ABImemset.o [5]
__iar_copy_init3        0x08001e99    0x2c  Code  Gb  copy_init3.o [5]
__iar_data_init3        0x08001ec5    0x28  Code  Gb  data_init.o [5]
__iar_init_vfp          0x08001eed          Code  Gb  fpinit_M.o [4]
__iar_program_start     0x08001fa9          Code  Gb  cstartup_M.o [5]
__iar_zero_init3        0x08001e59    0x40  Code  Gb  zero_init3.o [5]
__low_level_init        0x08001f4f     0x4  Code  Gb  low_level_init.o [3]
__vector_table          0x08000000          Data  Gb  startup_stm32f767xx.o [1]
_call_main              0x08001f41          Code  Gb  cmain.o [5]
_exit                   0x08001f59          Code  Gb  cexit.o [5]
_main                   0x08001f4b          Code  Gb  cmain.o [5]
exe                     0x20024d2c     0x4  Data  Gb  main.o [1]
exit                    0x08001f53     0x4  Code  Gb  exit.o [3]
local_instance          0x20024d34     0x4  Data  Gb  stm32f7xx_it.o [1]
main                    0x0800113b    0x30  Code  Gb  main.o [1]
prvAddCurrentTaskToDelayedList
                        0x08000905    0x80  Code  Lc  tasks.o [1]
prvAddNewTaskToReadyList
                        0x08000337    0xc0  Code  Lc  tasks.o [1]
prvCheckTasksWaitingTermination
                        0x08000839    0x64  Code  Lc  tasks.o [1]
prvDeleteTCB            0x080008a1    0x12  Code  Lc  tasks.o [1]
prvHeapInit             0x08000b53    0x64  Code  Lc  heap_4.o [1]
prvIdleTask             0x08000771    0x28  Code  Lc  tasks.o [1]
prvInitialiseNewTask    0x0800026f    0xc8  Code  Lc  tasks.o [1]
prvInitialiseTaskLists  0x080007d5    0x56  Code  Lc  tasks.o [1]
prvInsertBlockIntoFreeList
                        0x08000bb7    0x5c  Code  Lc  heap_4.o [1]
prvResetNextTaskUnblockTime
                        0x080008b3    0x28  Code  Lc  tasks.o [1]
prvTaskExitError        0x08000d59    0x32  Code  Lc  port.o [1]
pvPortMalloc            0x080009bd   0x118  Code  Gb  heap_4.o [1]
pvTaskGetThreadLocalStoragePointer
                        0x080007b5    0x20  Code  Gb  tasks.o [1]
pxCurrentTCB            0x20024d3c     0x4  Data  Gb  tasks.o [1]
pxDelayedTaskList       0x20024d40     0x4  Data  Lc  tasks.o [1]
pxEnd                   0x20024d1c     0x4  Data  Lc  heap_4.o [1]
pxOverflowDelayedTaskList
                        0x20024d44     0x4  Data  Lc  tasks.o [1]
pxPortInitialiseStack   0x08000d31    0x28  Code  Gb  port.o [1]
pxReadyTasksLists       0x20024c08    0x8c  Data  Lc  tasks.o [1]
task_param_instance     0x20024d38     0x4  Data  Gb  stm32f7xx_it.o [1]
ucHeap                  0x20021008  0x3c00  Data  Lc  heap_4.o [1]
ucMaxSysCallPriority    0x20024d79     0x1  Data  Lc  port.o [1]
ulMaxPRIGROUPValue      0x20024d30     0x4  Data  Lc  port.o [1]
uxCriticalNesting       0x20020000     0x4  Data  Lc  port.o [1]
uxCurrentNumberOfTasks  0x20024d4c     0x4  Data  Lc  tasks.o [1]
uxDeletedTasksWaitingCleanUp
                        0x20024d48     0x4  Data  Lc  tasks.o [1]
uxListRemove            0x08000d09    0x26  Code  Gb  list.o [1]
uxPendedTicks           0x20024d5c     0x4  Data  Lc  tasks.o [1]
uxSchedulerSuspended    0x20024d74     0x4  Data  Lc  tasks.o [1]
uxTaskNumber            0x20024d68     0x4  Data  Lc  tasks.o [1]
uxTopReadyPriority      0x20024d54     0x4  Data  Lc  tasks.o [1]
vApplicationIdleHook    0x08001199     0x2  Code  Gb  main.o [1]
vListInitialise         0x08000c97    0x1e  Code  Gb  list.o [1]
vListInitialiseItem     0x08000cb5     0x6  Code  Gb  list.o [1]
vListInsert             0x08000cd3    0x36  Code  Gb  list.o [1]
vListInsertEnd          0x08000cbb    0x18  Code  Gb  list.o [1]
vPortEnableVFP          0x08001339          Code  Gb  portasm.o [1]
vPortEnterCritical      0x08000e23    0x42  Code  Gb  port.o [1]
vPortExitCritical       0x08000e65    0x36  Code  Gb  port.o [1]
vPortFree               0x08000ad5    0x7e  Code  Gb  heap_4.o [1]
vPortSetupTimerInterrupt
                        0x08000ee5    0x28  Code  Wk  port.o [1]
vPortStartFirstTask     0x08001321          Code  Gb  portasm.o [1]
vTaskDelay              0x080003f7    0x50  Code  Gb  tasks.o [1]
vTaskSetThreadLocalStoragePointer
                        0x08000799    0x18  Code  Gb  tasks.o [1]
vTaskStartScheduler     0x08000447    0x6e  Code  Gb  tasks.o [1]
vTaskSuspendAll         0x080004b5    0x10  Code  Gb  tasks.o [1]
vTaskSwitchContext      0x080006dd    0x7a  Code  Gb  tasks.o [1]
xBlockAllocatedBit      0x20024d28     0x4  Data  Lc  heap_4.o [1]
xDelayedTaskList1       0x20024c94    0x14  Data  Lc  tasks.o [1]
xDelayedTaskList2       0x20024ca8    0x14  Data  Lc  tasks.o [1]
xFreeBytesRemaining     0x20024d20     0x4  Data  Lc  heap_4.o [1]
xHeapStructSize         0x08001fc4     0x4  Data  Lc  heap_4.o [1]
xIdleTaskHandle         0x20024d70     0x4  Data  Lc  tasks.o [1]
xMinimumEverFreeBytesRemaining
                        0x20024d24     0x4  Data  Lc  heap_4.o [1]
xNextTaskUnblockTime    0x20024d6c     0x4  Data  Lc  tasks.o [1]
xNumOfOverflows         0x20024d64     0x4  Data  Lc  tasks.o [1]
xPendingReadyList       0x20024cbc    0x14  Data  Lc  tasks.o [1]
xPortStartScheduler     0x08000d8b    0x98  Code  Gb  port.o [1]
xPortSysTickHandler     0x08000e9b    0x2c  Code  Gb  port.o [1]
xSchedulerRunning       0x20024d58     0x4  Data  Lc  tasks.o [1]
xStart                  0x20024d14     0x8  Data  Lc  heap_4.o [1]
xSuspendedTaskList      0x20024ce4    0x14  Data  Lc  tasks.o [1]
xTaskCreate             0x080001f9    0x76  Code  Gb  tasks.o [1]
xTaskGetCurrentTaskHandle
                        0x080008db     0x8  Code  Gb  tasks.o [1]
xTaskIncrementTick      0x080005c3   0x11a  Code  Gb  tasks.o [1]
xTaskResumeAll          0x080004c5    0xfe  Code  Gb  tasks.o [1]
xTasksWaitingTermination
                        0x20024cd0    0x14  Data  Lc  tasks.o [1]
xTickCount              0x20024d50     0x4  Data  Lc  tasks.o [1]
xYieldPending           0x20024d60     0x4  Data  Lc  tasks.o [1]


[1] = C:\Users\Goragod\Desktop\STM32F7\Project\STM32F7-Nucleo\EWARM\Debug\Obj
[2] = command line
[3] = dl7M_tln.a
[4] = m7M_tlv.a
[5] = rt7M_tl.a
[6] = shb_l.a

   6 526 bytes of readonly  code memory
   2 042 bytes of readonly  data memory
  19 834 bytes of readwrite data memory

Errors: none
Warnings: none
