###############################################################################
#
# IAR ELF Linker V8.20.2.14835/W32 for ARM                23/Apr/2018  23:57:22
# Copyright 2007-2017 IAR Systems AB.
#
#    Output file  =  
#        C:\Users\Goragod\Desktop\Workspace\STM32F7\Project\STM32F7-Nucleo\EWARM\Debug\Exe\STM32F7-Nucleo-DVFS.out
#    Map file     =  
#        C:\Users\Goragod\Desktop\Workspace\STM32F7\Project\STM32F7-Nucleo\EWARM\Debug\List\STM32F7-Nucleo-DVFS.map
#    Command line =  
#        -f C:\Users\Goragod\AppData\Local\Temp\EWB5FB.tmp
#        (C:\Users\Goragod\Desktop\Workspace\STM32F7\Project\STM32F7-Nucleo\EWARM\Debug\Obj\bb_sort.o
#        C:\Users\Goragod\Desktop\Workspace\STM32F7\Project\STM32F7-Nucleo\EWARM\Debug\Obj\croutine.o
#        C:\Users\Goragod\Desktop\Workspace\STM32F7\Project\STM32F7-Nucleo\EWARM\Debug\Obj\event_groups.o
#        C:\Users\Goragod\Desktop\Workspace\STM32F7\Project\STM32F7-Nucleo\EWARM\Debug\Obj\heap_4.o
#        C:\Users\Goragod\Desktop\Workspace\STM32F7\Project\STM32F7-Nucleo\EWARM\Debug\Obj\list.o
#        C:\Users\Goragod\Desktop\Workspace\STM32F7\Project\STM32F7-Nucleo\EWARM\Debug\Obj\main.o
#        C:\Users\Goragod\Desktop\Workspace\STM32F7\Project\STM32F7-Nucleo\EWARM\Debug\Obj\md5.o
#        C:\Users\Goragod\Desktop\Workspace\STM32F7\Project\STM32F7-Nucleo\EWARM\Debug\Obj\perf_config.o
#        C:\Users\Goragod\Desktop\Workspace\STM32F7\Project\STM32F7-Nucleo\EWARM\Debug\Obj\port.o
#        C:\Users\Goragod\Desktop\Workspace\STM32F7\Project\STM32F7-Nucleo\EWARM\Debug\Obj\portasm.o
#        C:\Users\Goragod\Desktop\Workspace\STM32F7\Project\STM32F7-Nucleo\EWARM\Debug\Obj\queue.o
#        C:\Users\Goragod\Desktop\Workspace\STM32F7\Project\STM32F7-Nucleo\EWARM\Debug\Obj\startup_stm32f767xx.o
#        C:\Users\Goragod\Desktop\Workspace\STM32F7\Project\STM32F7-Nucleo\EWARM\Debug\Obj\stm32f7xx_it.o
#        C:\Users\Goragod\Desktop\Workspace\STM32F7\Project\STM32F7-Nucleo\EWARM\Debug\Obj\stm32f7xx_ll_adc.o
#        C:\Users\Goragod\Desktop\Workspace\STM32F7\Project\STM32F7-Nucleo\EWARM\Debug\Obj\stm32f7xx_ll_crc.o
#        C:\Users\Goragod\Desktop\Workspace\STM32F7\Project\STM32F7-Nucleo\EWARM\Debug\Obj\stm32f7xx_ll_dac.o
#        C:\Users\Goragod\Desktop\Workspace\STM32F7\Project\STM32F7-Nucleo\EWARM\Debug\Obj\stm32f7xx_ll_dma.o
#        C:\Users\Goragod\Desktop\Workspace\STM32F7\Project\STM32F7-Nucleo\EWARM\Debug\Obj\stm32f7xx_ll_dma2d.o
#        C:\Users\Goragod\Desktop\Workspace\STM32F7\Project\STM32F7-Nucleo\EWARM\Debug\Obj\stm32f7xx_ll_exti.o
#        C:\Users\Goragod\Desktop\Workspace\STM32F7\Project\STM32F7-Nucleo\EWARM\Debug\Obj\stm32f7xx_ll_fmc.o
#        C:\Users\Goragod\Desktop\Workspace\STM32F7\Project\STM32F7-Nucleo\EWARM\Debug\Obj\stm32f7xx_ll_gpio.o
#        C:\Users\Goragod\Desktop\Workspace\STM32F7\Project\STM32F7-Nucleo\EWARM\Debug\Obj\stm32f7xx_ll_i2c.o
#        C:\Users\Goragod\Desktop\Workspace\STM32F7\Project\STM32F7-Nucleo\EWARM\Debug\Obj\stm32f7xx_ll_lptim.o
#        C:\Users\Goragod\Desktop\Workspace\STM32F7\Project\STM32F7-Nucleo\EWARM\Debug\Obj\stm32f7xx_ll_pwr.o
#        C:\Users\Goragod\Desktop\Workspace\STM32F7\Project\STM32F7-Nucleo\EWARM\Debug\Obj\stm32f7xx_ll_rcc.o
#        C:\Users\Goragod\Desktop\Workspace\STM32F7\Project\STM32F7-Nucleo\EWARM\Debug\Obj\stm32f7xx_ll_rng.o
#        C:\Users\Goragod\Desktop\Workspace\STM32F7\Project\STM32F7-Nucleo\EWARM\Debug\Obj\stm32f7xx_ll_rtc.o
#        C:\Users\Goragod\Desktop\Workspace\STM32F7\Project\STM32F7-Nucleo\EWARM\Debug\Obj\stm32f7xx_ll_sdmmc.o
#        C:\Users\Goragod\Desktop\Workspace\STM32F7\Project\STM32F7-Nucleo\EWARM\Debug\Obj\stm32f7xx_ll_spi.o
#        C:\Users\Goragod\Desktop\Workspace\STM32F7\Project\STM32F7-Nucleo\EWARM\Debug\Obj\stm32f7xx_ll_tim.o
#        C:\Users\Goragod\Desktop\Workspace\STM32F7\Project\STM32F7-Nucleo\EWARM\Debug\Obj\stm32f7xx_ll_usart.o
#        C:\Users\Goragod\Desktop\Workspace\STM32F7\Project\STM32F7-Nucleo\EWARM\Debug\Obj\stm32f7xx_ll_usb.o
#        C:\Users\Goragod\Desktop\Workspace\STM32F7\Project\STM32F7-Nucleo\EWARM\Debug\Obj\stm32f7xx_ll_utils.o
#        C:\Users\Goragod\Desktop\Workspace\STM32F7\Project\STM32F7-Nucleo\EWARM\Debug\Obj\system_stm32f7xx.o
#        C:\Users\Goragod\Desktop\Workspace\STM32F7\Project\STM32F7-Nucleo\EWARM\Debug\Obj\task_supervisor.o
#        C:\Users\Goragod\Desktop\Workspace\STM32F7\Project\STM32F7-Nucleo\EWARM\Debug\Obj\tasks.o
#        C:\Users\Goragod\Desktop\Workspace\STM32F7\Project\STM32F7-Nucleo\EWARM\Debug\Obj\timers.o
#        -o
#        C:\Users\Goragod\Desktop\Workspace\STM32F7\Project\STM32F7-Nucleo\EWARM\Debug\Exe\STM32F7-Nucleo-DVFS.out
#        --map
#        C:\Users\Goragod\Desktop\Workspace\STM32F7\Project\STM32F7-Nucleo\EWARM\Debug\List\STM32F7-Nucleo-DVFS.map
#        --config
#        C:\Users\Goragod\Desktop\Workspace\STM32F7\Project\STM32F7-Nucleo\EWARM\stm32f767xx_flash.icf
#        --semihosting --entry __iar_program_start --vfe --text_out locale)
#
###############################################################################

*******************************************************************************
*** RUNTIME MODEL ATTRIBUTES
***

CppFlavor       = *
__Heap_Handler  = DLMalloc
__SystemLibrary = DLib
__dlib_version  = 6


*******************************************************************************
*** HEAP SELECTION
***

The advanced heap was selected because the application calls memory
allocation functions outside of system library functions, and there
are calls to deallocation functions in the application.


*******************************************************************************
*** PLACEMENT SUMMARY
***

"A0":  place at 0x08000000 { ro section .intvec };
"P1":  place in [from 0x08000000 to 0x081fffff] { ro };
define block CSTACK with size = 4K, alignment = 8 { };
define block HEAP with size = 2K, alignment = 8 { };
"P2":  place in [from 0x20020000 to 0x2007ffff] {
          rw, block CSTACK, block HEAP };
initialize by copy { rw };

  Section            Kind        Address    Size  Object
  -------            ----        -------    ----  ------
"A0":                                      0x1f8
  .intvec            ro code  0x08000000   0x1f8  startup_stm32f767xx.o [1]
                            - 0x080001f8   0x1f8

"P1":                                     0x3b34
  .text              ro code  0x080001f8  0x1514  dlmalloc.o [3]
  .text              ro code  0x0800170c     0x6  abort.o [3]
  .text              ro code  0x08001714    0x2c  xgetmemchunk.o [3]
  .text              ro code  0x08001740     0x6  ABImemclr.o [5]
  .text              ro code  0x08001748    0x14  exit.o [6]
  .text              ro code  0x0800175c    0x66  ABImemset.o [5]
  .text              ro code  0x080017c4   0x694  tasks.o [1]
  .text              ro code  0x08001e58   0x270  heap_4.o [1]
  .text              ro code  0x080020c8    0x98  list.o [1]
  .text              ro code  0x08002160   0x108  port.o [1]
  .text              ro code  0x08002268    0xcc  stm32f7xx_it.o [1]
  .text              ro code  0x08002334    0x66  task_supervisor.o [1]
  .text              ro code  0x0800239c   0x50c  main.o [1]
  .text              ro code  0x080028a8   0x298  perf_config.o [1]
  .text              ro code  0x08002b40   0x11a  stm32f7xx_ll_exti.o [1]
  .text              ro code  0x08002c5c   0x250  md5.o [1]
  .text              ro code  0x08002eac     0xc  stm32f7xx_ll_utils.o [1]
  .text              ro code  0x08002eb8    0xa6  ABImemcpy.o [5]
  .text              ro code  0x08002f5e     0x4  heaptramp0.o [3]
  .rodata            const    0x08002f64   0x550  perf_config.o [1]
  .rodata            const    0x080034b4   0x250  perf_config.o [1]
  .rodata            const    0x08003704   0x100  md5.o [1]
  .rodata            const    0x08003804   0x100  md5.o [1]
  CODE               ro code  0x08003904    0xac  portasm.o [1]
  .text              ro code  0x080039b0    0x6c  system_stm32f7xx.o [1]
  .text              ro code  0x08003a1c    0x40  zero_init3.o [5]
  .text              ro code  0x08003a5c    0x2c  copy_init3.o [5]
  .text              ro code  0x08003a88    0x28  data_init.o [5]
  .text              ro code  0x08003ab0    0x22  fpinit_M.o [4]
  .iar.init_table    const    0x08003ad4    0x24  - Linker created -
  .text              ro code  0x08003af8    0x1e  cmain.o [5]
  .text              ro code  0x08003b16     0x4  low_level_init.o [3]
  .text              ro code  0x08003b1a     0x4  exit.o [3]
  .text              ro code  0x08003b20     0xa  cexit.o [5]
  .rodata            const    0x08003b2c    0x10  main.o [1]
  .rodata            const    0x08003b3c    0x10  perf_config.o [1]
  .text              ro code  0x08003b4c    0x10  startup_stm32f767xx.o [1]
  .text              ro code  0x08003b5c     0xc  cstartup_M.o [5]
  Initializer bytes  const    0x08003b68     0xc  <for P2-1>
  .rodata            const    0x08003b74     0x8  main.o [1]
  .rodata            const    0x08003b7c     0x4  heap_4.o [1]
  .text              ro code  0x08003b80     0x4  startup_stm32f767xx.o [1]
  .text              ro code  0x08003b84     0x4  startup_stm32f767xx.o [1]
  .text              ro code  0x08003b88     0x4  startup_stm32f767xx.o [1]
  .text              ro code  0x08003b8c     0x4  startup_stm32f767xx.o [1]
  .text              ro code  0x08003b90     0x4  startup_stm32f767xx.o [1]
  .text              ro code  0x08003b94     0x4  startup_stm32f767xx.o [1]
  .text              ro code  0x08003b98     0x4  startup_stm32f767xx.o [1]
  .text              ro code  0x08003b9c     0x4  startup_stm32f767xx.o [1]
  .text              ro code  0x08003ba0     0x4  startup_stm32f767xx.o [1]
  .text              ro code  0x08003ba4     0x4  startup_stm32f767xx.o [1]
  .text              ro code  0x08003ba8     0x4  startup_stm32f767xx.o [1]
  .text              ro code  0x08003bac     0x4  startup_stm32f767xx.o [1]
  .text              ro code  0x08003bb0     0x4  startup_stm32f767xx.o [1]
  .text              ro code  0x08003bb4     0x4  startup_stm32f767xx.o [1]
  .text              ro code  0x08003bb8     0x4  startup_stm32f767xx.o [1]
  .text              ro code  0x08003bbc     0x4  startup_stm32f767xx.o [1]
  .text              ro code  0x08003bc0     0x4  startup_stm32f767xx.o [1]
  .text              ro code  0x08003bc4     0x4  startup_stm32f767xx.o [1]
  .text              ro code  0x08003bc8     0x4  startup_stm32f767xx.o [1]
  .text              ro code  0x08003bcc     0x4  startup_stm32f767xx.o [1]
  .text              ro code  0x08003bd0     0x4  startup_stm32f767xx.o [1]
  .text              ro code  0x08003bd4     0x4  startup_stm32f767xx.o [1]
  .text              ro code  0x08003bd8     0x4  startup_stm32f767xx.o [1]
  .text              ro code  0x08003bdc     0x4  startup_stm32f767xx.o [1]
  .text              ro code  0x08003be0     0x4  startup_stm32f767xx.o [1]
  .text              ro code  0x08003be4     0x4  startup_stm32f767xx.o [1]
  .text              ro code  0x08003be8     0x4  startup_stm32f767xx.o [1]
  .text              ro code  0x08003bec     0x4  startup_stm32f767xx.o [1]
  .text              ro code  0x08003bf0     0x4  startup_stm32f767xx.o [1]
  .text              ro code  0x08003bf4     0x4  startup_stm32f767xx.o [1]
  .text              ro code  0x08003bf8     0x4  startup_stm32f767xx.o [1]
  .text              ro code  0x08003bfc     0x4  startup_stm32f767xx.o [1]
  .text              ro code  0x08003c00     0x4  startup_stm32f767xx.o [1]
  .text              ro code  0x08003c04     0x4  startup_stm32f767xx.o [1]
  .text              ro code  0x08003c08     0x4  startup_stm32f767xx.o [1]
  .text              ro code  0x08003c0c     0x4  startup_stm32f767xx.o [1]
  .text              ro code  0x08003c10     0x4  startup_stm32f767xx.o [1]
  .text              ro code  0x08003c14     0x4  startup_stm32f767xx.o [1]
  .text              ro code  0x08003c18     0x4  startup_stm32f767xx.o [1]
  .text              ro code  0x08003c1c     0x4  startup_stm32f767xx.o [1]
  .text              ro code  0x08003c20     0x4  startup_stm32f767xx.o [1]
  .text              ro code  0x08003c24     0x4  startup_stm32f767xx.o [1]
  .text              ro code  0x08003c28     0x4  startup_stm32f767xx.o [1]
  .text              ro code  0x08003c2c     0x4  startup_stm32f767xx.o [1]
  .text              ro code  0x08003c30     0x4  startup_stm32f767xx.o [1]
  .text              ro code  0x08003c34     0x4  startup_stm32f767xx.o [1]
  .text              ro code  0x08003c38     0x4  startup_stm32f767xx.o [1]
  .text              ro code  0x08003c3c     0x4  startup_stm32f767xx.o [1]
  .text              ro code  0x08003c40     0x4  startup_stm32f767xx.o [1]
  .text              ro code  0x08003c44     0x4  startup_stm32f767xx.o [1]
  .text              ro code  0x08003c48     0x4  startup_stm32f767xx.o [1]
  .text              ro code  0x08003c4c     0x4  startup_stm32f767xx.o [1]
  .text              ro code  0x08003c50     0x4  startup_stm32f767xx.o [1]
  .text              ro code  0x08003c54     0x4  startup_stm32f767xx.o [1]
  .text              ro code  0x08003c58     0x4  startup_stm32f767xx.o [1]
  .text              ro code  0x08003c5c     0x4  startup_stm32f767xx.o [1]
  .text              ro code  0x08003c60     0x4  startup_stm32f767xx.o [1]
  .text              ro code  0x08003c64     0x4  startup_stm32f767xx.o [1]
  .text              ro code  0x08003c68     0x4  startup_stm32f767xx.o [1]
  .text              ro code  0x08003c6c     0x4  startup_stm32f767xx.o [1]
  .text              ro code  0x08003c70     0x4  startup_stm32f767xx.o [1]
  .text              ro code  0x08003c74     0x4  startup_stm32f767xx.o [1]
  .text              ro code  0x08003c78     0x4  startup_stm32f767xx.o [1]
  .text              ro code  0x08003c7c     0x4  startup_stm32f767xx.o [1]
  .text              ro code  0x08003c80     0x4  startup_stm32f767xx.o [1]
  .text              ro code  0x08003c84     0x4  startup_stm32f767xx.o [1]
  .text              ro code  0x08003c88     0x4  startup_stm32f767xx.o [1]
  .text              ro code  0x08003c8c     0x4  startup_stm32f767xx.o [1]
  .text              ro code  0x08003c90     0x4  startup_stm32f767xx.o [1]
  .text              ro code  0x08003c94     0x4  startup_stm32f767xx.o [1]
  .text              ro code  0x08003c98     0x4  startup_stm32f767xx.o [1]
  .text              ro code  0x08003c9c     0x4  startup_stm32f767xx.o [1]
  .text              ro code  0x08003ca0     0x4  startup_stm32f767xx.o [1]
  .text              ro code  0x08003ca4     0x4  startup_stm32f767xx.o [1]
  .text              ro code  0x08003ca8     0x4  startup_stm32f767xx.o [1]
  .text              ro code  0x08003cac     0x4  startup_stm32f767xx.o [1]
  .text              ro code  0x08003cb0     0x4  startup_stm32f767xx.o [1]
  .text              ro code  0x08003cb4     0x4  startup_stm32f767xx.o [1]
  .text              ro code  0x08003cb8     0x4  startup_stm32f767xx.o [1]
  .text              ro code  0x08003cbc     0x4  startup_stm32f767xx.o [1]
  .text              ro code  0x08003cc0     0x4  startup_stm32f767xx.o [1]
  .text              ro code  0x08003cc4     0x4  startup_stm32f767xx.o [1]
  .text              ro code  0x08003cc8     0x4  startup_stm32f767xx.o [1]
  .text              ro code  0x08003ccc     0x4  startup_stm32f767xx.o [1]
  .text              ro code  0x08003cd0     0x4  startup_stm32f767xx.o [1]
  .text              ro code  0x08003cd4     0x4  startup_stm32f767xx.o [1]
  .text              ro code  0x08003cd8     0x4  startup_stm32f767xx.o [1]
  .text              ro code  0x08003cdc     0x4  startup_stm32f767xx.o [1]
  .text              ro code  0x08003ce0     0x4  startup_stm32f767xx.o [1]
  .text              ro code  0x08003ce4     0x4  startup_stm32f767xx.o [1]
  .text              ro code  0x08003ce8     0x4  startup_stm32f767xx.o [1]
  .text              ro code  0x08003cec     0x4  startup_stm32f767xx.o [1]
  .text              ro code  0x08003cf0     0x4  startup_stm32f767xx.o [1]
  .text              ro code  0x08003cf4     0x4  startup_stm32f767xx.o [1]
  .text              ro code  0x08003cf8     0x4  startup_stm32f767xx.o [1]
  .text              ro code  0x08003cfc     0x4  startup_stm32f767xx.o [1]
  .text              ro code  0x08003d00     0x4  startup_stm32f767xx.o [1]
  .text              ro code  0x08003d04     0x4  startup_stm32f767xx.o [1]
  .text              ro code  0x08003d08     0x4  startup_stm32f767xx.o [1]
  .text              ro code  0x08003d0c     0x4  startup_stm32f767xx.o [1]
  .text              ro code  0x08003d10     0x4  startup_stm32f767xx.o [1]
  .text              ro code  0x08003d14     0x4  startup_stm32f767xx.o [1]
  .text              ro code  0x08003d18     0x4  startup_stm32f767xx.o [1]
  .text              ro code  0x08003d1c     0x4  startup_stm32f767xx.o [1]
  .text              ro code  0x08003d20     0x4  startup_stm32f767xx.o [1]
  .text              ro code  0x08003d24     0x4  startup_stm32f767xx.o [1]
  .text              ro code  0x08003d28     0x4  startup_stm32f767xx.o [1]
  .rodata            const    0x08003d2c     0x0  zero_init3.o [5]
  .rodata            const    0x08003d2c     0x0  copy_init3.o [5]
                            - 0x08003d2c  0x3b34

"P2", part 1 of 3:                           0xc
  P2-1                        0x20020000     0x9  <Init block>
    .data            inited   0x20020000     0x4  port.o [1]
    .data            inited   0x20020004     0x4  system_stm32f7xx.o [1]
    .data            inited   0x20020008     0x1  main.o [1]
                            - 0x20020009     0x9

"P2", part 2 of 3:                        0x3f80
  .bss               zero     0x2002000c  0x3c00  heap_4.o [1]
  .bss               zero     0x20023c0c   0x1d8  dlmalloc.o [3]
  .bss               zero     0x20023de4    0x8c  tasks.o [1]
  .bss               zero     0x20023e70    0x18  dlmalloc.o [3]
  .bss               zero     0x20023e88    0x14  main.o [1]
  .bss               zero     0x20023e9c    0x14  tasks.o [1]
  .bss               zero     0x20023eb0    0x14  tasks.o [1]
  .bss               zero     0x20023ec4    0x14  tasks.o [1]
  .bss               zero     0x20023ed8    0x14  tasks.o [1]
  .bss               zero     0x20023eec    0x14  tasks.o [1]
  .bss               zero     0x20023f00    0x10  perf_config.o [1]
  .bss               zero     0x20023f10     0xc  main.o [1]
  .bss               zero     0x20023f1c     0x8  heap_4.o [1]
  .bss               zero     0x20023f24     0x4  heap_4.o [1]
  .bss               zero     0x20023f28     0x4  heap_4.o [1]
  .bss               zero     0x20023f2c     0x4  heap_4.o [1]
  .bss               zero     0x20023f30     0x4  heap_4.o [1]
  .bss               zero     0x20023f34     0x4  md5.o [1]
  .bss               zero     0x20023f38     0x4  md5.o [1]
  .bss               zero     0x20023f3c     0x4  md5.o [1]
  .bss               zero     0x20023f40     0x4  md5.o [1]
  .bss               zero     0x20023f44     0x4  stm32f7xx_it.o [1]
  .bss               zero     0x20023f48     0x4  stm32f7xx_it.o [1]
  .bss               zero     0x20023f4c     0x4  stm32f7xx_it.o [1]
  .bss               zero     0x20023f50     0x4  tasks.o [1]
  .bss               zero     0x20023f54     0x4  tasks.o [1]
  .bss               zero     0x20023f58     0x4  tasks.o [1]
  .bss               zero     0x20023f5c     0x4  tasks.o [1]
  .bss               zero     0x20023f60     0x4  tasks.o [1]
  .bss               zero     0x20023f64     0x4  tasks.o [1]
  .bss               zero     0x20023f68     0x4  tasks.o [1]
  .bss               zero     0x20023f6c     0x4  tasks.o [1]
  .bss               zero     0x20023f70     0x4  tasks.o [1]
  .bss               zero     0x20023f74     0x4  tasks.o [1]
  .bss               zero     0x20023f78     0x4  tasks.o [1]
  .bss               zero     0x20023f7c     0x4  tasks.o [1]
  .bss               zero     0x20023f80     0x4  tasks.o [1]
  .bss               zero     0x20023f84     0x4  xgetmemchunk.o [3]
  .bss               zero     0x20023f88     0x1  perf_config.o [1]
                            - 0x20023f89  0x3f7d

"P2", part 3 of 3:                        0x1800
  CSTACK                      0x20023f90  0x1000  <Block>
    CSTACK           uninit   0x20023f90  0x1000  <Block tail>
  HEAP                        0x20024f90   0x800  <Block>
    HEAP             uninit   0x20024f90   0x800  <Block tail>
                            - 0x20025790  0x1800


*******************************************************************************
*** INIT TABLE
***

          Address     Size
          -------     ----
Zero (__iar_zero_init3)
    1 destination range, total size 0x3f7d:
          0x2002000c  0x3f7d

Copy (__iar_copy_init3)
    1 source range, total size 0xc (133% of destination):
          0x08003b68     0xc
    1 destination range, total size 0x9:
          0x20020000     0x9



*******************************************************************************
*** MODULE SUMMARY
***

    Module                 ro code  ro data  rw data
    ------                 -------  -------  -------
C:\Users\Goragod\Desktop\Workspace\STM32F7\Project\STM32F7-Nucleo\EWARM\Debug\Obj: [1]
    heap_4.o                   624        4   15 384
    list.o                     152
    main.o                   1 292       25       33
    md5.o                      592      512       16
    perf_config.o              664    1 968       17
    port.o                     264        4        4
    portasm.o                  172
    startup_stm32f767xx.o      948
    stm32f7xx_it.o             204                12
    stm32f7xx_ll_exti.o        282
    stm32f7xx_ll_utils.o        12
    system_stm32f7xx.o         108        4        4
    task_supervisor.o          102
    tasks.o                  1 684               292
    ------------------------------------------------
    Total:                   7 100    2 517   15 762

command line: [2]
    ------------------------------------------------
    Total:

dl7M_tln.a: [3]
    abort.o                      6
    dlmalloc.o               5 396               496
    exit.o                       4
    heaptramp0.o                 4
    low_level_init.o             4
    xgetmemchunk.o              44                 4
    ------------------------------------------------
    Total:                   5 458               500

m7M_tlv.a: [4]
    fpinit_M.o                  34
    ------------------------------------------------
    Total:                      34

rt7M_tl.a: [5]
    ABImemclr.o                  6
    ABImemcpy.o                166
    ABImemset.o                102
    cexit.o                     10
    cmain.o                     30
    copy_init3.o                44
    cstartup_M.o                12
    data_init.o                 40
    zero_init3.o                64
    ------------------------------------------------
    Total:                     474

shb_l.a: [6]
    exit.o                      20
    ------------------------------------------------
    Total:                      20

    Gaps                        12        6
    Linker created                       39    6 144
----------------------------------------------------
    Grand Total:            13 098    2 562   22 406


*******************************************************************************
*** ENTRY LIST
***

Entry                      Address    Size  Type      Object
-----                      -------    ----  ----      ------
.iar.init_table$$Base   0x08003ad4           --   Gb  - Linker created -
.iar.init_table$$Limit  0x08003af8           --   Gb  - Linker created -
?main                   0x08003af9          Code  Gb  cmain.o [5]
BusFault_Handler        0x08002289     0x2  Code  Gb  stm32f7xx_it.o [1]
CSTACK$$Base            0x20023f90           --   Gb  - Linker created -
CSTACK$$Limit           0x20024f90           --   Gb  - Linker created -
ClkConfig               0x20023f00    0x10  Data  Lc  perf_config.o [1]
ClockRateScale_High     0x080034b4   0x250  Data  Gb  perf_config.o [1]
ClockRateScale_Low      0x08002f64   0x550  Data  Gb  perf_config.o [1]
ClockRateScale_Medium   0x08003b3c    0x10  Data  Gb  perf_config.o [1]
Configure_EXTI          0x08002697    0x5e  Code  Gb  main.o [1]
DebugMon_Handler        0x0800228d     0x2  Code  Gb  stm32f7xx_it.o [1]
EXTI15_10_IRQHandler    0x08002319    0x1c  Code  Gb  stm32f7xx_it.o [1]
HEAP$$Base              0x20024f90           --   Gb  - Linker created -
HEAP$$Limit             0x20025790           --   Gb  - Linker created -
HardFault_Handler       0x08002285     0x2  Code  Gb  stm32f7xx_it.o [1]
LL_AHB1_GRP1_EnableClock
                        0x0800240f    0x20  Code  Lc  main.o [1]
LL_APB1_GRP1_EnableClock
                        0x0800242f    0x20  Code  Lc  main.o [1]
LL_APB2_GRP1_EnableClock
                        0x0800244f    0x20  Code  Lc  main.o [1]
LL_EXTI_ClearFlag_0_31  0x0800227d     0x6  Code  Lc  stm32f7xx_it.o [1]
LL_EXTI_DisableEvent_0_31
                        0x08002b67     0xe  Code  Lc  stm32f7xx_ll_exti.o [1]
LL_EXTI_DisableFallingTrig_0_31
                        0x08002b9b     0xe  Code  Lc  stm32f7xx_ll_exti.o [1]
LL_EXTI_DisableIT_0_31  0x08002b4d     0xe  Code  Lc  stm32f7xx_ll_exti.o [1]
LL_EXTI_DisableRisingTrig_0_31
                        0x08002b81     0xe  Code  Lc  stm32f7xx_ll_exti.o [1]
LL_EXTI_EnableEvent_0_31
                        0x08002b5b     0xc  Code  Lc  stm32f7xx_ll_exti.o [1]
LL_EXTI_EnableFallingTrig_0_31
                        0x08002b8f     0xc  Code  Lc  stm32f7xx_ll_exti.o [1]
LL_EXTI_EnableIT_0_31   0x08002b41     0xc  Code  Lc  stm32f7xx_ll_exti.o [1]
LL_EXTI_EnableRisingTrig_0_31
                        0x08002b75     0xc  Code  Lc  stm32f7xx_ll_exti.o [1]
LL_EXTI_Init            0x08002bb9    0xa2  Code  Gb  stm32f7xx_ll_exti.o [1]
LL_EXTI_IsActiveFlag_0_31
                        0x08002269    0x14  Code  Lc  stm32f7xx_it.o [1]
LL_FLASH_SetLatency     0x0800254f    0x10  Code  Lc  main.o [1]
LL_GPIO_SetPinMode      0x08002593    0x2c  Code  Lc  main.o [1]
LL_GPIO_SetPinPull      0x080025bf    0x2c  Code  Lc  main.o [1]
LL_MPU_ConfigRegion     0x08002609    0x1e  Code  Lc  main.o [1]
LL_MPU_Disable          0x080025fd     0xc  Code  Lc  main.o [1]
LL_MPU_Enable           0x080025eb    0x12  Code  Lc  main.o [1]
LL_PWR_DisableOverDriveMode
                        0x08002925     0xe  Code  Lc  perf_config.o [1]
LL_PWR_DisableOverDriveSwitching
                        0x08002909     0xe  Code  Lc  perf_config.o [1]
LL_PWR_EnableOverDriveMode
                        0x0800256d     0xe  Code  Lc  main.o [1]
LL_PWR_EnableOverDriveMode
                        0x08002917     0xe  Code  Lc  perf_config.o [1]
LL_PWR_EnableOverDriveSwitching
                        0x0800255f     0xe  Code  Lc  main.o [1]
LL_PWR_EnableOverDriveSwitching
                        0x080028fb     0xe  Code  Lc  perf_config.o [1]
LL_PWR_IsActiveFlag_OD  0x0800257b     0xc  Code  Lc  main.o [1]
LL_PWR_IsActiveFlag_OD  0x08002943     0xc  Code  Lc  perf_config.o [1]
LL_PWR_IsActiveFlag_ODSW
                        0x08002587     0xc  Code  Lc  main.o [1]
LL_PWR_IsActiveFlag_ODSW
                        0x0800294f     0xc  Code  Lc  perf_config.o [1]
LL_PWR_SetRegulVoltageScaling
                        0x08002933    0x10  Code  Lc  perf_config.o [1]
LL_RCC_GetSysClkSource  0x080024a3     0xc  Code  Lc  main.o [1]
LL_RCC_GetSysClkSource  0x0800296b     0xa  Code  Lc  perf_config.o [1]
LL_RCC_HSE_Enable       0x0800246f    0x12  Code  Lc  main.o [1]
LL_RCC_HSE_IsReady      0x08002481     0xe  Code  Lc  main.o [1]
LL_RCC_PLL_ConfigDomain_SYS
                        0x08002509    0x1c  Code  Lc  main.o [1]
LL_RCC_PLL_ConfigDomain_SYS
                        0x0800299d    0x1c  Code  Lc  perf_config.o [1]
LL_RCC_PLL_Disable      0x08002983     0xe  Code  Lc  perf_config.o [1]
LL_RCC_PLL_Enable       0x080024eb    0x12  Code  Lc  main.o [1]
LL_RCC_PLL_Enable       0x08002975     0xe  Code  Lc  perf_config.o [1]
LL_RCC_PLL_IsReady      0x080024fd     0xc  Code  Lc  main.o [1]
LL_RCC_PLL_IsReady      0x08002991     0xc  Code  Lc  perf_config.o [1]
LL_RCC_SetAHBPrescaler  0x080024af    0x14  Code  Lc  main.o [1]
LL_RCC_SetAPB1Prescaler
                        0x080024c3    0x14  Code  Lc  main.o [1]
LL_RCC_SetAPB2Prescaler
                        0x080024d7    0x14  Code  Lc  main.o [1]
LL_RCC_SetSysClkSource  0x0800248f    0x14  Code  Lc  main.o [1]
LL_RCC_SetSysClkSource  0x0800295b    0x10  Code  Lc  perf_config.o [1]
LL_SYSCFG_SetEXTISource
                        0x08002525    0x2a  Code  Lc  main.o [1]
LL_SetSystemCoreClock   0x08002ead     0x6  Code  Gb  stm32f7xx_ll_utils.o [1]
MPU_Config              0x080027fb    0x1a  Code  Lc  main.o [1]
MemManage_Handler       0x08002287     0x2  Code  Gb  stm32f7xx_it.o [1]
NMI_Handler             0x08002283     0x2  Code  Gb  stm32f7xx_it.o [1]
NVIC_EnableIRQ          0x0800239d    0x16  Code  Lc  main.o [1]
NVIC_SetPriority        0x080023b3    0x28  Code  Lc  main.o [1]
NVIC_SetPriority        0x080028a9    0x24  Code  Lc  perf_config.o [1]
PendSV_Handler          0x08003905          Code  Gb  portasm.o [1]
Region$$Table$$Base     0x08003ad4           --   Gb  - Linker created -
Region$$Table$$Limit    0x08003af8           --   Gb  - Linker created -
SVC_Handler             0x08003961          Code  Gb  portasm.o [1]
StandbyState            0x20023f88     0x1  Data  Lc  perf_config.o [1]
SysTask_1               0x08002755    0x24  Code  Lc  main.o [1]
SysTick_Config          0x080023db    0x34  Code  Lc  main.o [1]
SysTick_Config          0x080028cd    0x2e  Code  Lc  perf_config.o [1]
SysTick_Handler         0x0800228f    0x12  Code  Gb  stm32f7xx_it.o [1]
SystemClock_Config      0x08002779    0x82  Code  Gb  main.o [1]
SystemCoreClock         0x20020004     0x4  Data  Gb  system_stm32f7xx.o [1]
SystemInit              0x080039b1    0x4c  Code  Gb  system_stm32f7xx.o [1]
SystemTask1_Instance    0x20023f10     0xc  Data  Gb  main.o [1]
System_GetCounter       0x08002335     0x6  Code  Lc  task_supervisor.o [1]
System_GetElapseTime    0x08002381     0xe  Code  Gb  task_supervisor.o [1]
System_GetTaskEXETime   0x0800233b    0x30  Code  Gb  task_supervisor.o [1]
System_SetTaskOpClockRate
                        0x0800238f     0xc  Code  Gb  task_supervisor.o [1]
System_StartCounter     0x08002375     0xc  Code  Gb  task_supervisor.o [1]
System_SuperviosrInit   0x08002627    0x1a  Code  Lc  main.o [1]
System_TaskCreate       0x08002641    0x26  Code  Lc  main.o [1]
TRACE_DeadlineSupervisor
                        0x080022a1    0x68  Code  Gb  stm32f7xx_it.o [1]
TaskPerf_ClockRateSwitch
                        0x080029b9   0x144  Code  Gb  perf_config.o [1]
UsageFault_Handler      0x0800228b     0x2  Code  Gb  stm32f7xx_it.o [1]
UserButton_Callback     0x080026f5    0x5e  Code  Gb  main.o [1]
__aeabi_memclr          0x08001741          Code  Gb  ABImemclr.o [5]
__aeabi_memcpy          0x08002eb9          Code  Gb  ABImemcpy.o [5]
__aeabi_memcpy4         0x08002ed9          Code  Gb  ABImemcpy.o [5]
__aeabi_memcpy8         0x08002ed9          Code  Gb  ABImemcpy.o [5]
__aeabi_memset          0x0800175d          Code  Gb  ABImemset.o [5]
__cmain                 0x08003af9          Code  Gb  cmain.o [5]
__data_GetMemChunk      0x08001715    0x2c  Code  Gb  xgetmemchunk.o [3]
__data_GetMemChunk::start
                        0x20023f84     0x4  Data  Lc  xgetmemchunk.o [3]
__exit                  0x08001749    0x14  Code  Gb  exit.o [6]
__iar_Memset            0x0800175d          Code  Gb  ABImemset.o [5]
__iar_Memset_word       0x08001765          Code  Gb  ABImemset.o [5]
__iar_copy_init3        0x08003a5d    0x2c  Code  Gb  copy_init3.o [5]
__iar_data_init3        0x08003a89    0x28  Code  Gb  data_init.o [5]
__iar_dlcalloc          0x080016c9    0x3e  Code  Gb  dlmalloc.o [3]
__iar_dlfree            0x080011d3   0x4f6  Code  Gb  dlmalloc.o [3]
__iar_dlmalloc          0x08000f1d   0x2b6  Code  Gb  dlmalloc.o [3]
__iar_init_vfp          0x08003ab1          Code  Gb  fpinit_M.o [4]
__iar_program_start     0x08003b5d          Code  Gb  cstartup_M.o [5]
__iar_systems$$module {Abs}
                        0x00000001          Data  Gb  command line/config [2]
__iar_zero_init3        0x08003a1d    0x40  Code  Gb  zero_init3.o [5]
__low_level_init        0x08003b17     0x4  Code  Gb  low_level_init.o [3]
__vector_table          0x08000000          Data  Gb  startup_stm32f767xx.o [1]
_call_main              0x08003b05          Code  Gb  cmain.o [5]
_exit                   0x08003b21          Code  Gb  cexit.o [5]
_gm_                    0x20023c0c   0x1d8  Data  Lc  dlmalloc.o [3]
_main                   0x08003b13          Code  Gb  cmain.o [5]
abort                   0x0800170d     0x6  Code  Gb  abort.o [3]
add_segment             0x080005bd   0x1f2  Code  Lc  dlmalloc.o [3]
exe                     0x20023f4c     0x4  Data  Gb  stm32f7xx_it.o [1]
exit                    0x08003b1b     0x4  Code  Gb  exit.o [3]
f                       0x20020008     0x1  Data  Gb  main.o [1]
free                    0x08002f5f     0x4  Code  Gb  heaptramp0.o [3]
h0                      0x20023f34     0x4  Data  Gb  md5.o [1]
h1                      0x20023f38     0x4  Data  Gb  md5.o [1]
h2                      0x20023f3c     0x4  Data  Gb  md5.o [1]
h3                      0x20023f40     0x4  Data  Gb  md5.o [1]
init_mparams            0x08000217    0x32  Code  Lc  dlmalloc.o [3]
init_top                0x08000249    0x32  Code  Lc  dlmalloc.o [3]
local_instance          0x20023f44     0x4  Data  Gb  stm32f7xx_it.o [1]
main                    0x08002667    0x30  Code  Gb  main.o [1]
md5                     0x08002c5d   0x1ac  Code  Gb  md5.o [1]
md5_test                0x08002e09    0x7a  Code  Gb  md5.o [1]
mparams                 0x20023e70    0x18  Data  Lc  dlmalloc.o [3]
out                     0x20023e88    0x14  Data  Gb  main.o [1]
prepend_alloc           0x0800027b   0x342  Code  Lc  dlmalloc.o [3]
prvAddCurrentTaskToDelayedList
                        0x08001db1    0x7c  Code  Lc  tasks.o [1]
prvAddNewTaskToReadyList
                        0x080018f3    0xc2  Code  Lc  tasks.o [1]
prvHeapInit             0x08001ff1    0x62  Code  Lc  heap_4.o [1]
prvInitialiseNewTask    0x08001833    0xc0  Code  Lc  tasks.o [1]
prvInitialiseTaskLists  0x08001d0d    0x5a  Code  Lc  tasks.o [1]
prvInsertBlockIntoFreeList
                        0x08002053    0x58  Code  Lc  heap_4.o [1]
prvResetNextTaskUnblockTime
                        0x08001d67    0x28  Code  Lc  tasks.o [1]
prvTaskExitError        0x08002189    0x32  Code  Lc  port.o [1]
pvPortMalloc            0x08001e59   0x11a  Code  Gb  heap_4.o [1]
pvTaskGetThreadLocalStoragePointer
                        0x08001ce9    0x1e  Code  Gb  tasks.o [1]
pxCurrentTCB            0x20023f50     0x4  Data  Gb  tasks.o [1]
pxDelayedTaskList       0x20023f54     0x4  Data  Lc  tasks.o [1]
pxEnd                   0x20023f24     0x4  Data  Lc  heap_4.o [1]
pxOverflowDelayedTaskList
                        0x20023f58     0x4  Data  Lc  tasks.o [1]
pxPortInitialiseStack   0x08002161    0x28  Code  Gb  port.o [1]
pxReadyTasksLists       0x20023de4    0x8c  Data  Lc  tasks.o [1]
segment_holding         0x080001f9    0x1e  Code  Lc  dlmalloc.o [3]
sys_alloc               0x080007b5   0x164  Code  Lc  dlmalloc.o [3]
sys_trim                0x08000919    0x66  Code  Lc  dlmalloc.o [3]
task_param_instance     0x20023f48     0x4  Data  Gb  stm32f7xx_it.o [1]
tmalloc_large           0x0800098d   0x384  Code  Lc  dlmalloc.o [3]
tmalloc_small           0x08000d11   0x1fe  Code  Lc  dlmalloc.o [3]
ucHeap                  0x2002000c  0x3c00  Data  Lc  heap_4.o [1]
uxCriticalNesting       0x20020000     0x4  Data  Lc  port.o [1]
uxCurrentNumberOfTasks  0x20023f5c     0x4  Data  Lc  tasks.o [1]
uxListRemove            0x0800213b    0x26  Code  Gb  list.o [1]
uxPendedTicks           0x20023f6c     0x4  Data  Lc  tasks.o [1]
uxSchedulerSuspended    0x20023f80     0x4  Data  Lc  tasks.o [1]
uxTaskNumber            0x20023f78     0x4  Data  Lc  tasks.o [1]
uxTopReadyPriority      0x20023f64     0x4  Data  Lc  tasks.o [1]
vListInitialise         0x080020c9    0x1e  Code  Gb  list.o [1]
vListInitialiseItem     0x080020e7     0x6  Code  Gb  list.o [1]
vListInsert             0x08002105    0x36  Code  Gb  list.o [1]
vListInsertEnd          0x080020ed    0x18  Code  Gb  list.o [1]
vPortEnableVFP          0x08003995          Code  Gb  portasm.o [1]
vPortEnterCritical      0x080021bb    0x42  Code  Gb  port.o [1]
vPortExitCritical       0x080021fd    0x36  Code  Gb  port.o [1]
vPortFree               0x08001f73    0x7e  Code  Gb  heap_4.o [1]
vPortStartFirstTask     0x0800397d          Code  Gb  portasm.o [1]
vTaskDelay              0x080019b5    0x50  Code  Gb  tasks.o [1]
vTaskSetThreadLocalStoragePointer
                        0x08001cc9    0x18  Code  Gb  tasks.o [1]
vTaskSuspendAll         0x08001a05    0x10  Code  Gb  tasks.o [1]
vTaskSwitchContext      0x08001c31    0x7c  Code  Gb  tasks.o [1]
xBlockAllocatedBit      0x20023f30     0x4  Data  Lc  heap_4.o [1]
xDelayedTaskList1       0x20023e9c    0x14  Data  Lc  tasks.o [1]
xDelayedTaskList2       0x20023eb0    0x14  Data  Lc  tasks.o [1]
xFreeBytesRemaining     0x20023f28     0x4  Data  Lc  heap_4.o [1]
xHeapStructSize         0x08003b7c     0x4  Data  Lc  heap_4.o [1]
xMinimumEverFreeBytesRemaining
                        0x20023f2c     0x4  Data  Lc  heap_4.o [1]
xNextTaskUnblockTime    0x20023f7c     0x4  Data  Lc  tasks.o [1]
xNumOfOverflows         0x20023f74     0x4  Data  Lc  tasks.o [1]
xPendingReadyList       0x20023ec4    0x14  Data  Lc  tasks.o [1]
xPortSysTickHandler     0x08002233    0x2c  Code  Gb  port.o [1]
xSchedulerRunning       0x20023f68     0x4  Data  Lc  tasks.o [1]
xStart                  0x20023f1c     0x8  Data  Lc  heap_4.o [1]
xSuspendedTaskList      0x20023eec    0x14  Data  Lc  tasks.o [1]
xTaskCreate             0x080017c5    0x6e  Code  Gb  tasks.o [1]
xTaskGetCurrentTaskHandle
                        0x08001d8f     0x8  Code  Gb  tasks.o [1]
xTaskIncrementTick      0x08001b15   0x11c  Code  Gb  tasks.o [1]
xTaskResumeAll          0x08001a15   0x100  Code  Gb  tasks.o [1]
xTasksWaitingTermination
                        0x20023ed8    0x14  Data  Lc  tasks.o [1]
xTickCount              0x20023f60     0x4  Data  Lc  tasks.o [1]
xYieldPending           0x20023f70     0x4  Data  Lc  tasks.o [1]


[1] = C:\Users\Goragod\Desktop\Workspace\STM32F7\Project\STM32F7-Nucleo\EWARM\Debug\Obj
[2] = command line
[3] = dl7M_tln.a
[4] = m7M_tlv.a
[5] = rt7M_tl.a
[6] = shb_l.a

  13 098 bytes of readonly  code memory
   2 562 bytes of readonly  data memory
  22 406 bytes of readwrite data memory

Errors: none
Warnings: none
