###############################################################################
#
# IAR ELF Linker V8.20.2.14835/W32 for ARM                05/Jun/2018  16:45:43
# Copyright 2007-2017 IAR Systems AB.
#
#    Output file  =  
#        C:\Users\Goragod\Desktop\Workspace\STM32F7\Project\STM32F767VI-CAESAR\EWARM\Debug\Exe\STM32F767VI-CAESAR.out
#    Map file     =  
#        C:\Users\Goragod\Desktop\Workspace\STM32F7\Project\STM32F767VI-CAESAR\EWARM\Debug\List\STM32F767VI-CAESAR.map
#    Command line =  
#        -f C:\Users\Goragod\AppData\Local\Temp\EWFD84.tmp
#        (C:\Users\Goragod\Desktop\Workspace\STM32F7\Project\STM32F767VI-CAESAR\EWARM\Debug\Obj\cmsis_os.o
#        C:\Users\Goragod\Desktop\Workspace\STM32F7\Project\STM32F767VI-CAESAR\EWARM\Debug\Obj\current_meas.o
#        C:\Users\Goragod\Desktop\Workspace\STM32F7\Project\STM32F767VI-CAESAR\EWARM\Debug\Obj\heap_4.o
#        C:\Users\Goragod\Desktop\Workspace\STM32F7\Project\STM32F767VI-CAESAR\EWARM\Debug\Obj\list.o
#        C:\Users\Goragod\Desktop\Workspace\STM32F7\Project\STM32F767VI-CAESAR\EWARM\Debug\Obj\main.o
#        C:\Users\Goragod\Desktop\Workspace\STM32F7\Project\STM32F767VI-CAESAR\EWARM\Debug\Obj\perf_config.o
#        C:\Users\Goragod\Desktop\Workspace\STM32F7\Project\STM32F767VI-CAESAR\EWARM\Debug\Obj\port.o
#        C:\Users\Goragod\Desktop\Workspace\STM32F7\Project\STM32F767VI-CAESAR\EWARM\Debug\Obj\portasm.o
#        C:\Users\Goragod\Desktop\Workspace\STM32F7\Project\STM32F767VI-CAESAR\EWARM\Debug\Obj\startup_stm32f767xx.o
#        C:\Users\Goragod\Desktop\Workspace\STM32F7\Project\STM32F767VI-CAESAR\EWARM\Debug\Obj\stm32f7xx_it.o
#        C:\Users\Goragod\Desktop\Workspace\STM32F7\Project\STM32F767VI-CAESAR\EWARM\Debug\Obj\stm32f7xx_ll_adc.o
#        C:\Users\Goragod\Desktop\Workspace\STM32F7\Project\STM32F767VI-CAESAR\EWARM\Debug\Obj\stm32f7xx_ll_dma.o
#        C:\Users\Goragod\Desktop\Workspace\STM32F7\Project\STM32F767VI-CAESAR\EWARM\Debug\Obj\stm32f7xx_ll_gpio.o
#        C:\Users\Goragod\Desktop\Workspace\STM32F7\Project\STM32F767VI-CAESAR\EWARM\Debug\Obj\stm32f7xx_ll_pwr.o
#        C:\Users\Goragod\Desktop\Workspace\STM32F7\Project\STM32F767VI-CAESAR\EWARM\Debug\Obj\stm32f7xx_ll_rcc.o
#        C:\Users\Goragod\Desktop\Workspace\STM32F7\Project\STM32F767VI-CAESAR\EWARM\Debug\Obj\stm32f7xx_ll_utils.o
#        C:\Users\Goragod\Desktop\Workspace\STM32F7\Project\STM32F767VI-CAESAR\EWARM\Debug\Obj\system_stm32f7xx.o
#        C:\Users\Goragod\Desktop\Workspace\STM32F7\Project\STM32F767VI-CAESAR\EWARM\Debug\Obj\task_supervisor.o
#        C:\Users\Goragod\Desktop\Workspace\STM32F7\Project\STM32F767VI-CAESAR\EWARM\Debug\Obj\tasks.o
#        -o
#        C:\Users\Goragod\Desktop\Workspace\STM32F7\Project\STM32F767VI-CAESAR\EWARM\Debug\Exe\STM32F767VI-CAESAR.out
#        --redirect _Printf=_PrintfFullNoMb --redirect _Scanf=_ScanfFullNoMb
#        --map
#        C:\Users\Goragod\Desktop\Workspace\STM32F7\Project\STM32F767VI-CAESAR\EWARM\Debug\List\STM32F767VI-CAESAR.map
#        --config
#        C:\Users\Goragod\Desktop\Workspace\STM32F7\Project\STM32F767VI-CAESAR\EWARM\stm32f767xx_flash.icf
#        --semihosting --entry __iar_program_start --vfe --text_out locale)
#
###############################################################################

*******************************************************************************
*** RUNTIME MODEL ATTRIBUTES
***

CppFlavor       = *
__SystemLibrary = DLib
__dlib_version  = 6


*******************************************************************************
*** HEAP SELECTION
***

The basic heap was selected because no calls to memory allocation
functions were found in the application outside of system library
functions, and there are calls to deallocation functions in the
application.


*******************************************************************************
*** PLACEMENT SUMMARY
***

"A0":  place at 0x08000000 { ro section .intvec };
"P1":  place in [from 0x08000000 to 0x081fffff] { ro };
define block CSTACK with size = 1K, alignment = 8 { };
define block HEAP with size = 512, alignment = 8 { };
"P2":  place in [from 0x20000000 to 0x2007ffff] {
          rw, block CSTACK, block HEAP };
initialize by copy { rw };

  Section            Kind        Address    Size  Object
  -------            ----        -------    ----  ------
"A0":                                      0x1f8
  .intvec            ro code  0x08000000   0x1f8  startup_stm32f767xx.o [1]
                            - 0x080001f8   0x1f8

"P1":                                     0x1a78
  .text              ro code  0x080001f8   0x81c  tasks.o [1]
  .text              ro code  0x08000a14   0x28c  heap_4.o [1]
  .text              ro code  0x08000ca0    0x66  ABImemset.o [5]
  .text              ro code  0x08000d06    0x9a  list.o [1]
  .text              ro code  0x08000da0   0x1d8  port.o [1]
  .text              ro code  0x08000f78   0x140  stm32f7xx_it.o [1]
  .text              ro code  0x080010b8   0x2fc  main.o [1]
  CODE               ro code  0x080013b4    0xac  portasm.o [1]
  .text              ro code  0x08001460    0x52  task_supervisor.o [1]
  .text              ro code  0x080014b4   0x42c  current_meas.o [1]
  .text              ro code  0x080018e0     0xc  stm32f7xx_ll_utils.o [1]
  .text              ro code  0x080018ec    0x6c  system_stm32f7xx.o [1]
  .text              ro code  0x08001958    0x40  zero_init3.o [5]
  .text              ro code  0x08001998    0x2c  copy_init3.o [5]
  .text              ro code  0x080019c4    0x28  data_init.o [5]
  .text              ro code  0x080019ec    0x22  fpinit_M.o [4]
  .iar.init_table    const    0x08001a10    0x24  - Linker created -
  .text              ro code  0x08001a34    0x1e  cmain.o [5]
  .text              ro code  0x08001a52     0x4  low_level_init.o [3]
  .text              ro code  0x08001a56     0x4  exit.o [3]
  .text              ro code  0x08001a5c     0xa  cexit.o [5]
  .text              ro code  0x08001a68    0x14  exit.o [6]
  .rodata            const    0x08001a7c    0x10  main.o [1]
  .text              ro code  0x08001a8c    0x10  startup_stm32f767xx.o [1]
  .text              ro code  0x08001a9c     0xc  cstartup_M.o [5]
  Initializer bytes  const    0x08001aa8     0xc  <for P2-1>
  .rodata            const    0x08001ab4     0x8  current_meas.o [1]
  .rodata            const    0x08001abc     0x8  tasks.o [1]
  .rodata            const    0x08001ac4     0x4  heap_4.o [1]
  .text              ro code  0x08001ac8     0x4  startup_stm32f767xx.o [1]
  .text              ro code  0x08001acc     0x4  startup_stm32f767xx.o [1]
  .text              ro code  0x08001ad0     0x4  startup_stm32f767xx.o [1]
  .text              ro code  0x08001ad4     0x4  startup_stm32f767xx.o [1]
  .text              ro code  0x08001ad8     0x4  startup_stm32f767xx.o [1]
  .text              ro code  0x08001adc     0x4  startup_stm32f767xx.o [1]
  .text              ro code  0x08001ae0     0x4  startup_stm32f767xx.o [1]
  .text              ro code  0x08001ae4     0x4  startup_stm32f767xx.o [1]
  .text              ro code  0x08001ae8     0x4  startup_stm32f767xx.o [1]
  .text              ro code  0x08001aec     0x4  startup_stm32f767xx.o [1]
  .text              ro code  0x08001af0     0x4  startup_stm32f767xx.o [1]
  .text              ro code  0x08001af4     0x4  startup_stm32f767xx.o [1]
  .text              ro code  0x08001af8     0x4  startup_stm32f767xx.o [1]
  .text              ro code  0x08001afc     0x4  startup_stm32f767xx.o [1]
  .text              ro code  0x08001b00     0x4  startup_stm32f767xx.o [1]
  .text              ro code  0x08001b04     0x4  startup_stm32f767xx.o [1]
  .text              ro code  0x08001b08     0x4  startup_stm32f767xx.o [1]
  .text              ro code  0x08001b0c     0x4  startup_stm32f767xx.o [1]
  .text              ro code  0x08001b10     0x4  startup_stm32f767xx.o [1]
  .text              ro code  0x08001b14     0x4  startup_stm32f767xx.o [1]
  .text              ro code  0x08001b18     0x4  startup_stm32f767xx.o [1]
  .text              ro code  0x08001b1c     0x4  startup_stm32f767xx.o [1]
  .text              ro code  0x08001b20     0x4  startup_stm32f767xx.o [1]
  .text              ro code  0x08001b24     0x4  startup_stm32f767xx.o [1]
  .text              ro code  0x08001b28     0x4  startup_stm32f767xx.o [1]
  .text              ro code  0x08001b2c     0x4  startup_stm32f767xx.o [1]
  .text              ro code  0x08001b30     0x4  startup_stm32f767xx.o [1]
  .text              ro code  0x08001b34     0x4  startup_stm32f767xx.o [1]
  .text              ro code  0x08001b38     0x4  startup_stm32f767xx.o [1]
  .text              ro code  0x08001b3c     0x4  startup_stm32f767xx.o [1]
  .text              ro code  0x08001b40     0x4  startup_stm32f767xx.o [1]
  .text              ro code  0x08001b44     0x4  startup_stm32f767xx.o [1]
  .text              ro code  0x08001b48     0x4  startup_stm32f767xx.o [1]
  .text              ro code  0x08001b4c     0x4  startup_stm32f767xx.o [1]
  .text              ro code  0x08001b50     0x4  startup_stm32f767xx.o [1]
  .text              ro code  0x08001b54     0x4  startup_stm32f767xx.o [1]
  .text              ro code  0x08001b58     0x4  startup_stm32f767xx.o [1]
  .text              ro code  0x08001b5c     0x4  startup_stm32f767xx.o [1]
  .text              ro code  0x08001b60     0x4  startup_stm32f767xx.o [1]
  .text              ro code  0x08001b64     0x4  startup_stm32f767xx.o [1]
  .text              ro code  0x08001b68     0x4  startup_stm32f767xx.o [1]
  .text              ro code  0x08001b6c     0x4  startup_stm32f767xx.o [1]
  .text              ro code  0x08001b70     0x4  startup_stm32f767xx.o [1]
  .text              ro code  0x08001b74     0x4  startup_stm32f767xx.o [1]
  .text              ro code  0x08001b78     0x4  startup_stm32f767xx.o [1]
  .text              ro code  0x08001b7c     0x4  startup_stm32f767xx.o [1]
  .text              ro code  0x08001b80     0x4  startup_stm32f767xx.o [1]
  .text              ro code  0x08001b84     0x4  startup_stm32f767xx.o [1]
  .text              ro code  0x08001b88     0x4  startup_stm32f767xx.o [1]
  .text              ro code  0x08001b8c     0x4  startup_stm32f767xx.o [1]
  .text              ro code  0x08001b90     0x4  startup_stm32f767xx.o [1]
  .text              ro code  0x08001b94     0x4  startup_stm32f767xx.o [1]
  .text              ro code  0x08001b98     0x4  startup_stm32f767xx.o [1]
  .text              ro code  0x08001b9c     0x4  startup_stm32f767xx.o [1]
  .text              ro code  0x08001ba0     0x4  startup_stm32f767xx.o [1]
  .text              ro code  0x08001ba4     0x4  startup_stm32f767xx.o [1]
  .text              ro code  0x08001ba8     0x4  startup_stm32f767xx.o [1]
  .text              ro code  0x08001bac     0x4  startup_stm32f767xx.o [1]
  .text              ro code  0x08001bb0     0x4  startup_stm32f767xx.o [1]
  .text              ro code  0x08001bb4     0x4  startup_stm32f767xx.o [1]
  .text              ro code  0x08001bb8     0x4  startup_stm32f767xx.o [1]
  .text              ro code  0x08001bbc     0x4  startup_stm32f767xx.o [1]
  .text              ro code  0x08001bc0     0x4  startup_stm32f767xx.o [1]
  .text              ro code  0x08001bc4     0x4  startup_stm32f767xx.o [1]
  .text              ro code  0x08001bc8     0x4  startup_stm32f767xx.o [1]
  .text              ro code  0x08001bcc     0x4  startup_stm32f767xx.o [1]
  .text              ro code  0x08001bd0     0x4  startup_stm32f767xx.o [1]
  .text              ro code  0x08001bd4     0x4  startup_stm32f767xx.o [1]
  .text              ro code  0x08001bd8     0x4  startup_stm32f767xx.o [1]
  .text              ro code  0x08001bdc     0x4  startup_stm32f767xx.o [1]
  .text              ro code  0x08001be0     0x4  startup_stm32f767xx.o [1]
  .text              ro code  0x08001be4     0x4  startup_stm32f767xx.o [1]
  .text              ro code  0x08001be8     0x4  startup_stm32f767xx.o [1]
  .text              ro code  0x08001bec     0x4  startup_stm32f767xx.o [1]
  .text              ro code  0x08001bf0     0x4  startup_stm32f767xx.o [1]
  .text              ro code  0x08001bf4     0x4  startup_stm32f767xx.o [1]
  .text              ro code  0x08001bf8     0x4  startup_stm32f767xx.o [1]
  .text              ro code  0x08001bfc     0x4  startup_stm32f767xx.o [1]
  .text              ro code  0x08001c00     0x4  startup_stm32f767xx.o [1]
  .text              ro code  0x08001c04     0x4  startup_stm32f767xx.o [1]
  .text              ro code  0x08001c08     0x4  startup_stm32f767xx.o [1]
  .text              ro code  0x08001c0c     0x4  startup_stm32f767xx.o [1]
  .text              ro code  0x08001c10     0x4  startup_stm32f767xx.o [1]
  .text              ro code  0x08001c14     0x4  startup_stm32f767xx.o [1]
  .text              ro code  0x08001c18     0x4  startup_stm32f767xx.o [1]
  .text              ro code  0x08001c1c     0x4  startup_stm32f767xx.o [1]
  .text              ro code  0x08001c20     0x4  startup_stm32f767xx.o [1]
  .text              ro code  0x08001c24     0x4  startup_stm32f767xx.o [1]
  .text              ro code  0x08001c28     0x4  startup_stm32f767xx.o [1]
  .text              ro code  0x08001c2c     0x4  startup_stm32f767xx.o [1]
  .text              ro code  0x08001c30     0x4  startup_stm32f767xx.o [1]
  .text              ro code  0x08001c34     0x4  startup_stm32f767xx.o [1]
  .text              ro code  0x08001c38     0x4  startup_stm32f767xx.o [1]
  .text              ro code  0x08001c3c     0x4  startup_stm32f767xx.o [1]
  .text              ro code  0x08001c40     0x4  startup_stm32f767xx.o [1]
  .text              ro code  0x08001c44     0x4  startup_stm32f767xx.o [1]
  .text              ro code  0x08001c48     0x4  startup_stm32f767xx.o [1]
  .text              ro code  0x08001c4c     0x4  startup_stm32f767xx.o [1]
  .text              ro code  0x08001c50     0x4  startup_stm32f767xx.o [1]
  .text              ro code  0x08001c54     0x4  startup_stm32f767xx.o [1]
  .text              ro code  0x08001c58     0x4  startup_stm32f767xx.o [1]
  .text              ro code  0x08001c5c     0x4  startup_stm32f767xx.o [1]
  .text              ro code  0x08001c60     0x4  startup_stm32f767xx.o [1]
  .text              ro code  0x08001c64     0x4  startup_stm32f767xx.o [1]
  .text              ro code  0x08001c68     0x4  startup_stm32f767xx.o [1]
  .text              ro code  0x08001c6c     0x4  startup_stm32f767xx.o [1]
  .rodata            const    0x08001c70     0x0  zero_init3.o [5]
  .rodata            const    0x08001c70     0x0  copy_init3.o [5]
                            - 0x08001c70  0x1a78

"P2", part 1 of 3:                           0xc
  P2-1                        0x20000000     0x9  <Init block>
    .data            inited   0x20000000     0x4  port.o [1]
    .data            inited   0x20000004     0x4  system_stm32f7xx.o [1]
    .data            inited   0x20000008     0x1  current_meas.o [1]
                            - 0x20000009     0x9

"P2", part 2 of 3:                        0x3d78
  .bss               zero     0x2000000c  0x3c00  heap_4.o [1]
  .bss               zero     0x20003c0c    0x8c  tasks.o [1]
  .bss               zero     0x20003c98    0x14  tasks.o [1]
  .bss               zero     0x20003cac    0x14  tasks.o [1]
  .bss               zero     0x20003cc0    0x14  tasks.o [1]
  .bss               zero     0x20003cd4    0x14  tasks.o [1]
  .bss               zero     0x20003ce8    0x14  tasks.o [1]
  .bss               zero     0x20003cfc     0xc  main.o [1]
  .bss               zero     0x20003d08     0x8  current_meas.o [1]
  .bss               zero     0x20003d10     0x8  current_meas.o [1]
  .bss               zero     0x20003d18     0x8  heap_4.o [1]
  .bss               zero     0x20003d20     0x4  current_meas.o [1]
  .bss               zero     0x20003d24     0x4  heap_4.o [1]
  .bss               zero     0x20003d28     0x4  heap_4.o [1]
  .bss               zero     0x20003d2c     0x4  heap_4.o [1]
  .bss               zero     0x20003d30     0x4  heap_4.o [1]
  .bss               zero     0x20003d34     0x4  port.o [1]
  .bss               zero     0x20003d38     0x4  stm32f7xx_it.o [1]
  .bss               zero     0x20003d3c     0x4  stm32f7xx_it.o [1]
  .bss               zero     0x20003d40     0x4  stm32f7xx_it.o [1]
  .bss               zero     0x20003d44     0x4  tasks.o [1]
  .bss               zero     0x20003d48     0x4  tasks.o [1]
  .bss               zero     0x20003d4c     0x4  tasks.o [1]
  .bss               zero     0x20003d50     0x4  tasks.o [1]
  .bss               zero     0x20003d54     0x4  tasks.o [1]
  .bss               zero     0x20003d58     0x4  tasks.o [1]
  .bss               zero     0x20003d5c     0x4  tasks.o [1]
  .bss               zero     0x20003d60     0x4  tasks.o [1]
  .bss               zero     0x20003d64     0x4  tasks.o [1]
  .bss               zero     0x20003d68     0x4  tasks.o [1]
  .bss               zero     0x20003d6c     0x4  tasks.o [1]
  .bss               zero     0x20003d70     0x4  tasks.o [1]
  .bss               zero     0x20003d74     0x4  tasks.o [1]
  .bss               zero     0x20003d78     0x4  tasks.o [1]
  .bss               zero     0x20003d7c     0x4  tasks.o [1]
  .bss               zero     0x20003d80     0x1  port.o [1]
                            - 0x20003d81  0x3d75

"P2", part 3 of 3:                         0x400
  CSTACK                      0x20003d88   0x400  <Block>
    CSTACK           uninit   0x20003d88   0x400  <Block tail>
                            - 0x20004188   0x400


*******************************************************************************
*** INIT TABLE
***

          Address     Size
          -------     ----
Zero (__iar_zero_init3)
    1 destination range, total size 0x3d75:
          0x2000000c  0x3d75

Copy (__iar_copy_init3)
    1 source range, total size 0xc (133% of destination):
          0x08001aa8     0xc
    1 destination range, total size 0x9:
          0x20000000     0x9



*******************************************************************************
*** MODULE SUMMARY
***

    Module                 ro code  ro data  rw data
    ------                 -------  -------  -------
C:\Users\Goragod\Desktop\Workspace\STM32F7\Project\STM32F767VI-CAESAR\EWARM\Debug\Obj: [1]
    current_meas.o           1 068        9       21
    heap_4.o                   652        4   15 384
    list.o                     154
    main.o                     764       16       12
    port.o                     472        4        9
    portasm.o                  172
    startup_stm32f767xx.o      944
    stm32f7xx_it.o             320                12
    stm32f7xx_ll_utils.o        12
    system_stm32f7xx.o         108        4        4
    task_supervisor.o           82
    tasks.o                  2 076        8      300
    ------------------------------------------------
    Total:                   6 824       45   15 742

command line: [2]
    ------------------------------------------------
    Total:

dl7M_tln.a: [3]
    exit.o                       4
    low_level_init.o             4
    ------------------------------------------------
    Total:                       8

m7M_tlv.a: [4]
    fpinit_M.o                  34
    ------------------------------------------------
    Total:                      34

rt7M_tl.a: [5]
    ABImemset.o                102
    cexit.o                     10
    cmain.o                     30
    copy_init3.o                44
    cstartup_M.o                12
    data_init.o                 40
    zero_init3.o                64
    ------------------------------------------------
    Total:                     302

shb_l.a: [6]
    exit.o                      20
    ------------------------------------------------
    Total:                      20

    Gaps                         6        2
    Linker created                       39    1 024
----------------------------------------------------
    Grand Total:             7 194       86   16 766


*******************************************************************************
*** ENTRY LIST
***

Entry                      Address    Size  Type      Object
-----                      -------    ----  ----      ------
.iar.init_table$$Base   0x08001a10           --   Gb  - Linker created -
.iar.init_table$$Limit  0x08001a34           --   Gb  - Linker created -
?main                   0x08001a35          Code  Gb  cmain.o [5]
ADC_IRQHandler          0x0800108d    0x18  Code  Gb  stm32f7xx_it.o [1]
Activate_ADC            0x0800180f    0x14  Code  Gb  current_meas.o [1]
AdcDmaTransferComplete_Callback
                        0x0800182d    0x2e  Code  Gb  current_meas.o [1]
AdcDmaTransferError_Callback
                        0x080018dd     0x4  Code  Gb  current_meas.o [1]
AdcDmaTransferHalf_Callback
                        0x0800185b    0x2e  Code  Gb  current_meas.o [1]
AdcGrpRegularOverrunError_Callback
                        0x08001823     0xa  Code  Gb  current_meas.o [1]
BusFault_Handler        0x08000fcd     0x2  Code  Gb  stm32f7xx_it.o [1]
CSTACK$$Base            0x20003d88           --   Gb  - Linker created -
CSTACK$$Limit           0x20004188           --   Gb  - Linker created -
Configure_ADC           0x08001763    0xac  Code  Gb  current_meas.o [1]
Configure_DMA           0x0800171d    0x46  Code  Gb  current_meas.o [1]
DMA2_Stream0_IRQHandler
                        0x0800104d    0x40  Code  Gb  stm32f7xx_it.o [1]
DebugMon_Handler        0x08000fd1     0x2  Code  Gb  stm32f7xx_it.o [1]
HardFault_Handler       0x08000fc9     0x2  Code  Gb  stm32f7xx_it.o [1]
LL_ADC_ClearFlag_OVR    0x08000f83     0x8  Code  Lc  stm32f7xx_it.o [1]
LL_ADC_DMA_GetRegAddr   0x080014fd    0x14  Code  Lc  current_meas.o [1]
LL_ADC_DisableIT_OVR    0x080015fb     0xa  Code  Lc  current_meas.o [1]
LL_ADC_Enable           0x080015df     0xa  Code  Lc  current_meas.o [1]
LL_ADC_EnableIT_OVR     0x080015f1     0xa  Code  Lc  current_meas.o [1]
LL_ADC_IsActiveFlag_OVR
                        0x08000f79     0xa  Code  Lc  stm32f7xx_it.o [1]
LL_ADC_IsEnabled        0x080015e9     0x8  Code  Lc  current_meas.o [1]
LL_ADC_REG_SetContinuousMode
                        0x0800156f     0xc  Code  Lc  current_meas.o [1]
LL_ADC_REG_SetDMATransfer
                        0x0800157b     0xc  Code  Lc  current_meas.o [1]
LL_ADC_REG_SetSequencerLength
                        0x0800152d     0xc  Code  Lc  current_meas.o [1]
LL_ADC_REG_SetSequencerRanks
                        0x08001539    0x36  Code  Lc  current_meas.o [1]
LL_ADC_REG_SetTriggerSource
                        0x0800151d    0x10  Code  Lc  current_meas.o [1]
LL_ADC_SetChannelSamplingTime
                        0x08001587    0x58  Code  Lc  current_meas.o [1]
LL_ADC_SetCommonClock   0x08001511     0xc  Code  Lc  current_meas.o [1]
LL_AHB1_GRP1_EnableClock
                        0x0800167d    0x1a  Code  Lc  current_meas.o [1]
LL_APB1_GRP1_EnableClock
                        0x080010b9    0x1a  Code  Lc  main.o [1]
LL_APB2_GRP1_EnableClock
                        0x08001697    0x1a  Code  Lc  current_meas.o [1]
LL_DMA_ClearFlag_HT0    0x08000fa9     0xa  Code  Lc  stm32f7xx_it.o [1]
LL_DMA_ClearFlag_TC0    0x08000fb3     0xa  Code  Lc  stm32f7xx_it.o [1]
LL_DMA_ClearFlag_TE0    0x08000fbd     0xa  Code  Lc  stm32f7xx_it.o [1]
LL_DMA_ConfigAddresses  0x08001647    0x36  Code  Lc  current_meas.o [1]
LL_DMA_ConfigTransfer   0x08001605    0x22  Code  Lc  current_meas.o [1]
LL_DMA_IsActiveFlag_HT0
                        0x08000f8b     0xa  Code  Lc  stm32f7xx_it.o [1]
LL_DMA_IsActiveFlag_TC0
                        0x08000f95     0xa  Code  Lc  stm32f7xx_it.o [1]
LL_DMA_IsActiveFlag_TE0
                        0x08000f9f     0xa  Code  Lc  stm32f7xx_it.o [1]
LL_DMA_SetChannelSelection
                        0x08001627    0x20  Code  Lc  current_meas.o [1]
LL_FLASH_SetLatency     0x08001187    0x10  Code  Lc  main.o [1]
LL_GPIO_SetPinMode      0x080016b1    0x34  Code  Lc  current_meas.o [1]
LL_MPU_ConfigRegion     0x080011e9    0x1e  Code  Lc  main.o [1]
LL_MPU_Disable          0x080011dd     0xc  Code  Lc  main.o [1]
LL_MPU_Enable           0x080011cb    0x12  Code  Lc  main.o [1]
LL_PWR_EnableOverDriveMode
                        0x080011a5     0xe  Code  Lc  main.o [1]
LL_PWR_EnableOverDriveSwitching
                        0x08001197     0xe  Code  Lc  main.o [1]
LL_PWR_IsActiveFlag_OD  0x080011b3     0xc  Code  Lc  main.o [1]
LL_PWR_IsActiveFlag_ODSW
                        0x080011bf     0xc  Code  Lc  main.o [1]
LL_RCC_GetSysClkSource  0x08001117     0xa  Code  Lc  main.o [1]
LL_RCC_HSE_Enable       0x080010d3     0xe  Code  Lc  main.o [1]
LL_RCC_HSE_IsReady      0x080010e1     0xc  Code  Lc  main.o [1]
LL_RCC_HSI_Enable       0x080010ed     0xe  Code  Lc  main.o [1]
LL_RCC_HSI_IsReady      0x080010fb     0xc  Code  Lc  main.o [1]
LL_RCC_PLL_ConfigDomain_SYS
                        0x0800116b    0x1c  Code  Lc  main.o [1]
LL_RCC_PLL_Enable       0x08001151     0xe  Code  Lc  main.o [1]
LL_RCC_PLL_IsReady      0x0800115f     0xc  Code  Lc  main.o [1]
LL_RCC_SetAHBPrescaler  0x08001121    0x10  Code  Lc  main.o [1]
LL_RCC_SetAPB1Prescaler
                        0x08001131    0x10  Code  Lc  main.o [1]
LL_RCC_SetAPB2Prescaler
                        0x08001141    0x10  Code  Lc  main.o [1]
LL_RCC_SetSysClkSource  0x08001107    0x10  Code  Lc  main.o [1]
LL_SetSystemCoreClock   0x080018e1     0x6  Code  Gb  stm32f7xx_ll_utils.o [1]
MPU_Config              0x08001341    0x1a  Code  Lc  main.o [1]
MeasurementSystem_Init  0x080016e5    0x38  Code  Gb  current_meas.o [1]
MemManage_Handler       0x08000fcb     0x2  Code  Gb  stm32f7xx_it.o [1]
NMI_Handler             0x08000fc7     0x2  Code  Gb  stm32f7xx_it.o [1]
NVIC_EnableIRQ          0x080014b5    0x18  Code  Lc  current_meas.o [1]
NVIC_SetPriority        0x080014cd    0x30  Code  Lc  current_meas.o [1]
PendSV_Handler          0x080013b5          Code  Gb  portasm.o [1]
Region$$Table$$Base     0x08001a10           --   Gb  - Linker created -
Region$$Table$$Limit    0x08001a34           --   Gb  - Linker created -
STREAM_OFFSET_TAB       0x08001ab4     0x8  Data  Lc  current_meas.o [1]
SVC_Handler             0x08001411          Code  Gb  portasm.o [1]
SysTask_1               0x080012a9     0xc  Code  Lc  main.o [1]
SysTick_Handler         0x08000fd3    0x12  Code  Gb  stm32f7xx_it.o [1]
SystemClock_Config      0x080012b9    0x88  Code  Gb  main.o [1]
SystemCoreClock         0x20000004     0x4  Data  Gb  system_stm32f7xx.o [1]
SystemInit              0x080018ed    0x4c  Code  Gb  system_stm32f7xx.o [1]
SystemTask1_Instance    0x20003cfc     0xc  Data  Gb  main.o [1]
System_GetCounter       0x08001461     0x6  Code  Lc  task_supervisor.o [1]
System_GetElapseTime    0x080014a5     0xe  Code  Gb  task_supervisor.o [1]
System_GetTaskEXETime   0x08001467    0x34  Code  Gb  task_supervisor.o [1]
System_SuperviosrInit   0x08001207    0x26  Code  Lc  main.o [1]
System_TaskCreate       0x0800122d    0x46  Code  Lc  main.o [1]
TRACE_DeadlineSupervisor
                        0x08000fe5    0x68  Code  Gb  stm32f7xx_it.o [1]
UsageFault_Handler      0x08000fcf     0x2  Code  Gb  stm32f7xx_it.o [1]
__aeabi_memset          0x08000ca1          Code  Gb  ABImemset.o [5]
__cmain                 0x08001a35          Code  Gb  cmain.o [5]
__exit                  0x08001a69    0x14  Code  Gb  exit.o [6]
__iar_Memset            0x08000ca1          Code  Gb  ABImemset.o [5]
__iar_Memset_word       0x08000ca9          Code  Gb  ABImemset.o [5]
__iar_copy_init3        0x08001999    0x2c  Code  Gb  copy_init3.o [5]
__iar_data_init3        0x080019c5    0x28  Code  Gb  data_init.o [5]
__iar_init_vfp          0x080019ed          Code  Gb  fpinit_M.o [4]
__iar_program_start     0x08001a9d          Code  Gb  cstartup_M.o [5]
__iar_systems$$module {Abs}
                        0x00000001          Data  Gb  command line/config [2]
__iar_zero_init3        0x08001959    0x40  Code  Gb  zero_init3.o [5]
__low_level_init        0x08001a53     0x4  Code  Gb  low_level_init.o [3]
__vector_table          0x08000000          Data  Gb  startup_stm32f767xx.o [1]
_call_main              0x08001a41          Code  Gb  cmain.o [5]
_exit                   0x08001a5d          Code  Gb  cexit.o [5]
_main                   0x08001a4f          Code  Gb  cmain.o [5]
aADCxConvertedData      0x20003d08     0x8  Data  Lc  current_meas.o [1]
aADCxConvertedData_Voltage_mVolt
                        0x20003d10     0x8  Data  Lc  current_meas.o [1]
exe                     0x20003d40     0x4  Data  Gb  stm32f7xx_it.o [1]
exit                    0x08001a57     0x4  Code  Gb  exit.o [3]
local_instance          0x20003d38     0x4  Data  Gb  stm32f7xx_it.o [1]
main                    0x08001273    0x34  Code  Gb  main.o [1]
prvAddCurrentTaskToDelayedList
                        0x0800095d    0x7e  Code  Lc  tasks.o [1]
prvAddNewTaskToReadyList
                        0x0800035d    0xc2  Code  Lc  tasks.o [1]
prvCheckTasksWaitingTermination
                        0x08000895    0x64  Code  Lc  tasks.o [1]
prvDeleteTCB            0x080008f9    0x12  Code  Lc  tasks.o [1]
prvHeapInit             0x08000bbd    0x66  Code  Lc  heap_4.o [1]
prvIdleTask             0x080007cd    0x2a  Code  Lc  tasks.o [1]
prvInitialiseNewTask    0x0800026d    0xf0  Code  Lc  tasks.o [1]
prvInitialiseTaskLists  0x0800083b    0x5a  Code  Lc  tasks.o [1]
prvInsertBlockIntoFreeList
                        0x08000c23    0x60  Code  Lc  heap_4.o [1]
prvResetNextTaskUnblockTime
                        0x0800090b    0x2a  Code  Lc  tasks.o [1]
prvTaskExitError        0x08000dc9    0x32  Code  Lc  port.o [1]
pvPortMalloc            0x08000a15   0x126  Code  Gb  heap_4.o [1]
pvTaskGetThreadLocalStoragePointer
                        0x08000815    0x26  Code  Gb  tasks.o [1]
pxCurrentTCB            0x20003d44     0x4  Data  Gb  tasks.o [1]
pxDelayedTaskList       0x20003d48     0x4  Data  Lc  tasks.o [1]
pxEnd                   0x20003d24     0x4  Data  Lc  heap_4.o [1]
pxOverflowDelayedTaskList
                        0x20003d4c     0x4  Data  Lc  tasks.o [1]
pxPortInitialiseStack   0x08000da1    0x28  Code  Gb  port.o [1]
pxReadyTasksLists       0x20003c0c    0x8c  Data  Lc  tasks.o [1]
task_param_instance     0x20003d3c     0x4  Data  Gb  stm32f7xx_it.o [1]
tmp_index_adc_converted_data
                        0x20003d20     0x4  Data  Gb  current_meas.o [1]
ubDmaTransferStatus     0x20000008     0x1  Data  Lc  current_meas.o [1]
ucHeap                  0x2000000c  0x3c00  Data  Lc  heap_4.o [1]
ucMaxSysCallPriority    0x20003d80     0x1  Data  Lc  port.o [1]
ulMaxPRIGROUPValue      0x20003d34     0x4  Data  Lc  port.o [1]
uxCriticalNesting       0x20000000     0x4  Data  Lc  port.o [1]
uxCurrentNumberOfTasks  0x20003d54     0x4  Data  Lc  tasks.o [1]
uxDeletedTasksWaitingCleanUp
                        0x20003d50     0x4  Data  Lc  tasks.o [1]
uxListRemove            0x08000d79    0x28  Code  Gb  list.o [1]
uxPendedTicks           0x20003d64     0x4  Data  Lc  tasks.o [1]
uxSchedulerSuspended    0x20003d7c     0x4  Data  Lc  tasks.o [1]
uxTaskNumber            0x20003d70     0x4  Data  Lc  tasks.o [1]
uxTopReadyPriority      0x20003d5c     0x4  Data  Lc  tasks.o [1]
vApplicationIdleHook    0x080012b5     0x4  Code  Gb  main.o [1]
vListInitialise         0x08000d07    0x1e  Code  Gb  list.o [1]
vListInitialiseItem     0x08000d25     0x6  Code  Gb  list.o [1]
vListInsert             0x08000d43    0x36  Code  Gb  list.o [1]
vListInsertEnd          0x08000d2b    0x18  Code  Gb  list.o [1]
vPortEnableVFP          0x08001445          Code  Gb  portasm.o [1]
vPortEnterCritical      0x08000e91    0x42  Code  Gb  port.o [1]
vPortExitCritical       0x08000ed3    0x36  Code  Gb  port.o [1]
vPortFree               0x08000b3b    0x82  Code  Gb  heap_4.o [1]
vPortStartFirstTask     0x0800142d          Code  Gb  portasm.o [1]
vTaskDelay              0x0800041f    0x52  Code  Gb  tasks.o [1]
vTaskSetThreadLocalStoragePointer
                        0x080007f7    0x1e  Code  Gb  tasks.o [1]
vTaskStartScheduler     0x08000471    0x70  Code  Gb  tasks.o [1]
vTaskSuspendAll         0x080004e1    0x10  Code  Gb  tasks.o [1]
vTaskSwitchContext      0x08000727    0x7c  Code  Gb  tasks.o [1]
xBlockAllocatedBit      0x20003d30     0x4  Data  Lc  heap_4.o [1]
xDelayedTaskList1       0x20003c98    0x14  Data  Lc  tasks.o [1]
xDelayedTaskList2       0x20003cac    0x14  Data  Lc  tasks.o [1]
xFreeBytesRemaining     0x20003d28     0x4  Data  Lc  heap_4.o [1]
xHeapStructSize         0x08001ac4     0x4  Data  Lc  heap_4.o [1]
xIdleTaskHandle         0x20003d78     0x4  Data  Lc  tasks.o [1]
xMinimumEverFreeBytesRemaining
                        0x20003d2c     0x4  Data  Lc  heap_4.o [1]
xNextTaskUnblockTime    0x20003d74     0x4  Data  Lc  tasks.o [1]
xNumOfOverflows         0x20003d6c     0x4  Data  Lc  tasks.o [1]
xPendingReadyList       0x20003cc0    0x14  Data  Lc  tasks.o [1]
xPortStartScheduler     0x08000dfb    0x96  Code  Gb  port.o [1]
xPortSysTickHandler     0x08000f09    0x2c  Code  Gb  port.o [1]
xSchedulerRunning       0x20003d60     0x4  Data  Lc  tasks.o [1]
xStart                  0x20003d18     0x8  Data  Lc  heap_4.o [1]
xSuspendedTaskList      0x20003ce8    0x14  Data  Lc  tasks.o [1]
xTaskCreate             0x080001f9    0x74  Code  Gb  tasks.o [1]
xTaskGetCurrentTaskHandle
                        0x08000935     0x8  Code  Gb  tasks.o [1]
xTaskIncrementTick      0x080005f5   0x132  Code  Gb  tasks.o [1]
xTaskResumeAll          0x080004f1   0x104  Code  Gb  tasks.o [1]
xTasksWaitingTermination
                        0x20003cd4    0x14  Data  Lc  tasks.o [1]
xTickCount              0x20003d58     0x4  Data  Lc  tasks.o [1]
xYieldPending           0x20003d68     0x4  Data  Lc  tasks.o [1]


[1] = C:\Users\Goragod\Desktop\Workspace\STM32F7\Project\STM32F767VI-CAESAR\EWARM\Debug\Obj
[2] = command line
[3] = dl7M_tln.a
[4] = m7M_tlv.a
[5] = rt7M_tl.a
[6] = shb_l.a

   7 194 bytes of readonly  code memory
      86 bytes of readonly  data memory
  16 766 bytes of readwrite data memory

Errors: none
Warnings: none
