###############################################################################
#
# IAR ELF Linker V8.20.2.14835/W32 for ARM                16/Jun/2018  23:56:03
# Copyright 2007-2017 IAR Systems AB.
#
#    Output file  =  
#        C:\Users\Goragod\Desktop\Workspace\STM32F7\Project\STM32F767VI-CAESAR\EWARM\Debug\Exe\STM32F767VI-CAESAR.out
#    Map file     =  
#        C:\Users\Goragod\Desktop\Workspace\STM32F7\Project\STM32F767VI-CAESAR\EWARM\Debug\List\STM32F767VI-CAESAR.map
#    Command line =  
#        -f C:\Users\Goragod\AppData\Local\Temp\EWA786.tmp
#        (C:\Users\Goragod\Desktop\Workspace\STM32F7\Project\STM32F767VI-CAESAR\EWARM\Debug\Obj\cmsis_os.o
#        C:\Users\Goragod\Desktop\Workspace\STM32F7\Project\STM32F767VI-CAESAR\EWARM\Debug\Obj\current_meas.o
#        C:\Users\Goragod\Desktop\Workspace\STM32F7\Project\STM32F767VI-CAESAR\EWARM\Debug\Obj\heap_4.o
#        C:\Users\Goragod\Desktop\Workspace\STM32F7\Project\STM32F767VI-CAESAR\EWARM\Debug\Obj\list.o
#        C:\Users\Goragod\Desktop\Workspace\STM32F7\Project\STM32F767VI-CAESAR\EWARM\Debug\Obj\main.o
#        C:\Users\Goragod\Desktop\Workspace\STM32F7\Project\STM32F767VI-CAESAR\EWARM\Debug\Obj\perf_config.o
#        C:\Users\Goragod\Desktop\Workspace\STM32F7\Project\STM32F767VI-CAESAR\EWARM\Debug\Obj\port.o
#        C:\Users\Goragod\Desktop\Workspace\STM32F7\Project\STM32F767VI-CAESAR\EWARM\Debug\Obj\portasm.o
#        C:\Users\Goragod\Desktop\Workspace\STM32F7\Project\STM32F767VI-CAESAR\EWARM\Debug\Obj\startup_stm32f767xx.o
#        C:\Users\Goragod\Desktop\Workspace\STM32F7\Project\STM32F767VI-CAESAR\EWARM\Debug\Obj\stm32f7xx_it.o
#        C:\Users\Goragod\Desktop\Workspace\STM32F7\Project\STM32F767VI-CAESAR\EWARM\Debug\Obj\stm32f7xx_ll_adc.o
#        C:\Users\Goragod\Desktop\Workspace\STM32F7\Project\STM32F767VI-CAESAR\EWARM\Debug\Obj\stm32f7xx_ll_dma.o
#        C:\Users\Goragod\Desktop\Workspace\STM32F7\Project\STM32F767VI-CAESAR\EWARM\Debug\Obj\stm32f7xx_ll_gpio.o
#        C:\Users\Goragod\Desktop\Workspace\STM32F7\Project\STM32F767VI-CAESAR\EWARM\Debug\Obj\stm32f7xx_ll_pwr.o
#        C:\Users\Goragod\Desktop\Workspace\STM32F7\Project\STM32F767VI-CAESAR\EWARM\Debug\Obj\stm32f7xx_ll_rcc.o
#        C:\Users\Goragod\Desktop\Workspace\STM32F7\Project\STM32F767VI-CAESAR\EWARM\Debug\Obj\stm32f7xx_ll_utils.o
#        C:\Users\Goragod\Desktop\Workspace\STM32F7\Project\STM32F767VI-CAESAR\EWARM\Debug\Obj\sys_macro.o
#        C:\Users\Goragod\Desktop\Workspace\STM32F7\Project\STM32F767VI-CAESAR\EWARM\Debug\Obj\system_stm32f7xx.o
#        C:\Users\Goragod\Desktop\Workspace\STM32F7\Project\STM32F767VI-CAESAR\EWARM\Debug\Obj\task_supervisor.o
#        C:\Users\Goragod\Desktop\Workspace\STM32F7\Project\STM32F767VI-CAESAR\EWARM\Debug\Obj\tasks.o
#        -o
#        C:\Users\Goragod\Desktop\Workspace\STM32F7\Project\STM32F767VI-CAESAR\EWARM\Debug\Exe\STM32F767VI-CAESAR.out
#        --redirect _Printf=_PrintfFullNoMb --redirect _Scanf=_ScanfFullNoMb
#        --map
#        C:\Users\Goragod\Desktop\Workspace\STM32F7\Project\STM32F767VI-CAESAR\EWARM\Debug\List\STM32F767VI-CAESAR.map
#        --config
#        C:\Users\Goragod\Desktop\Workspace\STM32F7\Project\STM32F767VI-CAESAR\EWARM\stm32f767xx_flash.icf
#        --semihosting --entry __iar_program_start --vfe --text_out locale)
#
###############################################################################

*******************************************************************************
*** RUNTIME MODEL ATTRIBUTES
***

CppFlavor       = *
__SystemLibrary = DLib
__dlib_version  = 6


*******************************************************************************
*** HEAP SELECTION
***

The basic heap was selected because no calls to memory allocation
functions were found in the application outside of system library
functions, and there are calls to deallocation functions in the
application.


*******************************************************************************
*** PLACEMENT SUMMARY
***

"A0":  place at 0x08000000 { ro section .intvec };
"P1":  place in [from 0x08000000 to 0x081fffff] { ro };
define block CSTACK with size = 1K, alignment = 8 { };
define block HEAP with size = 512, alignment = 8 { };
"P2":  place in [from 0x20000000 to 0x2007ffff] {
          rw, block CSTACK, block HEAP };
initialize by copy { rw };

  Section            Kind        Address    Size  Object
  -------            ----        -------    ----  ------
"A0":                                      0x1f8
  .intvec            ro code  0x08000000   0x1f8  startup_stm32f767xx.o [1]
                            - 0x080001f8   0x1f8

"P1":                                     0x27d0
  .text              ro code  0x080001f8   0x81c  tasks.o [1]
  .text              ro code  0x08000a14   0x28c  heap_4.o [1]
  .text              ro code  0x08000ca0    0x66  ABImemset.o [5]
  .text              ro code  0x08000d06    0x9a  list.o [1]
  .text              ro code  0x08000da0   0x1d8  port.o [1]
  .text              ro code  0x08000f78    0xc8  sys_macro.o [1]
  .text              ro code  0x08001040   0x32c  main.o [1]
  CODE               ro code  0x0800136c    0xac  portasm.o [1]
  .text              ro code  0x08001418    0xd8  task_supervisor.o [1]
  .text              ro code  0x080014f0   0x3aa  perf_config.o [1]
  .text              ro code  0x0800189c   0x42c  current_meas.o [1]
  .text              ro code  0x08001cc8     0xc  stm32f7xx_ll_utils.o [1]
  .text              ro code  0x08001cd4    0x86  ABImemcpy.o [5]
  .rodata            const    0x08001d5c   0x550  perf_config.o [1]
  .rodata            const    0x080022ac   0x250  perf_config.o [1]
  .text              ro code  0x080024fc   0x138  stm32f7xx_it.o [1]
  .text              ro code  0x08002634    0x6c  system_stm32f7xx.o [1]
  .text              ro code  0x080026a0    0x40  zero_init3.o [5]
  .text              ro code  0x080026e0    0x2c  copy_init3.o [5]
  .text              ro code  0x0800270c    0x28  data_init.o [5]
  .text              ro code  0x08002734    0x22  fpinit_M.o [4]
  .iar.init_table    const    0x08002758    0x24  - Linker created -
  .text              ro code  0x0800277c    0x1e  cmain.o [5]
  .text              ro code  0x0800279a     0x4  low_level_init.o [3]
  .text              ro code  0x0800279e     0x4  exit.o [3]
  .text              ro code  0x080027a4     0xa  cexit.o [5]
  .text              ro code  0x080027b0    0x14  exit.o [6]
  .rodata            const    0x080027c4    0x10  main.o [1]
  .rodata            const    0x080027d4    0x10  perf_config.o [1]
  .text              ro code  0x080027e4    0x10  startup_stm32f767xx.o [1]
  .text              ro code  0x080027f4     0xc  cstartup_M.o [5]
  Initializer bytes  const    0x08002800     0xc  <for P2-1>
  .rodata            const    0x0800280c     0x8  current_meas.o [1]
  .rodata            const    0x08002814     0x8  tasks.o [1]
  .rodata            const    0x0800281c     0x4  heap_4.o [1]
  .text              ro code  0x08002820     0x4  startup_stm32f767xx.o [1]
  .text              ro code  0x08002824     0x4  startup_stm32f767xx.o [1]
  .text              ro code  0x08002828     0x4  startup_stm32f767xx.o [1]
  .text              ro code  0x0800282c     0x4  startup_stm32f767xx.o [1]
  .text              ro code  0x08002830     0x4  startup_stm32f767xx.o [1]
  .text              ro code  0x08002834     0x4  startup_stm32f767xx.o [1]
  .text              ro code  0x08002838     0x4  startup_stm32f767xx.o [1]
  .text              ro code  0x0800283c     0x4  startup_stm32f767xx.o [1]
  .text              ro code  0x08002840     0x4  startup_stm32f767xx.o [1]
  .text              ro code  0x08002844     0x4  startup_stm32f767xx.o [1]
  .text              ro code  0x08002848     0x4  startup_stm32f767xx.o [1]
  .text              ro code  0x0800284c     0x4  startup_stm32f767xx.o [1]
  .text              ro code  0x08002850     0x4  startup_stm32f767xx.o [1]
  .text              ro code  0x08002854     0x4  startup_stm32f767xx.o [1]
  .text              ro code  0x08002858     0x4  startup_stm32f767xx.o [1]
  .text              ro code  0x0800285c     0x4  startup_stm32f767xx.o [1]
  .text              ro code  0x08002860     0x4  startup_stm32f767xx.o [1]
  .text              ro code  0x08002864     0x4  startup_stm32f767xx.o [1]
  .text              ro code  0x08002868     0x4  startup_stm32f767xx.o [1]
  .text              ro code  0x0800286c     0x4  startup_stm32f767xx.o [1]
  .text              ro code  0x08002870     0x4  startup_stm32f767xx.o [1]
  .text              ro code  0x08002874     0x4  startup_stm32f767xx.o [1]
  .text              ro code  0x08002878     0x4  startup_stm32f767xx.o [1]
  .text              ro code  0x0800287c     0x4  startup_stm32f767xx.o [1]
  .text              ro code  0x08002880     0x4  startup_stm32f767xx.o [1]
  .text              ro code  0x08002884     0x4  startup_stm32f767xx.o [1]
  .text              ro code  0x08002888     0x4  startup_stm32f767xx.o [1]
  .text              ro code  0x0800288c     0x4  startup_stm32f767xx.o [1]
  .text              ro code  0x08002890     0x4  startup_stm32f767xx.o [1]
  .text              ro code  0x08002894     0x4  startup_stm32f767xx.o [1]
  .text              ro code  0x08002898     0x4  startup_stm32f767xx.o [1]
  .text              ro code  0x0800289c     0x4  startup_stm32f767xx.o [1]
  .text              ro code  0x080028a0     0x4  startup_stm32f767xx.o [1]
  .text              ro code  0x080028a4     0x4  startup_stm32f767xx.o [1]
  .text              ro code  0x080028a8     0x4  startup_stm32f767xx.o [1]
  .text              ro code  0x080028ac     0x4  startup_stm32f767xx.o [1]
  .text              ro code  0x080028b0     0x4  startup_stm32f767xx.o [1]
  .text              ro code  0x080028b4     0x4  startup_stm32f767xx.o [1]
  .text              ro code  0x080028b8     0x4  startup_stm32f767xx.o [1]
  .text              ro code  0x080028bc     0x4  startup_stm32f767xx.o [1]
  .text              ro code  0x080028c0     0x4  startup_stm32f767xx.o [1]
  .text              ro code  0x080028c4     0x4  startup_stm32f767xx.o [1]
  .text              ro code  0x080028c8     0x4  startup_stm32f767xx.o [1]
  .text              ro code  0x080028cc     0x4  startup_stm32f767xx.o [1]
  .text              ro code  0x080028d0     0x4  startup_stm32f767xx.o [1]
  .text              ro code  0x080028d4     0x4  startup_stm32f767xx.o [1]
  .text              ro code  0x080028d8     0x4  startup_stm32f767xx.o [1]
  .text              ro code  0x080028dc     0x4  startup_stm32f767xx.o [1]
  .text              ro code  0x080028e0     0x4  startup_stm32f767xx.o [1]
  .text              ro code  0x080028e4     0x4  startup_stm32f767xx.o [1]
  .text              ro code  0x080028e8     0x4  startup_stm32f767xx.o [1]
  .text              ro code  0x080028ec     0x4  startup_stm32f767xx.o [1]
  .text              ro code  0x080028f0     0x4  startup_stm32f767xx.o [1]
  .text              ro code  0x080028f4     0x4  startup_stm32f767xx.o [1]
  .text              ro code  0x080028f8     0x4  startup_stm32f767xx.o [1]
  .text              ro code  0x080028fc     0x4  startup_stm32f767xx.o [1]
  .text              ro code  0x08002900     0x4  startup_stm32f767xx.o [1]
  .text              ro code  0x08002904     0x4  startup_stm32f767xx.o [1]
  .text              ro code  0x08002908     0x4  startup_stm32f767xx.o [1]
  .text              ro code  0x0800290c     0x4  startup_stm32f767xx.o [1]
  .text              ro code  0x08002910     0x4  startup_stm32f767xx.o [1]
  .text              ro code  0x08002914     0x4  startup_stm32f767xx.o [1]
  .text              ro code  0x08002918     0x4  startup_stm32f767xx.o [1]
  .text              ro code  0x0800291c     0x4  startup_stm32f767xx.o [1]
  .text              ro code  0x08002920     0x4  startup_stm32f767xx.o [1]
  .text              ro code  0x08002924     0x4  startup_stm32f767xx.o [1]
  .text              ro code  0x08002928     0x4  startup_stm32f767xx.o [1]
  .text              ro code  0x0800292c     0x4  startup_stm32f767xx.o [1]
  .text              ro code  0x08002930     0x4  startup_stm32f767xx.o [1]
  .text              ro code  0x08002934     0x4  startup_stm32f767xx.o [1]
  .text              ro code  0x08002938     0x4  startup_stm32f767xx.o [1]
  .text              ro code  0x0800293c     0x4  startup_stm32f767xx.o [1]
  .text              ro code  0x08002940     0x4  startup_stm32f767xx.o [1]
  .text              ro code  0x08002944     0x4  startup_stm32f767xx.o [1]
  .text              ro code  0x08002948     0x4  startup_stm32f767xx.o [1]
  .text              ro code  0x0800294c     0x4  startup_stm32f767xx.o [1]
  .text              ro code  0x08002950     0x4  startup_stm32f767xx.o [1]
  .text              ro code  0x08002954     0x4  startup_stm32f767xx.o [1]
  .text              ro code  0x08002958     0x4  startup_stm32f767xx.o [1]
  .text              ro code  0x0800295c     0x4  startup_stm32f767xx.o [1]
  .text              ro code  0x08002960     0x4  startup_stm32f767xx.o [1]
  .text              ro code  0x08002964     0x4  startup_stm32f767xx.o [1]
  .text              ro code  0x08002968     0x4  startup_stm32f767xx.o [1]
  .text              ro code  0x0800296c     0x4  startup_stm32f767xx.o [1]
  .text              ro code  0x08002970     0x4  startup_stm32f767xx.o [1]
  .text              ro code  0x08002974     0x4  startup_stm32f767xx.o [1]
  .text              ro code  0x08002978     0x4  startup_stm32f767xx.o [1]
  .text              ro code  0x0800297c     0x4  startup_stm32f767xx.o [1]
  .text              ro code  0x08002980     0x4  startup_stm32f767xx.o [1]
  .text              ro code  0x08002984     0x4  startup_stm32f767xx.o [1]
  .text              ro code  0x08002988     0x4  startup_stm32f767xx.o [1]
  .text              ro code  0x0800298c     0x4  startup_stm32f767xx.o [1]
  .text              ro code  0x08002990     0x4  startup_stm32f767xx.o [1]
  .text              ro code  0x08002994     0x4  startup_stm32f767xx.o [1]
  .text              ro code  0x08002998     0x4  startup_stm32f767xx.o [1]
  .text              ro code  0x0800299c     0x4  startup_stm32f767xx.o [1]
  .text              ro code  0x080029a0     0x4  startup_stm32f767xx.o [1]
  .text              ro code  0x080029a4     0x4  startup_stm32f767xx.o [1]
  .text              ro code  0x080029a8     0x4  startup_stm32f767xx.o [1]
  .text              ro code  0x080029ac     0x4  startup_stm32f767xx.o [1]
  .text              ro code  0x080029b0     0x4  startup_stm32f767xx.o [1]
  .text              ro code  0x080029b4     0x4  startup_stm32f767xx.o [1]
  .text              ro code  0x080029b8     0x4  startup_stm32f767xx.o [1]
  .text              ro code  0x080029bc     0x4  startup_stm32f767xx.o [1]
  .text              ro code  0x080029c0     0x4  startup_stm32f767xx.o [1]
  .text              ro code  0x080029c4     0x4  startup_stm32f767xx.o [1]
  .rodata            const    0x080029c8     0x0  zero_init3.o [5]
  .rodata            const    0x080029c8     0x0  copy_init3.o [5]
                            - 0x080029c8  0x27d0

"P2", part 1 of 3:                           0xc
  P2-1                        0x20000000     0x9  <Init block>
    .data            inited   0x20000000     0x4  port.o [1]
    .data            inited   0x20000004     0x4  system_stm32f7xx.o [1]
    .data            inited   0x20000008     0x1  current_meas.o [1]
                            - 0x20000009     0x9

"P2", part 2 of 3:                        0x3da0
  .bss               zero     0x2000000c  0x3c00  heap_4.o [1]
  .bss               zero     0x20003c0c    0x8c  tasks.o [1]
  .bss               zero     0x20003c98    0x18  main.o [1]
  .bss               zero     0x20003cb0    0x14  tasks.o [1]
  .bss               zero     0x20003cc4    0x14  tasks.o [1]
  .bss               zero     0x20003cd8    0x14  tasks.o [1]
  .bss               zero     0x20003cec    0x14  tasks.o [1]
  .bss               zero     0x20003d00    0x14  tasks.o [1]
  .bss               zero     0x20003d14    0x10  perf_config.o [1]
  .bss               zero     0x20003d24     0x8  current_meas.o [1]
  .bss               zero     0x20003d2c     0x8  current_meas.o [1]
  .bss               zero     0x20003d34     0x8  heap_4.o [1]
  .bss               zero     0x20003d3c     0x4  current_meas.o [1]
  .bss               zero     0x20003d40     0x4  heap_4.o [1]
  .bss               zero     0x20003d44     0x4  heap_4.o [1]
  .bss               zero     0x20003d48     0x4  heap_4.o [1]
  .bss               zero     0x20003d4c     0x4  heap_4.o [1]
  .bss               zero     0x20003d50     0x4  main.o [1]
  .bss               zero     0x20003d54     0x4  main.o [1]
  .bss               zero     0x20003d58     0x4  port.o [1]
  .bss               zero     0x20003d5c     0x4  sys_macro.o [1]
  .bss               zero     0x20003d60     0x4  task_supervisor.o [1]
  .bss               zero     0x20003d64     0x4  task_supervisor.o [1]
  .bss               zero     0x20003d68     0x4  task_supervisor.o [1]
  .bss               zero     0x20003d6c     0x4  tasks.o [1]
  .bss               zero     0x20003d70     0x4  tasks.o [1]
  .bss               zero     0x20003d74     0x4  tasks.o [1]
  .bss               zero     0x20003d78     0x4  tasks.o [1]
  .bss               zero     0x20003d7c     0x4  tasks.o [1]
  .bss               zero     0x20003d80     0x4  tasks.o [1]
  .bss               zero     0x20003d84     0x4  tasks.o [1]
  .bss               zero     0x20003d88     0x4  tasks.o [1]
  .bss               zero     0x20003d8c     0x4  tasks.o [1]
  .bss               zero     0x20003d90     0x4  tasks.o [1]
  .bss               zero     0x20003d94     0x4  tasks.o [1]
  .bss               zero     0x20003d98     0x4  tasks.o [1]
  .bss               zero     0x20003d9c     0x4  tasks.o [1]
  .bss               zero     0x20003da0     0x4  tasks.o [1]
  .bss               zero     0x20003da4     0x4  tasks.o [1]
  .bss               zero     0x20003da8     0x2  stm32f7xx_it.o [1]
  .bss               zero     0x20003daa     0x1  perf_config.o [1]
  .bss               zero     0x20003dab     0x1  port.o [1]
                            - 0x20003dac  0x3da0

"P2", part 3 of 3:                         0x400
  CSTACK                      0x20003db0   0x400  <Block>
    CSTACK           uninit   0x20003db0   0x400  <Block tail>
                            - 0x200041b0   0x400


*******************************************************************************
*** INIT TABLE
***

          Address     Size
          -------     ----
Zero (__iar_zero_init3)
    1 destination range, total size 0x3da0:
          0x2000000c  0x3da0

Copy (__iar_copy_init3)
    1 source range, total size 0xc (133% of destination):
          0x08002800     0xc
    1 destination range, total size 0x9:
          0x20000000     0x9



*******************************************************************************
*** MODULE SUMMARY
***

    Module                 ro code  ro data  rw data
    ------                 -------  -------  -------
C:\Users\Goragod\Desktop\Workspace\STM32F7\Project\STM32F767VI-CAESAR\EWARM\Debug\Obj: [1]
    current_meas.o           1 068        9       21
    heap_4.o                   652        4   15 384
    list.o                     154
    main.o                     812       16       32
    perf_config.o              938    1 968       17
    port.o                     472        4        9
    portasm.o                  172
    startup_stm32f767xx.o      944
    stm32f7xx_it.o             312                 2
    stm32f7xx_ll_utils.o        12
    sys_macro.o                200                 4
    system_stm32f7xx.o         108        4        4
    task_supervisor.o          216                12
    tasks.o                  2 076        8      300
    ------------------------------------------------
    Total:                   8 136    2 013   15 785

command line: [2]
    ------------------------------------------------
    Total:

dl7M_tln.a: [3]
    exit.o                       4
    low_level_init.o             4
    ------------------------------------------------
    Total:                       8

m7M_tlv.a: [4]
    fpinit_M.o                  34
    ------------------------------------------------
    Total:                      34

rt7M_tl.a: [5]
    ABImemcpy.o                134
    ABImemset.o                102
    cexit.o                     10
    cmain.o                     30
    copy_init3.o                44
    cstartup_M.o                12
    data_init.o                 40
    zero_init3.o                64
    ------------------------------------------------
    Total:                     436

shb_l.a: [6]
    exit.o                      20
    ------------------------------------------------
    Total:                      20

    Gaps                         6        4
    Linker created                       39    1 024
----------------------------------------------------
    Grand Total:             8 640    2 056   16 809


*******************************************************************************
*** ENTRY LIST
***

Entry                      Address    Size  Type      Object
-----                      -------    ----  ----      ------
.iar.init_table$$Base   0x08002758           --   Gb  - Linker created -
.iar.init_table$$Limit  0x0800277c           --   Gb  - Linker created -
?main                   0x0800277d          Code  Gb  cmain.o [5]
ADC_IRQHandler          0x08002609    0x18  Code  Gb  stm32f7xx_it.o [1]
Activate_ADC            0x08001bf7    0x14  Code  Gb  current_meas.o [1]
AdcDmaTransferComplete_Callback
                        0x08001c15    0x2e  Code  Gb  current_meas.o [1]
AdcDmaTransferError_Callback
                        0x08001cc5     0x4  Code  Gb  current_meas.o [1]
AdcDmaTransferHalf_Callback
                        0x08001c43    0x2e  Code  Gb  current_meas.o [1]
AdcGrpRegularOverrunError_Callback
                        0x08001c0b     0xa  Code  Gb  current_meas.o [1]
BusFault_Handler        0x08002551     0x2  Code  Gb  stm32f7xx_it.o [1]
CONTEXT_SWITCH_IN       0x08000ffb    0x3a  Code  Gb  sys_macro.o [1]
CONTEXT_SWITCH_OUT      0x08000f79    0x82  Code  Gb  sys_macro.o [1]
CSTACK$$Base            0x20003db0           --   Gb  - Linker created -
CSTACK$$Limit           0x200041b0           --   Gb  - Linker created -
ClkConfig               0x20003d14    0x10  Data  Lc  perf_config.o [1]
ClockRateScale_High     0x080022ac   0x250  Data  Gb  perf_config.o [1]
ClockRateScale_Low      0x08001d5c   0x550  Data  Gb  perf_config.o [1]
ClockRateScale_Medium   0x080027d4    0x10  Data  Gb  perf_config.o [1]
ClockRateSwitch         0x0800161f   0x204  Code  Gb  perf_config.o [1]
Configure_ADC           0x08001b4b    0xac  Code  Gb  current_meas.o [1]
Configure_DMA           0x08001b05    0x46  Code  Gb  current_meas.o [1]
DMA2_Stream0_IRQHandler
                        0x080025c9    0x40  Code  Gb  stm32f7xx_it.o [1]
DebugMon_Handler        0x08002555     0x2  Code  Gb  stm32f7xx_it.o [1]
HardFault_Handler       0x0800254d     0x2  Code  Gb  stm32f7xx_it.o [1]
LL_ADC_ClearFlag_OVR    0x08002507     0x8  Code  Lc  stm32f7xx_it.o [1]
LL_ADC_DMA_GetRegAddr   0x080018e5    0x14  Code  Lc  current_meas.o [1]
LL_ADC_DisableIT_OVR    0x080019e3     0xa  Code  Lc  current_meas.o [1]
LL_ADC_Enable           0x080019c7     0xa  Code  Lc  current_meas.o [1]
LL_ADC_EnableIT_OVR     0x080019d9     0xa  Code  Lc  current_meas.o [1]
LL_ADC_IsActiveFlag_OVR
                        0x080024fd     0xa  Code  Lc  stm32f7xx_it.o [1]
LL_ADC_IsEnabled        0x080019d1     0x8  Code  Lc  current_meas.o [1]
LL_ADC_REG_SetContinuousMode
                        0x08001957     0xc  Code  Lc  current_meas.o [1]
LL_ADC_REG_SetDMATransfer
                        0x08001963     0xc  Code  Lc  current_meas.o [1]
LL_ADC_REG_SetSequencerLength
                        0x08001915     0xc  Code  Lc  current_meas.o [1]
LL_ADC_REG_SetSequencerRanks
                        0x08001921    0x36  Code  Lc  current_meas.o [1]
LL_ADC_REG_SetTriggerSource
                        0x08001905    0x10  Code  Lc  current_meas.o [1]
LL_ADC_SetChannelSamplingTime
                        0x0800196f    0x58  Code  Lc  current_meas.o [1]
LL_ADC_SetCommonClock   0x080018f9     0xc  Code  Lc  current_meas.o [1]
LL_AHB1_GRP1_EnableClock
                        0x08001a65    0x1a  Code  Lc  current_meas.o [1]
LL_APB1_GRP1_EnableClock
                        0x08001041    0x1a  Code  Lc  main.o [1]
LL_APB2_GRP1_EnableClock
                        0x08001a7f    0x1a  Code  Lc  current_meas.o [1]
LL_DMA_ClearFlag_HT0    0x0800252d     0xa  Code  Lc  stm32f7xx_it.o [1]
LL_DMA_ClearFlag_TC0    0x08002537     0xa  Code  Lc  stm32f7xx_it.o [1]
LL_DMA_ClearFlag_TE0    0x08002541     0xa  Code  Lc  stm32f7xx_it.o [1]
LL_DMA_ConfigAddresses  0x08001a2f    0x36  Code  Lc  current_meas.o [1]
LL_DMA_ConfigTransfer   0x080019ed    0x22  Code  Lc  current_meas.o [1]
LL_DMA_IsActiveFlag_HT0
                        0x0800250f     0xa  Code  Lc  stm32f7xx_it.o [1]
LL_DMA_IsActiveFlag_TC0
                        0x08002519     0xa  Code  Lc  stm32f7xx_it.o [1]
LL_DMA_IsActiveFlag_TE0
                        0x08002523     0xa  Code  Lc  stm32f7xx_it.o [1]
LL_DMA_SetChannelSelection
                        0x08001a0f    0x20  Code  Lc  current_meas.o [1]
LL_FLASH_SetLatency     0x0800110f    0x10  Code  Lc  main.o [1]
LL_FLASH_SetLatency     0x0800160f    0x10  Code  Lc  perf_config.o [1]
LL_GPIO_SetPinMode      0x08001a99    0x34  Code  Lc  current_meas.o [1]
LL_MPU_ConfigRegion     0x08001171    0x1e  Code  Lc  main.o [1]
LL_MPU_Disable          0x08001165     0xc  Code  Lc  main.o [1]
LL_MPU_Enable           0x08001153    0x12  Code  Lc  main.o [1]
LL_PWR_DisableOverDriveMode
                        0x0800157b     0xe  Code  Lc  perf_config.o [1]
LL_PWR_DisableOverDriveSwitching
                        0x0800155f     0xe  Code  Lc  perf_config.o [1]
LL_PWR_EnableOverDriveMode
                        0x0800112d     0xe  Code  Lc  main.o [1]
LL_PWR_EnableOverDriveMode
                        0x0800156d     0xe  Code  Lc  perf_config.o [1]
LL_PWR_EnableOverDriveSwitching
                        0x0800111f     0xe  Code  Lc  main.o [1]
LL_PWR_EnableOverDriveSwitching
                        0x08001551     0xe  Code  Lc  perf_config.o [1]
LL_PWR_IsActiveFlag_OD  0x0800113b     0xc  Code  Lc  main.o [1]
LL_PWR_IsActiveFlag_OD  0x08001599     0xc  Code  Lc  perf_config.o [1]
LL_PWR_IsActiveFlag_ODSW
                        0x08001147     0xc  Code  Lc  main.o [1]
LL_PWR_IsActiveFlag_ODSW
                        0x080015a5     0xc  Code  Lc  perf_config.o [1]
LL_PWR_SetRegulVoltageScaling
                        0x08001589    0x10  Code  Lc  perf_config.o [1]
LL_RCC_GetSysClkSource  0x0800109f     0xa  Code  Lc  main.o [1]
LL_RCC_GetSysClkSource  0x080015c1     0xa  Code  Lc  perf_config.o [1]
LL_RCC_HSE_Enable       0x0800105b     0xe  Code  Lc  main.o [1]
LL_RCC_HSE_IsReady      0x08001069     0xc  Code  Lc  main.o [1]
LL_RCC_HSI_Enable       0x08001075     0xe  Code  Lc  main.o [1]
LL_RCC_HSI_IsReady      0x08001083     0xc  Code  Lc  main.o [1]
LL_RCC_PLL_ConfigDomain_SYS
                        0x080010f3    0x1c  Code  Lc  main.o [1]
LL_RCC_PLL_ConfigDomain_SYS
                        0x080015f3    0x1c  Code  Lc  perf_config.o [1]
LL_RCC_PLL_Disable      0x080015d9     0xe  Code  Lc  perf_config.o [1]
LL_RCC_PLL_Enable       0x080010d9     0xe  Code  Lc  main.o [1]
LL_RCC_PLL_Enable       0x080015cb     0xe  Code  Lc  perf_config.o [1]
LL_RCC_PLL_IsReady      0x080010e7     0xc  Code  Lc  main.o [1]
LL_RCC_PLL_IsReady      0x080015e7     0xc  Code  Lc  perf_config.o [1]
LL_RCC_SetAHBPrescaler  0x080010a9    0x10  Code  Lc  main.o [1]
LL_RCC_SetAPB1Prescaler
                        0x080010b9    0x10  Code  Lc  main.o [1]
LL_RCC_SetAPB2Prescaler
                        0x080010c9    0x10  Code  Lc  main.o [1]
LL_RCC_SetSysClkSource  0x0800108f    0x10  Code  Lc  main.o [1]
LL_RCC_SetSysClkSource  0x080015b1    0x10  Code  Lc  perf_config.o [1]
LL_SetSystemCoreClock   0x08001cc9     0x6  Code  Gb  stm32f7xx_ll_utils.o [1]
MPU_Config              0x080012f1    0x1a  Code  Lc  main.o [1]
MeasurementSystem_Init  0x08001acd    0x38  Code  Gb  current_meas.o [1]
MemManage_Handler       0x0800254f     0x2  Code  Gb  stm32f7xx_it.o [1]
NMI_Handler             0x0800254b     0x2  Code  Gb  stm32f7xx_it.o [1]
NVIC_EnableIRQ          0x0800189d    0x18  Code  Lc  current_meas.o [1]
NVIC_SetPriority        0x080018b5    0x30  Code  Lc  current_meas.o [1]
NVIC_SetPriority        0x080014f1    0x30  Code  Lc  perf_config.o [1]
PendSV_Handler          0x0800136d          Code  Gb  portasm.o [1]
Region$$Table$$Base     0x08002758           --   Gb  - Linker created -
Region$$Table$$Limit    0x0800277c           --   Gb  - Linker created -
STREAM_OFFSET_TAB       0x0800280c     0x8  Data  Lc  current_meas.o [1]
SVC_Handler             0x080013c9          Code  Gb  portasm.o [1]
StandbyState            0x20003daa     0x1  Data  Lc  perf_config.o [1]
SysTask_1               0x08001245    0x20  Code  Lc  main.o [1]
SysTick_Config          0x08001521    0x30  Code  Lc  perf_config.o [1]
SysTick_Handler         0x08002557     0xc  Code  Gb  stm32f7xx_it.o [1]
SystemClock_Config      0x08001269    0x88  Code  Gb  main.o [1]
SystemCoreClock         0x20000004     0x4  Data  Gb  system_stm32f7xx.o [1]
SystemInit              0x08002635    0x4c  Code  Gb  system_stm32f7xx.o [1]
SystemTask1_Instance    0x20003c98    0x18  Data  Gb  main.o [1]
System_GetCounter       0x08001419     0x6  Code  Lc  task_supervisor.o [1]
System_GetElapseTime    0x0800147b    0x5a  Code  Gb  task_supervisor.o [1]
System_GetTaskEXETime   0x08001421    0x40  Code  Gb  task_supervisor.o [1]
System_StartCounter     0x08001461    0x1a  Code  Gb  task_supervisor.o [1]
System_SuperviosrInit   0x0800118f    0x26  Code  Lc  main.o [1]
System_TaskCreate       0x080011b5    0x56  Code  Lc  main.o [1]
TRACE_DeadlineSupervisor
                        0x08002565    0x64  Code  Gb  stm32f7xx_it.o [1]
Task_SetTaskOpClockRate
                        0x0800186d    0x2e  Code  Gb  perf_config.o [1]
UsageFault_Handler      0x08002553     0x2  Code  Gb  stm32f7xx_it.o [1]
__aeabi_memcpy4         0x08001cd5          Code  Gb  ABImemcpy.o [5]
__aeabi_memcpy8         0x08001cd5          Code  Gb  ABImemcpy.o [5]
__aeabi_memset          0x08000ca1          Code  Gb  ABImemset.o [5]
__cmain                 0x0800277d          Code  Gb  cmain.o [5]
__exit                  0x080027b1    0x14  Code  Gb  exit.o [6]
__iar_Memset            0x08000ca1          Code  Gb  ABImemset.o [5]
__iar_Memset_word       0x08000ca9          Code  Gb  ABImemset.o [5]
__iar_copy_init3        0x080026e1    0x2c  Code  Gb  copy_init3.o [5]
__iar_data_init3        0x0800270d    0x28  Code  Gb  data_init.o [5]
__iar_init_vfp          0x08002735          Code  Gb  fpinit_M.o [4]
__iar_program_start     0x080027f5          Code  Gb  cstartup_M.o [5]
__iar_systems$$module {Abs}
                        0x00000001          Data  Gb  command line/config [2]
__iar_zero_init3        0x080026a1    0x40  Code  Gb  zero_init3.o [5]
__low_level_init        0x0800279b     0x4  Code  Gb  low_level_init.o [3]
__vector_table          0x08000000          Data  Gb  startup_stm32f767xx.o [1]
_call_main              0x08002789          Code  Gb  cmain.o [5]
_exit                   0x080027a5          Code  Gb  cexit.o [5]
_main                   0x08002797          Code  Gb  cmain.o [5]
aADCxConvertedData      0x20003d24     0x8  Data  Lc  current_meas.o [1]
aADCxConvertedData_Voltage_mVolt
                        0x20003d2c     0x8  Data  Lc  current_meas.o [1]
currentTaskInstance     0x20003d5c     0x4  Data  Lc  sys_macro.o [1]
e                       0x20003d64     0x4  Data  Lc  task_supervisor.o [1]
exe                     0x20003da8     0x2  Data  Gb  stm32f7xx_it.o [1]
exit                    0x0800279f     0x4  Code  Gb  exit.o [3]
main                    0x0800120b    0x38  Code  Gb  main.o [1]
prvAddCurrentTaskToDelayedList
                        0x0800095d    0x7e  Code  Lc  tasks.o [1]
prvAddNewTaskToReadyList
                        0x0800035d    0xc2  Code  Lc  tasks.o [1]
prvCheckTasksWaitingTermination
                        0x08000895    0x64  Code  Lc  tasks.o [1]
prvDeleteTCB            0x080008f9    0x12  Code  Lc  tasks.o [1]
prvHeapInit             0x08000bbd    0x66  Code  Lc  heap_4.o [1]
prvIdleTask             0x080007cd    0x2a  Code  Lc  tasks.o [1]
prvInitialiseNewTask    0x0800026d    0xf0  Code  Lc  tasks.o [1]
prvInitialiseTaskLists  0x0800083b    0x5a  Code  Lc  tasks.o [1]
prvInsertBlockIntoFreeList
                        0x08000c23    0x60  Code  Lc  heap_4.o [1]
prvResetNextTaskUnblockTime
                        0x0800090b    0x2a  Code  Lc  tasks.o [1]
prvTaskExitError        0x08000dc9    0x32  Code  Lc  port.o [1]
pvPortMalloc            0x08000a15   0x126  Code  Gb  heap_4.o [1]
pvTaskGetThreadLocalStoragePointer
                        0x08000815    0x26  Code  Gb  tasks.o [1]
pxCurrentTCB            0x20003d6c     0x4  Data  Gb  tasks.o [1]
pxDelayedTaskList       0x20003d70     0x4  Data  Lc  tasks.o [1]
pxEnd                   0x20003d40     0x4  Data  Lc  heap_4.o [1]
pxOverflowDelayedTaskList
                        0x20003d74     0x4  Data  Lc  tasks.o [1]
pxPortInitialiseStack   0x08000da1    0x28  Code  Gb  port.o [1]
pxPrevTCB               0x20003d50     0x4  Data  Gb  main.o [1]
pxReadyTasksLists       0x20003c0c    0x8c  Data  Lc  tasks.o [1]
s                       0x20003d54     0x4  Data  Gb  main.o [1]
s                       0x20003d60     0x4  Data  Lc  task_supervisor.o [1]
t                       0x20003d68     0x4  Data  Lc  task_supervisor.o [1]
tmp_index_adc_converted_data
                        0x20003d3c     0x4  Data  Gb  current_meas.o [1]
ubDmaTransferStatus     0x20000008     0x1  Data  Lc  current_meas.o [1]
ucHeap                  0x2000000c  0x3c00  Data  Lc  heap_4.o [1]
ucMaxSysCallPriority    0x20003dab     0x1  Data  Lc  port.o [1]
ulMaxPRIGROUPValue      0x20003d58     0x4  Data  Lc  port.o [1]
uxCriticalNesting       0x20000000     0x4  Data  Lc  port.o [1]
uxCurrentNumberOfTasks  0x20003d7c     0x4  Data  Lc  tasks.o [1]
uxDeletedTasksWaitingCleanUp
                        0x20003d78     0x4  Data  Lc  tasks.o [1]
uxListRemove            0x08000d79    0x28  Code  Gb  list.o [1]
uxPendedTicks           0x20003d8c     0x4  Data  Lc  tasks.o [1]
uxSchedulerSuspended    0x20003da4     0x4  Data  Lc  tasks.o [1]
uxTaskNumber            0x20003d98     0x4  Data  Lc  tasks.o [1]
uxTopReadyPriority      0x20003d84     0x4  Data  Lc  tasks.o [1]
vApplicationIdleHook    0x08001265     0x4  Code  Gb  main.o [1]
vListInitialise         0x08000d07    0x1e  Code  Gb  list.o [1]
vListInitialiseItem     0x08000d25     0x6  Code  Gb  list.o [1]
vListInsert             0x08000d43    0x36  Code  Gb  list.o [1]
vListInsertEnd          0x08000d2b    0x18  Code  Gb  list.o [1]
vPortEnableVFP          0x080013fd          Code  Gb  portasm.o [1]
vPortEnterCritical      0x08000e91    0x42  Code  Gb  port.o [1]
vPortExitCritical       0x08000ed3    0x36  Code  Gb  port.o [1]
vPortFree               0x08000b3b    0x82  Code  Gb  heap_4.o [1]
vPortStartFirstTask     0x080013e5          Code  Gb  portasm.o [1]
vTaskDelay              0x0800041f    0x52  Code  Gb  tasks.o [1]
vTaskSetThreadLocalStoragePointer
                        0x080007f7    0x1e  Code  Gb  tasks.o [1]
vTaskStartScheduler     0x08000471    0x70  Code  Gb  tasks.o [1]
vTaskSuspendAll         0x080004e1    0x10  Code  Gb  tasks.o [1]
vTaskSwitchContext      0x08000727    0x7c  Code  Gb  tasks.o [1]
xBlockAllocatedBit      0x20003d4c     0x4  Data  Lc  heap_4.o [1]
xDelayedTaskList1       0x20003cb0    0x14  Data  Lc  tasks.o [1]
xDelayedTaskList2       0x20003cc4    0x14  Data  Lc  tasks.o [1]
xFreeBytesRemaining     0x20003d44     0x4  Data  Lc  heap_4.o [1]
xHeapStructSize         0x0800281c     0x4  Data  Lc  heap_4.o [1]
xIdleTaskHandle         0x20003da0     0x4  Data  Lc  tasks.o [1]
xMinimumEverFreeBytesRemaining
                        0x20003d48     0x4  Data  Lc  heap_4.o [1]
xNextTaskUnblockTime    0x20003d9c     0x4  Data  Lc  tasks.o [1]
xNumOfOverflows         0x20003d94     0x4  Data  Lc  tasks.o [1]
xPendingReadyList       0x20003cd8    0x14  Data  Lc  tasks.o [1]
xPortStartScheduler     0x08000dfb    0x96  Code  Gb  port.o [1]
xPortSysTickHandler     0x08000f09    0x2c  Code  Gb  port.o [1]
xSchedulerRunning       0x20003d88     0x4  Data  Lc  tasks.o [1]
xStart                  0x20003d34     0x8  Data  Lc  heap_4.o [1]
xSuspendedTaskList      0x20003d00    0x14  Data  Lc  tasks.o [1]
xTaskCreate             0x080001f9    0x74  Code  Gb  tasks.o [1]
xTaskGetCurrentTaskHandle
                        0x08000935     0x8  Code  Gb  tasks.o [1]
xTaskIncrementTick      0x080005f5   0x132  Code  Gb  tasks.o [1]
xTaskResumeAll          0x080004f1   0x104  Code  Gb  tasks.o [1]
xTasksWaitingTermination
                        0x20003cec    0x14  Data  Lc  tasks.o [1]
xTickCount              0x20003d80     0x4  Data  Lc  tasks.o [1]
xYieldPending           0x20003d90     0x4  Data  Lc  tasks.o [1]


[1] = C:\Users\Goragod\Desktop\Workspace\STM32F7\Project\STM32F767VI-CAESAR\EWARM\Debug\Obj
[2] = command line
[3] = dl7M_tln.a
[4] = m7M_tlv.a
[5] = rt7M_tl.a
[6] = shb_l.a

   8 640 bytes of readonly  code memory
   2 056 bytes of readonly  data memory
  16 809 bytes of readwrite data memory

Errors: none
Warnings: none
