###############################################################################
#
# IAR ELF Linker V8.20.2.14835/W32 for ARM                12/Jun/2018  15:26:15
# Copyright 2007-2017 IAR Systems AB.
#
#    Output file  =  
#        C:\Users\Goragod\Desktop\Workspace\STM32F7\Project\STM32F767VI-CAESAR\EWARM\Debug\Exe\STM32F767VI-CAESAR.out
#    Map file     =  
#        C:\Users\Goragod\Desktop\Workspace\STM32F7\Project\STM32F767VI-CAESAR\EWARM\Debug\List\STM32F767VI-CAESAR.map
#    Command line =  
#        -f C:\Users\Goragod\AppData\Local\Temp\EW7069.tmp
#        (C:\Users\Goragod\Desktop\Workspace\STM32F7\Project\STM32F767VI-CAESAR\EWARM\Debug\Obj\cmsis_os.o
#        C:\Users\Goragod\Desktop\Workspace\STM32F7\Project\STM32F767VI-CAESAR\EWARM\Debug\Obj\current_meas.o
#        C:\Users\Goragod\Desktop\Workspace\STM32F7\Project\STM32F767VI-CAESAR\EWARM\Debug\Obj\heap_4.o
#        C:\Users\Goragod\Desktop\Workspace\STM32F7\Project\STM32F767VI-CAESAR\EWARM\Debug\Obj\list.o
#        C:\Users\Goragod\Desktop\Workspace\STM32F7\Project\STM32F767VI-CAESAR\EWARM\Debug\Obj\main.o
#        C:\Users\Goragod\Desktop\Workspace\STM32F7\Project\STM32F767VI-CAESAR\EWARM\Debug\Obj\perf_config.o
#        C:\Users\Goragod\Desktop\Workspace\STM32F7\Project\STM32F767VI-CAESAR\EWARM\Debug\Obj\port.o
#        C:\Users\Goragod\Desktop\Workspace\STM32F7\Project\STM32F767VI-CAESAR\EWARM\Debug\Obj\portasm.o
#        C:\Users\Goragod\Desktop\Workspace\STM32F7\Project\STM32F767VI-CAESAR\EWARM\Debug\Obj\startup_stm32f767xx.o
#        C:\Users\Goragod\Desktop\Workspace\STM32F7\Project\STM32F767VI-CAESAR\EWARM\Debug\Obj\stm32f7xx_it.o
#        C:\Users\Goragod\Desktop\Workspace\STM32F7\Project\STM32F767VI-CAESAR\EWARM\Debug\Obj\stm32f7xx_ll_adc.o
#        C:\Users\Goragod\Desktop\Workspace\STM32F7\Project\STM32F767VI-CAESAR\EWARM\Debug\Obj\stm32f7xx_ll_dma.o
#        C:\Users\Goragod\Desktop\Workspace\STM32F7\Project\STM32F767VI-CAESAR\EWARM\Debug\Obj\stm32f7xx_ll_gpio.o
#        C:\Users\Goragod\Desktop\Workspace\STM32F7\Project\STM32F767VI-CAESAR\EWARM\Debug\Obj\stm32f7xx_ll_pwr.o
#        C:\Users\Goragod\Desktop\Workspace\STM32F7\Project\STM32F767VI-CAESAR\EWARM\Debug\Obj\stm32f7xx_ll_rcc.o
#        C:\Users\Goragod\Desktop\Workspace\STM32F7\Project\STM32F767VI-CAESAR\EWARM\Debug\Obj\stm32f7xx_ll_utils.o
#        C:\Users\Goragod\Desktop\Workspace\STM32F7\Project\STM32F767VI-CAESAR\EWARM\Debug\Obj\system_stm32f7xx.o
#        C:\Users\Goragod\Desktop\Workspace\STM32F7\Project\STM32F767VI-CAESAR\EWARM\Debug\Obj\task_supervisor.o
#        C:\Users\Goragod\Desktop\Workspace\STM32F7\Project\STM32F767VI-CAESAR\EWARM\Debug\Obj\tasks.o
#        -o
#        C:\Users\Goragod\Desktop\Workspace\STM32F7\Project\STM32F767VI-CAESAR\EWARM\Debug\Exe\STM32F767VI-CAESAR.out
#        --redirect _Printf=_PrintfFullNoMb --redirect _Scanf=_ScanfFullNoMb
#        --map
#        C:\Users\Goragod\Desktop\Workspace\STM32F7\Project\STM32F767VI-CAESAR\EWARM\Debug\List\STM32F767VI-CAESAR.map
#        --config
#        C:\Users\Goragod\Desktop\Workspace\STM32F7\Project\STM32F767VI-CAESAR\EWARM\stm32f767xx_flash.icf
#        --semihosting --entry __iar_program_start --vfe --text_out locale)
#
###############################################################################

*******************************************************************************
*** RUNTIME MODEL ATTRIBUTES
***

CppFlavor       = *
__SystemLibrary = DLib
__dlib_version  = 6


*******************************************************************************
*** HEAP SELECTION
***

The basic heap was selected because no calls to memory allocation
functions were found in the application outside of system library
functions, and there are calls to deallocation functions in the
application.


*******************************************************************************
*** PLACEMENT SUMMARY
***

"A0":  place at 0x08000000 { ro section .intvec };
"P1":  place in [from 0x08000000 to 0x081fffff] { ro };
define block CSTACK with size = 1K, alignment = 8 { };
define block HEAP with size = 512, alignment = 8 { };
"P2":  place in [from 0x20000000 to 0x2007ffff] {
          rw, block CSTACK, block HEAP };
initialize by copy { rw };

  Section            Kind        Address    Size  Object
  -------            ----        -------    ----  ------
"A0":                                      0x1f8
  .intvec            ro code  0x08000000   0x1f8  startup_stm32f767xx.o [1]
                            - 0x080001f8   0x1f8

"P1":                                     0x2698
  .text              ro code  0x080001f8   0x81c  tasks.o [1]
  .text              ro code  0x08000a14   0x28c  heap_4.o [1]
  .text              ro code  0x08000ca0    0x66  ABImemset.o [5]
  .text              ro code  0x08000d06    0x9a  list.o [1]
  .text              ro code  0x08000da0   0x1d8  port.o [1]
  .text              ro code  0x08000f78    0xf8  stm32f7xx_it.o [1]
  .text              ro code  0x08001070   0x37c  main.o [1]
  CODE               ro code  0x080013ec    0xac  portasm.o [1]
  .text              ro code  0x08001498    0x6a  task_supervisor.o [1]
  .text              ro code  0x08001504   0x42c  current_meas.o [1]
  .text              ro code  0x08001930   0x388  perf_config.o [1]
  .text              ro code  0x08001cb8     0xc  stm32f7xx_ll_utils.o [1]
  .text              ro code  0x08001cc4    0x86  ABImemcpy.o [5]
  .rodata            const    0x08001d4c   0x550  perf_config.o [1]
  .rodata            const    0x0800229c   0x250  perf_config.o [1]
  .text              ro code  0x080024ec    0x6c  system_stm32f7xx.o [1]
  .text              ro code  0x08002558    0x40  zero_init3.o [5]
  .text              ro code  0x08002598    0x2c  copy_init3.o [5]
  .text              ro code  0x080025c4    0x28  data_init.o [5]
  .text              ro code  0x080025ec    0x22  fpinit_M.o [4]
  .iar.init_table    const    0x08002610    0x24  - Linker created -
  .text              ro code  0x08002634    0x1e  cmain.o [5]
  .text              ro code  0x08002652     0x4  low_level_init.o [3]
  .text              ro code  0x08002656     0x4  exit.o [3]
  .text              ro code  0x0800265c     0xa  cexit.o [5]
  .text              ro code  0x08002668    0x14  exit.o [6]
  .rodata            const    0x0800267c    0x10  main.o [1]
  .rodata            const    0x0800268c    0x10  main.o [1]
  .rodata            const    0x0800269c    0x10  perf_config.o [1]
  .text              ro code  0x080026ac    0x10  startup_stm32f767xx.o [1]
  .text              ro code  0x080026bc     0xc  cstartup_M.o [5]
  Initializer bytes  const    0x080026c8     0xc  <for P2-1>
  .rodata            const    0x080026d4     0x8  current_meas.o [1]
  .rodata            const    0x080026dc     0x8  tasks.o [1]
  .rodata            const    0x080026e4     0x4  heap_4.o [1]
  .text              ro code  0x080026e8     0x4  startup_stm32f767xx.o [1]
  .text              ro code  0x080026ec     0x4  startup_stm32f767xx.o [1]
  .text              ro code  0x080026f0     0x4  startup_stm32f767xx.o [1]
  .text              ro code  0x080026f4     0x4  startup_stm32f767xx.o [1]
  .text              ro code  0x080026f8     0x4  startup_stm32f767xx.o [1]
  .text              ro code  0x080026fc     0x4  startup_stm32f767xx.o [1]
  .text              ro code  0x08002700     0x4  startup_stm32f767xx.o [1]
  .text              ro code  0x08002704     0x4  startup_stm32f767xx.o [1]
  .text              ro code  0x08002708     0x4  startup_stm32f767xx.o [1]
  .text              ro code  0x0800270c     0x4  startup_stm32f767xx.o [1]
  .text              ro code  0x08002710     0x4  startup_stm32f767xx.o [1]
  .text              ro code  0x08002714     0x4  startup_stm32f767xx.o [1]
  .text              ro code  0x08002718     0x4  startup_stm32f767xx.o [1]
  .text              ro code  0x0800271c     0x4  startup_stm32f767xx.o [1]
  .text              ro code  0x08002720     0x4  startup_stm32f767xx.o [1]
  .text              ro code  0x08002724     0x4  startup_stm32f767xx.o [1]
  .text              ro code  0x08002728     0x4  startup_stm32f767xx.o [1]
  .text              ro code  0x0800272c     0x4  startup_stm32f767xx.o [1]
  .text              ro code  0x08002730     0x4  startup_stm32f767xx.o [1]
  .text              ro code  0x08002734     0x4  startup_stm32f767xx.o [1]
  .text              ro code  0x08002738     0x4  startup_stm32f767xx.o [1]
  .text              ro code  0x0800273c     0x4  startup_stm32f767xx.o [1]
  .text              ro code  0x08002740     0x4  startup_stm32f767xx.o [1]
  .text              ro code  0x08002744     0x4  startup_stm32f767xx.o [1]
  .text              ro code  0x08002748     0x4  startup_stm32f767xx.o [1]
  .text              ro code  0x0800274c     0x4  startup_stm32f767xx.o [1]
  .text              ro code  0x08002750     0x4  startup_stm32f767xx.o [1]
  .text              ro code  0x08002754     0x4  startup_stm32f767xx.o [1]
  .text              ro code  0x08002758     0x4  startup_stm32f767xx.o [1]
  .text              ro code  0x0800275c     0x4  startup_stm32f767xx.o [1]
  .text              ro code  0x08002760     0x4  startup_stm32f767xx.o [1]
  .text              ro code  0x08002764     0x4  startup_stm32f767xx.o [1]
  .text              ro code  0x08002768     0x4  startup_stm32f767xx.o [1]
  .text              ro code  0x0800276c     0x4  startup_stm32f767xx.o [1]
  .text              ro code  0x08002770     0x4  startup_stm32f767xx.o [1]
  .text              ro code  0x08002774     0x4  startup_stm32f767xx.o [1]
  .text              ro code  0x08002778     0x4  startup_stm32f767xx.o [1]
  .text              ro code  0x0800277c     0x4  startup_stm32f767xx.o [1]
  .text              ro code  0x08002780     0x4  startup_stm32f767xx.o [1]
  .text              ro code  0x08002784     0x4  startup_stm32f767xx.o [1]
  .text              ro code  0x08002788     0x4  startup_stm32f767xx.o [1]
  .text              ro code  0x0800278c     0x4  startup_stm32f767xx.o [1]
  .text              ro code  0x08002790     0x4  startup_stm32f767xx.o [1]
  .text              ro code  0x08002794     0x4  startup_stm32f767xx.o [1]
  .text              ro code  0x08002798     0x4  startup_stm32f767xx.o [1]
  .text              ro code  0x0800279c     0x4  startup_stm32f767xx.o [1]
  .text              ro code  0x080027a0     0x4  startup_stm32f767xx.o [1]
  .text              ro code  0x080027a4     0x4  startup_stm32f767xx.o [1]
  .text              ro code  0x080027a8     0x4  startup_stm32f767xx.o [1]
  .text              ro code  0x080027ac     0x4  startup_stm32f767xx.o [1]
  .text              ro code  0x080027b0     0x4  startup_stm32f767xx.o [1]
  .text              ro code  0x080027b4     0x4  startup_stm32f767xx.o [1]
  .text              ro code  0x080027b8     0x4  startup_stm32f767xx.o [1]
  .text              ro code  0x080027bc     0x4  startup_stm32f767xx.o [1]
  .text              ro code  0x080027c0     0x4  startup_stm32f767xx.o [1]
  .text              ro code  0x080027c4     0x4  startup_stm32f767xx.o [1]
  .text              ro code  0x080027c8     0x4  startup_stm32f767xx.o [1]
  .text              ro code  0x080027cc     0x4  startup_stm32f767xx.o [1]
  .text              ro code  0x080027d0     0x4  startup_stm32f767xx.o [1]
  .text              ro code  0x080027d4     0x4  startup_stm32f767xx.o [1]
  .text              ro code  0x080027d8     0x4  startup_stm32f767xx.o [1]
  .text              ro code  0x080027dc     0x4  startup_stm32f767xx.o [1]
  .text              ro code  0x080027e0     0x4  startup_stm32f767xx.o [1]
  .text              ro code  0x080027e4     0x4  startup_stm32f767xx.o [1]
  .text              ro code  0x080027e8     0x4  startup_stm32f767xx.o [1]
  .text              ro code  0x080027ec     0x4  startup_stm32f767xx.o [1]
  .text              ro code  0x080027f0     0x4  startup_stm32f767xx.o [1]
  .text              ro code  0x080027f4     0x4  startup_stm32f767xx.o [1]
  .text              ro code  0x080027f8     0x4  startup_stm32f767xx.o [1]
  .text              ro code  0x080027fc     0x4  startup_stm32f767xx.o [1]
  .text              ro code  0x08002800     0x4  startup_stm32f767xx.o [1]
  .text              ro code  0x08002804     0x4  startup_stm32f767xx.o [1]
  .text              ro code  0x08002808     0x4  startup_stm32f767xx.o [1]
  .text              ro code  0x0800280c     0x4  startup_stm32f767xx.o [1]
  .text              ro code  0x08002810     0x4  startup_stm32f767xx.o [1]
  .text              ro code  0x08002814     0x4  startup_stm32f767xx.o [1]
  .text              ro code  0x08002818     0x4  startup_stm32f767xx.o [1]
  .text              ro code  0x0800281c     0x4  startup_stm32f767xx.o [1]
  .text              ro code  0x08002820     0x4  startup_stm32f767xx.o [1]
  .text              ro code  0x08002824     0x4  startup_stm32f767xx.o [1]
  .text              ro code  0x08002828     0x4  startup_stm32f767xx.o [1]
  .text              ro code  0x0800282c     0x4  startup_stm32f767xx.o [1]
  .text              ro code  0x08002830     0x4  startup_stm32f767xx.o [1]
  .text              ro code  0x08002834     0x4  startup_stm32f767xx.o [1]
  .text              ro code  0x08002838     0x4  startup_stm32f767xx.o [1]
  .text              ro code  0x0800283c     0x4  startup_stm32f767xx.o [1]
  .text              ro code  0x08002840     0x4  startup_stm32f767xx.o [1]
  .text              ro code  0x08002844     0x4  startup_stm32f767xx.o [1]
  .text              ro code  0x08002848     0x4  startup_stm32f767xx.o [1]
  .text              ro code  0x0800284c     0x4  startup_stm32f767xx.o [1]
  .text              ro code  0x08002850     0x4  startup_stm32f767xx.o [1]
  .text              ro code  0x08002854     0x4  startup_stm32f767xx.o [1]
  .text              ro code  0x08002858     0x4  startup_stm32f767xx.o [1]
  .text              ro code  0x0800285c     0x4  startup_stm32f767xx.o [1]
  .text              ro code  0x08002860     0x4  startup_stm32f767xx.o [1]
  .text              ro code  0x08002864     0x4  startup_stm32f767xx.o [1]
  .text              ro code  0x08002868     0x4  startup_stm32f767xx.o [1]
  .text              ro code  0x0800286c     0x4  startup_stm32f767xx.o [1]
  .text              ro code  0x08002870     0x4  startup_stm32f767xx.o [1]
  .text              ro code  0x08002874     0x4  startup_stm32f767xx.o [1]
  .text              ro code  0x08002878     0x4  startup_stm32f767xx.o [1]
  .text              ro code  0x0800287c     0x4  startup_stm32f767xx.o [1]
  .text              ro code  0x08002880     0x4  startup_stm32f767xx.o [1]
  .text              ro code  0x08002884     0x4  startup_stm32f767xx.o [1]
  .text              ro code  0x08002888     0x4  startup_stm32f767xx.o [1]
  .text              ro code  0x0800288c     0x4  startup_stm32f767xx.o [1]
  .rodata            const    0x08002890     0x0  zero_init3.o [5]
  .rodata            const    0x08002890     0x0  copy_init3.o [5]
                            - 0x08002890  0x2698

"P2", part 1 of 3:                           0xc
  P2-1                        0x20000000     0x9  <Init block>
    .data            inited   0x20000000     0x4  port.o [1]
    .data            inited   0x20000004     0x4  system_stm32f7xx.o [1]
    .data            inited   0x20000008     0x1  current_meas.o [1]
                            - 0x20000009     0x9

"P2", part 2 of 3:                        0x3d90
  .bss               zero     0x2000000c  0x3c00  heap_4.o [1]
  .bss               zero     0x20003c0c    0x8c  tasks.o [1]
  .bss               zero     0x20003c98    0x14  tasks.o [1]
  .bss               zero     0x20003cac    0x14  tasks.o [1]
  .bss               zero     0x20003cc0    0x14  tasks.o [1]
  .bss               zero     0x20003cd4    0x14  tasks.o [1]
  .bss               zero     0x20003ce8    0x14  tasks.o [1]
  .bss               zero     0x20003cfc    0x10  main.o [1]
  .bss               zero     0x20003d0c    0x10  main.o [1]
  .bss               zero     0x20003d1c    0x10  perf_config.o [1]
  .bss               zero     0x20003d2c     0x8  current_meas.o [1]
  .bss               zero     0x20003d34     0x8  current_meas.o [1]
  .bss               zero     0x20003d3c     0x8  heap_4.o [1]
  .bss               zero     0x20003d44     0x4  current_meas.o [1]
  .bss               zero     0x20003d48     0x4  heap_4.o [1]
  .bss               zero     0x20003d4c     0x4  heap_4.o [1]
  .bss               zero     0x20003d50     0x4  heap_4.o [1]
  .bss               zero     0x20003d54     0x4  heap_4.o [1]
  .bss               zero     0x20003d58     0x4  port.o [1]
  .bss               zero     0x20003d5c     0x4  tasks.o [1]
  .bss               zero     0x20003d60     0x4  tasks.o [1]
  .bss               zero     0x20003d64     0x4  tasks.o [1]
  .bss               zero     0x20003d68     0x4  tasks.o [1]
  .bss               zero     0x20003d6c     0x4  tasks.o [1]
  .bss               zero     0x20003d70     0x4  tasks.o [1]
  .bss               zero     0x20003d74     0x4  tasks.o [1]
  .bss               zero     0x20003d78     0x4  tasks.o [1]
  .bss               zero     0x20003d7c     0x4  tasks.o [1]
  .bss               zero     0x20003d80     0x4  tasks.o [1]
  .bss               zero     0x20003d84     0x4  tasks.o [1]
  .bss               zero     0x20003d88     0x4  tasks.o [1]
  .bss               zero     0x20003d8c     0x4  tasks.o [1]
  .bss               zero     0x20003d90     0x4  tasks.o [1]
  .bss               zero     0x20003d94     0x4  tasks.o [1]
  .bss               zero     0x20003d98     0x1  perf_config.o [1]
  .bss               zero     0x20003d99     0x1  port.o [1]
                            - 0x20003d9a  0x3d8e

"P2", part 3 of 3:                         0x400
  CSTACK                      0x20003da0   0x400  <Block>
    CSTACK           uninit   0x20003da0   0x400  <Block tail>
                            - 0x200041a0   0x400


*******************************************************************************
*** INIT TABLE
***

          Address     Size
          -------     ----
Zero (__iar_zero_init3)
    1 destination range, total size 0x3d8e:
          0x2000000c  0x3d8e

Copy (__iar_copy_init3)
    1 source range, total size 0xc (133% of destination):
          0x080026c8     0xc
    1 destination range, total size 0x9:
          0x20000000     0x9



*******************************************************************************
*** MODULE SUMMARY
***

    Module                 ro code  ro data  rw data
    ------                 -------  -------  -------
C:\Users\Goragod\Desktop\Workspace\STM32F7\Project\STM32F767VI-CAESAR\EWARM\Debug\Obj: [1]
    current_meas.o           1 068        9       21
    heap_4.o                   652        4   15 384
    list.o                     154
    main.o                     892       32       32
    perf_config.o              904    1 968       17
    port.o                     472        4        9
    portasm.o                  172
    startup_stm32f767xx.o      944
    stm32f7xx_it.o             248
    stm32f7xx_ll_utils.o        12
    system_stm32f7xx.o         108        4        4
    task_supervisor.o          106
    tasks.o                  2 076        8      300
    ------------------------------------------------
    Total:                   7 808    2 029   15 767

command line: [2]
    ------------------------------------------------
    Total:

dl7M_tln.a: [3]
    exit.o                       4
    low_level_init.o             4
    ------------------------------------------------
    Total:                       8

m7M_tlv.a: [4]
    fpinit_M.o                  34
    ------------------------------------------------
    Total:                      34

rt7M_tl.a: [5]
    ABImemcpy.o                134
    ABImemset.o                102
    cexit.o                     10
    cmain.o                     30
    copy_init3.o                44
    cstartup_M.o                12
    data_init.o                 40
    zero_init3.o                64
    ------------------------------------------------
    Total:                     436

shb_l.a: [6]
    exit.o                      20
    ------------------------------------------------
    Total:                      20

    Gaps                         6        4
    Linker created                       39    1 024
----------------------------------------------------
    Grand Total:             8 312    2 072   16 791


*******************************************************************************
*** ENTRY LIST
***

Entry                      Address    Size  Type      Object
-----                      -------    ----  ----      ------
.iar.init_table$$Base   0x08002610           --   Gb  - Linker created -
.iar.init_table$$Limit  0x08002634           --   Gb  - Linker created -
?main                   0x08002635          Code  Gb  cmain.o [5]
ADC_IRQHandler          0x0800104f    0x18  Code  Gb  stm32f7xx_it.o [1]
Activate_ADC            0x0800185f    0x14  Code  Gb  current_meas.o [1]
AdcDmaTransferComplete_Callback
                        0x0800187d    0x2e  Code  Gb  current_meas.o [1]
AdcDmaTransferError_Callback
                        0x0800192d     0x4  Code  Gb  current_meas.o [1]
AdcDmaTransferHalf_Callback
                        0x080018ab    0x2e  Code  Gb  current_meas.o [1]
AdcGrpRegularOverrunError_Callback
                        0x08001873     0xa  Code  Gb  current_meas.o [1]
BusFault_Handler        0x08000fcd     0x2  Code  Gb  stm32f7xx_it.o [1]
CSTACK$$Base            0x20003da0           --   Gb  - Linker created -
CSTACK$$Limit           0x200041a0           --   Gb  - Linker created -
ClkConfig               0x20003d1c    0x10  Data  Lc  perf_config.o [1]
ClockRateScale_High     0x0800229c   0x250  Data  Gb  perf_config.o [1]
ClockRateScale_Low      0x08001d4c   0x550  Data  Gb  perf_config.o [1]
ClockRateScale_Medium   0x0800269c    0x10  Data  Gb  perf_config.o [1]
ClockRateSwitch         0x08001a61   0x204  Code  Gb  perf_config.o [1]
Configure_ADC           0x080017b3    0xac  Code  Gb  current_meas.o [1]
Configure_DMA           0x0800176d    0x46  Code  Gb  current_meas.o [1]
DMA2_Stream0_IRQHandler
                        0x0800100f    0x40  Code  Gb  stm32f7xx_it.o [1]
DebugMon_Handler        0x08000fd1     0x2  Code  Gb  stm32f7xx_it.o [1]
HardFault_Handler       0x08000fc9     0x2  Code  Gb  stm32f7xx_it.o [1]
LL_ADC_ClearFlag_OVR    0x08000f83     0x8  Code  Lc  stm32f7xx_it.o [1]
LL_ADC_DMA_GetRegAddr   0x0800154d    0x14  Code  Lc  current_meas.o [1]
LL_ADC_DisableIT_OVR    0x0800164b     0xa  Code  Lc  current_meas.o [1]
LL_ADC_Enable           0x0800162f     0xa  Code  Lc  current_meas.o [1]
LL_ADC_EnableIT_OVR     0x08001641     0xa  Code  Lc  current_meas.o [1]
LL_ADC_IsActiveFlag_OVR
                        0x08000f79     0xa  Code  Lc  stm32f7xx_it.o [1]
LL_ADC_IsEnabled        0x08001639     0x8  Code  Lc  current_meas.o [1]
LL_ADC_REG_SetContinuousMode
                        0x080015bf     0xc  Code  Lc  current_meas.o [1]
LL_ADC_REG_SetDMATransfer
                        0x080015cb     0xc  Code  Lc  current_meas.o [1]
LL_ADC_REG_SetSequencerLength
                        0x0800157d     0xc  Code  Lc  current_meas.o [1]
LL_ADC_REG_SetSequencerRanks
                        0x08001589    0x36  Code  Lc  current_meas.o [1]
LL_ADC_REG_SetTriggerSource
                        0x0800156d    0x10  Code  Lc  current_meas.o [1]
LL_ADC_SetChannelSamplingTime
                        0x080015d7    0x58  Code  Lc  current_meas.o [1]
LL_ADC_SetCommonClock   0x08001561     0xc  Code  Lc  current_meas.o [1]
LL_AHB1_GRP1_EnableClock
                        0x080016cd    0x1a  Code  Lc  current_meas.o [1]
LL_APB1_GRP1_EnableClock
                        0x08001071    0x1a  Code  Lc  main.o [1]
LL_APB2_GRP1_EnableClock
                        0x080016e7    0x1a  Code  Lc  current_meas.o [1]
LL_DMA_ClearFlag_HT0    0x08000fa9     0xa  Code  Lc  stm32f7xx_it.o [1]
LL_DMA_ClearFlag_TC0    0x08000fb3     0xa  Code  Lc  stm32f7xx_it.o [1]
LL_DMA_ClearFlag_TE0    0x08000fbd     0xa  Code  Lc  stm32f7xx_it.o [1]
LL_DMA_ConfigAddresses  0x08001697    0x36  Code  Lc  current_meas.o [1]
LL_DMA_ConfigTransfer   0x08001655    0x22  Code  Lc  current_meas.o [1]
LL_DMA_IsActiveFlag_HT0
                        0x08000f8b     0xa  Code  Lc  stm32f7xx_it.o [1]
LL_DMA_IsActiveFlag_TC0
                        0x08000f95     0xa  Code  Lc  stm32f7xx_it.o [1]
LL_DMA_IsActiveFlag_TE0
                        0x08000f9f     0xa  Code  Lc  stm32f7xx_it.o [1]
LL_DMA_SetChannelSelection
                        0x08001677    0x20  Code  Lc  current_meas.o [1]
LL_FLASH_SetLatency     0x0800113f    0x10  Code  Lc  main.o [1]
LL_FLASH_SetLatency     0x08001a51    0x10  Code  Lc  perf_config.o [1]
LL_GPIO_SetPinMode      0x08001701    0x34  Code  Lc  current_meas.o [1]
LL_MPU_ConfigRegion     0x080011a1    0x1e  Code  Lc  main.o [1]
LL_MPU_Disable          0x08001195     0xc  Code  Lc  main.o [1]
LL_MPU_Enable           0x08001183    0x12  Code  Lc  main.o [1]
LL_PWR_DisableOverDriveMode
                        0x080019bd     0xe  Code  Lc  perf_config.o [1]
LL_PWR_DisableOverDriveSwitching
                        0x080019a1     0xe  Code  Lc  perf_config.o [1]
LL_PWR_EnableOverDriveMode
                        0x0800115d     0xe  Code  Lc  main.o [1]
LL_PWR_EnableOverDriveMode
                        0x080019af     0xe  Code  Lc  perf_config.o [1]
LL_PWR_EnableOverDriveSwitching
                        0x0800114f     0xe  Code  Lc  main.o [1]
LL_PWR_EnableOverDriveSwitching
                        0x08001993     0xe  Code  Lc  perf_config.o [1]
LL_PWR_IsActiveFlag_OD  0x0800116b     0xc  Code  Lc  main.o [1]
LL_PWR_IsActiveFlag_OD  0x080019db     0xc  Code  Lc  perf_config.o [1]
LL_PWR_IsActiveFlag_ODSW
                        0x08001177     0xc  Code  Lc  main.o [1]
LL_PWR_IsActiveFlag_ODSW
                        0x080019e7     0xc  Code  Lc  perf_config.o [1]
LL_PWR_SetRegulVoltageScaling
                        0x080019cb    0x10  Code  Lc  perf_config.o [1]
LL_RCC_GetSysClkSource  0x080010cf     0xa  Code  Lc  main.o [1]
LL_RCC_GetSysClkSource  0x08001a03     0xa  Code  Lc  perf_config.o [1]
LL_RCC_HSE_Enable       0x0800108b     0xe  Code  Lc  main.o [1]
LL_RCC_HSE_IsReady      0x08001099     0xc  Code  Lc  main.o [1]
LL_RCC_HSI_Enable       0x080010a5     0xe  Code  Lc  main.o [1]
LL_RCC_HSI_IsReady      0x080010b3     0xc  Code  Lc  main.o [1]
LL_RCC_PLL_ConfigDomain_SYS
                        0x08001123    0x1c  Code  Lc  main.o [1]
LL_RCC_PLL_ConfigDomain_SYS
                        0x08001a35    0x1c  Code  Lc  perf_config.o [1]
LL_RCC_PLL_Disable      0x08001a1b     0xe  Code  Lc  perf_config.o [1]
LL_RCC_PLL_Enable       0x08001109     0xe  Code  Lc  main.o [1]
LL_RCC_PLL_Enable       0x08001a0d     0xe  Code  Lc  perf_config.o [1]
LL_RCC_PLL_IsReady      0x08001117     0xc  Code  Lc  main.o [1]
LL_RCC_PLL_IsReady      0x08001a29     0xc  Code  Lc  perf_config.o [1]
LL_RCC_SetAHBPrescaler  0x080010d9    0x10  Code  Lc  main.o [1]
LL_RCC_SetAPB1Prescaler
                        0x080010e9    0x10  Code  Lc  main.o [1]
LL_RCC_SetAPB2Prescaler
                        0x080010f9    0x10  Code  Lc  main.o [1]
LL_RCC_SetSysClkSource  0x080010bf    0x10  Code  Lc  main.o [1]
LL_RCC_SetSysClkSource  0x080019f3    0x10  Code  Lc  perf_config.o [1]
LL_SetSystemCoreClock   0x08001cb9     0x6  Code  Gb  stm32f7xx_ll_utils.o [1]
MPU_Config              0x0800136f    0x1a  Code  Lc  main.o [1]
MeasurementSystem_Init  0x08001735    0x38  Code  Gb  current_meas.o [1]
MemManage_Handler       0x08000fcb     0x2  Code  Gb  stm32f7xx_it.o [1]
NMI_Handler             0x08000fc7     0x2  Code  Gb  stm32f7xx_it.o [1]
NVIC_EnableIRQ          0x08001505    0x18  Code  Lc  current_meas.o [1]
NVIC_SetPriority        0x0800151d    0x30  Code  Lc  current_meas.o [1]
NVIC_SetPriority        0x08001931    0x30  Code  Lc  perf_config.o [1]
PendSV_Handler          0x080013ed          Code  Gb  portasm.o [1]
Region$$Table$$Base     0x08002610           --   Gb  - Linker created -
Region$$Table$$Limit    0x08002634           --   Gb  - Linker created -
STREAM_OFFSET_TAB       0x080026d4     0x8  Data  Lc  current_meas.o [1]
SVC_Handler             0x08001449          Code  Gb  portasm.o [1]
StandbyState            0x20003d98     0x1  Data  Lc  perf_config.o [1]
SysTask_1               0x08001295    0x24  Code  Lc  main.o [1]
SysTask_2               0x080012b9    0x24  Code  Lc  main.o [1]
SysTick_Config          0x08001961    0x32  Code  Lc  perf_config.o [1]
SysTick_Handler         0x08000fd3     0xc  Code  Gb  stm32f7xx_it.o [1]
SystemClock_Config      0x080012e7    0x88  Code  Gb  main.o [1]
SystemCoreClock         0x20000004     0x4  Data  Gb  system_stm32f7xx.o [1]
SystemInit              0x080024ed    0x4c  Code  Gb  system_stm32f7xx.o [1]
SystemTask1_Instance    0x20003cfc    0x10  Data  Gb  main.o [1]
SystemTask2_Instance    0x20003d0c    0x10  Data  Gb  main.o [1]
System_GetCounter       0x08001499     0x6  Code  Lc  task_supervisor.o [1]
System_GetElapseTime    0x080014f5     0xe  Code  Gb  task_supervisor.o [1]
System_GetTaskEXETime   0x080014a1    0x46  Code  Gb  task_supervisor.o [1]
System_SuperviosrInit   0x080011bf    0x26  Code  Lc  main.o [1]
System_TaskCreate       0x080011e5    0x56  Code  Lc  main.o [1]
TRACE_DeadlineSupervisor
                        0x08000fdf    0x30  Code  Gb  stm32f7xx_it.o [1]
Task_SetTaskOpClockRate
                        0x08001cad     0xc  Code  Gb  perf_config.o [1]
UsageFault_Handler      0x08000fcf     0x2  Code  Gb  stm32f7xx_it.o [1]
__aeabi_memcpy4         0x08001cc5          Code  Gb  ABImemcpy.o [5]
__aeabi_memcpy8         0x08001cc5          Code  Gb  ABImemcpy.o [5]
__aeabi_memset          0x08000ca1          Code  Gb  ABImemset.o [5]
__cmain                 0x08002635          Code  Gb  cmain.o [5]
__exit                  0x08002669    0x14  Code  Gb  exit.o [6]
__iar_Memset            0x08000ca1          Code  Gb  ABImemset.o [5]
__iar_Memset_word       0x08000ca9          Code  Gb  ABImemset.o [5]
__iar_copy_init3        0x08002599    0x2c  Code  Gb  copy_init3.o [5]
__iar_data_init3        0x080025c5    0x28  Code  Gb  data_init.o [5]
__iar_init_vfp          0x080025ed          Code  Gb  fpinit_M.o [4]
__iar_program_start     0x080026bd          Code  Gb  cstartup_M.o [5]
__iar_systems$$module {Abs}
                        0x00000001          Data  Gb  command line/config [2]
__iar_zero_init3        0x08002559    0x40  Code  Gb  zero_init3.o [5]
__low_level_init        0x08002653     0x4  Code  Gb  low_level_init.o [3]
__vector_table          0x08000000          Data  Gb  startup_stm32f767xx.o [1]
_call_main              0x08002641          Code  Gb  cmain.o [5]
_exit                   0x0800265d          Code  Gb  cexit.o [5]
_main                   0x0800264f          Code  Gb  cmain.o [5]
aADCxConvertedData      0x20003d2c     0x8  Data  Lc  current_meas.o [1]
aADCxConvertedData_Voltage_mVolt
                        0x20003d34     0x8  Data  Lc  current_meas.o [1]
exit                    0x08002657     0x4  Code  Gb  exit.o [3]
main                    0x0800123b    0x58  Code  Gb  main.o [1]
prvAddCurrentTaskToDelayedList
                        0x0800095d    0x7e  Code  Lc  tasks.o [1]
prvAddNewTaskToReadyList
                        0x0800035d    0xc2  Code  Lc  tasks.o [1]
prvCheckTasksWaitingTermination
                        0x08000895    0x64  Code  Lc  tasks.o [1]
prvDeleteTCB            0x080008f9    0x12  Code  Lc  tasks.o [1]
prvHeapInit             0x08000bbd    0x66  Code  Lc  heap_4.o [1]
prvIdleTask             0x080007cd    0x2a  Code  Lc  tasks.o [1]
prvInitialiseNewTask    0x0800026d    0xf0  Code  Lc  tasks.o [1]
prvInitialiseTaskLists  0x0800083b    0x5a  Code  Lc  tasks.o [1]
prvInsertBlockIntoFreeList
                        0x08000c23    0x60  Code  Lc  heap_4.o [1]
prvResetNextTaskUnblockTime
                        0x0800090b    0x2a  Code  Lc  tasks.o [1]
prvTaskExitError        0x08000dc9    0x32  Code  Lc  port.o [1]
pvPortMalloc            0x08000a15   0x126  Code  Gb  heap_4.o [1]
pvTaskGetThreadLocalStoragePointer
                        0x08000815    0x26  Code  Gb  tasks.o [1]
pxCurrentTCB            0x20003d5c     0x4  Data  Gb  tasks.o [1]
pxDelayedTaskList       0x20003d60     0x4  Data  Lc  tasks.o [1]
pxEnd                   0x20003d48     0x4  Data  Lc  heap_4.o [1]
pxOverflowDelayedTaskList
                        0x20003d64     0x4  Data  Lc  tasks.o [1]
pxPortInitialiseStack   0x08000da1    0x28  Code  Gb  port.o [1]
pxReadyTasksLists       0x20003c0c    0x8c  Data  Lc  tasks.o [1]
tmp_index_adc_converted_data
                        0x20003d44     0x4  Data  Gb  current_meas.o [1]
ubDmaTransferStatus     0x20000008     0x1  Data  Lc  current_meas.o [1]
ucHeap                  0x2000000c  0x3c00  Data  Lc  heap_4.o [1]
ucMaxSysCallPriority    0x20003d99     0x1  Data  Lc  port.o [1]
ulMaxPRIGROUPValue      0x20003d58     0x4  Data  Lc  port.o [1]
uxCriticalNesting       0x20000000     0x4  Data  Lc  port.o [1]
uxCurrentNumberOfTasks  0x20003d6c     0x4  Data  Lc  tasks.o [1]
uxDeletedTasksWaitingCleanUp
                        0x20003d68     0x4  Data  Lc  tasks.o [1]
uxListRemove            0x08000d79    0x28  Code  Gb  list.o [1]
uxPendedTicks           0x20003d7c     0x4  Data  Lc  tasks.o [1]
uxSchedulerSuspended    0x20003d94     0x4  Data  Lc  tasks.o [1]
uxTaskNumber            0x20003d88     0x4  Data  Lc  tasks.o [1]
uxTopReadyPriority      0x20003d74     0x4  Data  Lc  tasks.o [1]
vApplicationIdleHook    0x080012dd     0xa  Code  Gb  main.o [1]
vListInitialise         0x08000d07    0x1e  Code  Gb  list.o [1]
vListInitialiseItem     0x08000d25     0x6  Code  Gb  list.o [1]
vListInsert             0x08000d43    0x36  Code  Gb  list.o [1]
vListInsertEnd          0x08000d2b    0x18  Code  Gb  list.o [1]
vPortEnableVFP          0x0800147d          Code  Gb  portasm.o [1]
vPortEnterCritical      0x08000e91    0x42  Code  Gb  port.o [1]
vPortExitCritical       0x08000ed3    0x36  Code  Gb  port.o [1]
vPortFree               0x08000b3b    0x82  Code  Gb  heap_4.o [1]
vPortStartFirstTask     0x08001465          Code  Gb  portasm.o [1]
vTaskDelay              0x0800041f    0x52  Code  Gb  tasks.o [1]
vTaskSetThreadLocalStoragePointer
                        0x080007f7    0x1e  Code  Gb  tasks.o [1]
vTaskStartScheduler     0x08000471    0x70  Code  Gb  tasks.o [1]
vTaskSuspendAll         0x080004e1    0x10  Code  Gb  tasks.o [1]
vTaskSwitchContext      0x08000727    0x7c  Code  Gb  tasks.o [1]
xBlockAllocatedBit      0x20003d54     0x4  Data  Lc  heap_4.o [1]
xDelayedTaskList1       0x20003c98    0x14  Data  Lc  tasks.o [1]
xDelayedTaskList2       0x20003cac    0x14  Data  Lc  tasks.o [1]
xFreeBytesRemaining     0x20003d4c     0x4  Data  Lc  heap_4.o [1]
xHeapStructSize         0x080026e4     0x4  Data  Lc  heap_4.o [1]
xIdleTaskHandle         0x20003d90     0x4  Data  Lc  tasks.o [1]
xMinimumEverFreeBytesRemaining
                        0x20003d50     0x4  Data  Lc  heap_4.o [1]
xNextTaskUnblockTime    0x20003d8c     0x4  Data  Lc  tasks.o [1]
xNumOfOverflows         0x20003d84     0x4  Data  Lc  tasks.o [1]
xPendingReadyList       0x20003cc0    0x14  Data  Lc  tasks.o [1]
xPortStartScheduler     0x08000dfb    0x96  Code  Gb  port.o [1]
xPortSysTickHandler     0x08000f09    0x2c  Code  Gb  port.o [1]
xSchedulerRunning       0x20003d78     0x4  Data  Lc  tasks.o [1]
xStart                  0x20003d3c     0x8  Data  Lc  heap_4.o [1]
xSuspendedTaskList      0x20003ce8    0x14  Data  Lc  tasks.o [1]
xTaskCreate             0x080001f9    0x74  Code  Gb  tasks.o [1]
xTaskGetCurrentTaskHandle
                        0x08000935     0x8  Code  Gb  tasks.o [1]
xTaskIncrementTick      0x080005f5   0x132  Code  Gb  tasks.o [1]
xTaskResumeAll          0x080004f1   0x104  Code  Gb  tasks.o [1]
xTasksWaitingTermination
                        0x20003cd4    0x14  Data  Lc  tasks.o [1]
xTickCount              0x20003d70     0x4  Data  Lc  tasks.o [1]
xYieldPending           0x20003d80     0x4  Data  Lc  tasks.o [1]


[1] = C:\Users\Goragod\Desktop\Workspace\STM32F7\Project\STM32F767VI-CAESAR\EWARM\Debug\Obj
[2] = command line
[3] = dl7M_tln.a
[4] = m7M_tlv.a
[5] = rt7M_tl.a
[6] = shb_l.a

   8 312 bytes of readonly  code memory
   2 072 bytes of readonly  data memory
  16 791 bytes of readwrite data memory

Errors: none
Warnings: none
